
===========================================================================
 report_power
============================================================================
======================= nom_ss_100C_1v60 Corner ===================================

Group                    Internal    Switching      Leakage        Total
                            Power        Power        Power        Power (Watts)
------------------------------------------------------------------------
Sequential           9.504077e-03 1.691593e-03 4.325490e-05 1.123893e-02  11.5%
Combinational        4.241194e-02 4.411584e-02 1.372021e-04 8.666498e-02  88.5%
Clock                0.000000e+00 0.000000e+00 0.000000e+00 0.000000e+00   0.0%
Macro                0.000000e+00 0.000000e+00 0.000000e+00 0.000000e+00   0.0%
Pad                  0.000000e+00 0.000000e+00 0.000000e+00 0.000000e+00   0.0%
------------------------------------------------------------------------
Total                5.191636e-02 4.580740e-02 1.804565e-04 9.790421e-02 100.0%
                            53.0%        46.8%         0.2%

