
===========================================================================
 report_power
============================================================================
======================= nom_ff_n40C_1v95 Corner ===================================

Group                    Internal    Switching      Leakage        Total
                            Power        Power        Power        Power (Watts)
------------------------------------------------------------------------
Sequential           1.370835e-05 3.874504e-06 3.679496e-11 1.758290e-05  84.4%
Combinational        2.165416e-06 1.095004e-06 7.801913e-11 3.260499e-06  15.6%
Clock                0.000000e+00 0.000000e+00 0.000000e+00 0.000000e+00   0.0%
Macro                0.000000e+00 0.000000e+00 0.000000e+00 0.000000e+00   0.0%
Pad                  0.000000e+00 0.000000e+00 0.000000e+00 0.000000e+00   0.0%
------------------------------------------------------------------------
Total                1.587377e-05 4.969509e-06 1.148141e-10 2.084339e-05 100.0%
                            76.2%        23.8%         0.0%

