
27. Executing PROC_DLATCH pass (convert process syncs to latches).
No latch inferred for signal `\riscv_cpu_core.\wstrb_comb' from process `\riscv_cpu_core.$proc$/home/ngoduc202/Documents/Design_SoC_RISCV_ASCON/cpu/PnR/rtl/riscv_cpu_core_v3.mod.v:288$41'.
No latch inferred for signal `\reg_file.$mem2reg_rd$\registers$/home/ngoduc202/Documents/Design_SoC_RISCV_ASCON/cpu/PnR/rtl/reg_file.v:55$409_DATA' from process `\reg_file.$proc$/home/ngoduc202/Documents/Design_SoC_RISCV_ASCON/cpu/PnR/rtl/reg_file.v:0$436'.
No latch inferred for signal `\reg_file.$mem2reg_rd$\registers$/home/ngoduc202/Documents/Design_SoC_RISCV_ASCON/cpu/PnR/rtl/reg_file.v:51$408_DATA' from process `\reg_file.$proc$/home/ngoduc202/Documents/Design_SoC_RISCV_ASCON/cpu/PnR/rtl/reg_file.v:0$433'.
No latch inferred for signal `\imm_gen.\imm' from process `\imm_gen.$proc$/home/ngoduc202/Documents/Design_SoC_RISCV_ASCON/cpu/PnR/rtl/imm_gen.v:25$406'.
No latch inferred for signal `\forwarding_unit.\forward_a' from process `\forwarding_unit.$proc$/home/ngoduc202/Documents/Design_SoC_RISCV_ASCON/cpu/PnR/rtl/forwarding_unit.v:24$389'.
No latch inferred for signal `\forwarding_unit.\forward_b' from process `\forwarding_unit.$proc$/home/ngoduc202/Documents/Design_SoC_RISCV_ASCON/cpu/PnR/rtl/forwarding_unit.v:24$389'.
No latch inferred for signal `\alu.\alu_result' from process `\alu.$proc$/home/ngoduc202/Documents/Design_SoC_RISCV_ASCON/cpu/PnR/rtl/alu.v:61$373'.
No latch inferred for signal `\branch_logic.\taken' from process `\branch_logic.$proc$/home/ngoduc202/Documents/Design_SoC_RISCV_ASCON/cpu/PnR/rtl/branch_logic.v:71$367'.
No latch inferred for signal `\LSU.\dcache_addr' from process `\LSU.$proc$/home/ngoduc202/Documents/Design_SoC_RISCV_ASCON/cpu/PnR/rtl/LSU.v:358$344'.
No latch inferred for signal `\LSU.\dcache_wdata' from process `\LSU.$proc$/home/ngoduc202/Documents/Design_SoC_RISCV_ASCON/cpu/PnR/rtl/LSU.v:358$344'.
No latch inferred for signal `\LSU.\dcache_wstrb' from process `\LSU.$proc$/home/ngoduc202/Documents/Design_SoC_RISCV_ASCON/cpu/PnR/rtl/LSU.v:358$344'.
No latch inferred for signal `\LSU.\dcache_req' from process `\LSU.$proc$/home/ngoduc202/Documents/Design_SoC_RISCV_ASCON/cpu/PnR/rtl/LSU.v:358$344'.
No latch inferred for signal `\LSU.\dcache_we' from process `\LSU.$proc$/home/ngoduc202/Documents/Design_SoC_RISCV_ASCON/cpu/PnR/rtl/LSU.v:358$344'.
No latch inferred for signal `\LSU.$mem2reg_rd$\sb_addr$/home/ngoduc202/Documents/Design_SoC_RISCV_ASCON/cpu/PnR/rtl/LSU.v:374$103_ADDR' from process `\LSU.$proc$/home/ngoduc202/Documents/Design_SoC_RISCV_ASCON/cpu/PnR/rtl/LSU.v:358$344'.
No latch inferred for signal `\LSU.$mem2reg_rd$\sb_addr$/home/ngoduc202/Documents/Design_SoC_RISCV_ASCON/cpu/PnR/rtl/LSU.v:374$103_DATA' from process `\LSU.$proc$/home/ngoduc202/Documents/Design_SoC_RISCV_ASCON/cpu/PnR/rtl/LSU.v:358$344'.
No latch inferred for signal `\LSU.$mem2reg_rd$\sb_wdata$/home/ngoduc202/Documents/Design_SoC_RISCV_ASCON/cpu/PnR/rtl/LSU.v:375$104_ADDR' from process `\LSU.$proc$/home/ngoduc202/Documents/Design_SoC_RISCV_ASCON/cpu/PnR/rtl/LSU.v:358$344'.
No latch inferred for signal `\LSU.$mem2reg_rd$\sb_wdata$/home/ngoduc202/Documents/Design_SoC_RISCV_ASCON/cpu/PnR/rtl/LSU.v:375$104_DATA' from process `\LSU.$proc$/home/ngoduc202/Documents/Design_SoC_RISCV_ASCON/cpu/PnR/rtl/LSU.v:358$344'.
No latch inferred for signal `\LSU.$mem2reg_rd$\sb_wstrb$/home/ngoduc202/Documents/Design_SoC_RISCV_ASCON/cpu/PnR/rtl/LSU.v:376$105_ADDR' from process `\LSU.$proc$/home/ngoduc202/Documents/Design_SoC_RISCV_ASCON/cpu/PnR/rtl/LSU.v:358$344'.
No latch inferred for signal `\LSU.$mem2reg_rd$\sb_wstrb$/home/ngoduc202/Documents/Design_SoC_RISCV_ASCON/cpu/PnR/rtl/LSU.v:376$105_DATA' from process `\LSU.$proc$/home/ngoduc202/Documents/Design_SoC_RISCV_ASCON/cpu/PnR/rtl/LSU.v:358$344'.
No latch inferred for signal `\LSU.\fwd_hit_r' from process `\LSU.$proc$/home/ngoduc202/Documents/Design_SoC_RISCV_ASCON/cpu/PnR/rtl/LSU.v:109$113'.
No latch inferred for signal `\LSU.\fwd_data_r' from process `\LSU.$proc$/home/ngoduc202/Documents/Design_SoC_RISCV_ASCON/cpu/PnR/rtl/LSU.v:109$113'.
No latch inferred for signal `\LSU.\fi' from process `\LSU.$proc$/home/ngoduc202/Documents/Design_SoC_RISCV_ASCON/cpu/PnR/rtl/LSU.v:109$113'.
No latch inferred for signal `\control.\alu_control' from process `\control.$proc$/home/ngoduc202/Documents/Design_SoC_RISCV_ASCON/cpu/PnR/rtl/control.v:109$439'.
No latch inferred for signal `\control.\regwrite' from process `\control.$proc$/home/ngoduc202/Documents/Design_SoC_RISCV_ASCON/cpu/PnR/rtl/control.v:109$439'.
No latch inferred for signal `\control.\alusrc' from process `\control.$proc$/home/ngoduc202/Documents/Design_SoC_RISCV_ASCON/cpu/PnR/rtl/control.v:109$439'.
No latch inferred for signal `\control.\memread' from process `\control.$proc$/home/ngoduc202/Documents/Design_SoC_RISCV_ASCON/cpu/PnR/rtl/control.v:109$439'.
No latch inferred for signal `\control.\memwrite' from process `\control.$proc$/home/ngoduc202/Documents/Design_SoC_RISCV_ASCON/cpu/PnR/rtl/control.v:109$439'.
No latch inferred for signal `\control.\memtoreg' from process `\control.$proc$/home/ngoduc202/Documents/Design_SoC_RISCV_ASCON/cpu/PnR/rtl/control.v:109$439'.
No latch inferred for signal `\control.\branch' from process `\control.$proc$/home/ngoduc202/Documents/Design_SoC_RISCV_ASCON/cpu/PnR/rtl/control.v:109$439'.
No latch inferred for signal `\control.\jump' from process `\control.$proc$/home/ngoduc202/Documents/Design_SoC_RISCV_ASCON/cpu/PnR/rtl/control.v:109$439'.
No latch inferred for signal `\control.\aluop' from process `\control.$proc$/home/ngoduc202/Documents/Design_SoC_RISCV_ASCON/cpu/PnR/rtl/control.v:109$439'.
No latch inferred for signal `\control.\byte_size' from process `\control.$proc$/home/ngoduc202/Documents/Design_SoC_RISCV_ASCON/cpu/PnR/rtl/control.v:109$439'.
