154. Printing statistics.

=== riscv_cpu_core ===

   Number of wires:              22190
   Number of wire bits:          25081
   Number of public wires:         174
   Number of public wire bits:    2861
   Number of ports:                 16
   Number of port bits:            174
   Number of memories:               0
   Number of memory bits:            0
   Number of processes:              0
   Number of cells:              24966
     $_ANDNOT_                    7051
     $_AND_                        263
     $_MUX_                       3914
     $_NAND_                       287
     $_NOR_                        719
     $_NOT_                       2342
     $_ORNOT_                      707
     $_OR_                        4156
     $_XNOR_                       706
     $_XOR_                       2337
     sky130_fd_sc_hd__dfrtp_2     1641
     sky130_fd_sc_hd__dfstp_2        7
     sky130_fd_sc_hd__dfxtp_2      836

   Area for cell type $_NOT_ is unknown!
   Area for cell type $_AND_ is unknown!
   Area for cell type $_NAND_ is unknown!
   Area for cell type $_OR_ is unknown!
   Area for cell type $_NOR_ is unknown!
   Area for cell type $_XOR_ is unknown!
   Area for cell type $_XNOR_ is unknown!
   Area for cell type $_ANDNOT_ is unknown!
   Area for cell type $_ORNOT_ is unknown!
   Area for cell type $_MUX_ is unknown!

   Chip area for module '\riscv_cpu_core': 61083.584000
     of which used for sequential elements: 61083.584000 (100.00%)

