
===========================================================================
 report_power
============================================================================
======================= nom_ss_100C_1v60 Corner ===================================

Group                    Internal    Switching      Leakage        Total
                            Power        Power        Power        Power (Watts)
------------------------------------------------------------------------
Sequential           9.395611e-03 3.459960e-03 3.434594e-05 1.288992e-02  22.7%
Combinational        2.467591e-02 1.918652e-02 4.617318e-05 4.390860e-02  77.3%
Clock                0.000000e+00 0.000000e+00 0.000000e+00 0.000000e+00   0.0%
Macro                0.000000e+00 0.000000e+00 0.000000e+00 0.000000e+00   0.0%
Pad                  0.000000e+00 0.000000e+00 0.000000e+00 0.000000e+00   0.0%
------------------------------------------------------------------------
Total                3.407127e-02 2.264615e-02 8.051997e-05 5.679794e-02 100.0%
                            60.0%        39.9%         0.1%

