
===========================================================================
 report_power
============================================================================
======================= nom_ff_n40C_1v95 Corner ===================================

Group                    Internal    Switching      Leakage        Total
                            Power        Power        Power        Power (Watts)
------------------------------------------------------------------------
Sequential           9.019200e-04 1.321281e-04 3.133344e-09 1.034051e-03  21.4%
Combinational        1.397712e-03 2.402998e-03 5.072642e-08 3.800760e-03  78.6%
Clock                0.000000e+00 0.000000e+00 0.000000e+00 0.000000e+00   0.0%
Macro                0.000000e+00 0.000000e+00 0.000000e+00 0.000000e+00   0.0%
Pad                  0.000000e+00 0.000000e+00 0.000000e+00 0.000000e+00   0.0%
------------------------------------------------------------------------
Total                2.299635e-03 2.535125e-03 5.385984e-08 4.834814e-03 100.0%
                            47.6%        52.4%         0.0%

