
===========================================================================
 report_power
============================================================================
======================= nom_ff_n40C_1v95 Corner ===================================

Group                    Internal    Switching      Leakage        Total
                            Power        Power        Power        Power (Watts)
------------------------------------------------------------------------
Sequential           1.826959e-05 9.968995e-06 5.056898e-10 2.823910e-05  49.7%
Combinational        1.828260e-05 1.029105e-05 6.196318e-10 2.857427e-05  50.3%
Clock                0.000000e+00 0.000000e+00 0.000000e+00 0.000000e+00   0.0%
Macro                0.000000e+00 0.000000e+00 0.000000e+00 0.000000e+00   0.0%
Pad                  0.000000e+00 0.000000e+00 0.000000e+00 0.000000e+00   0.0%
------------------------------------------------------------------------
Total                3.655219e-05 2.026004e-05 1.125322e-09 5.681336e-05 100.0%
                            64.3%        35.7%         0.0%

