
26. Executing PROC_DLATCH pass (convert process syncs to latches).
No latch inferred for signal `\LINEAR_DIFFUSION.\ROR$func$/home/chithang/pdop2/ascon_core/src/ascon_LINEAR_DIFFUSION.v:42$558.$result' from process `\LINEAR_DIFFUSION.$proc$/home/chithang/pdop2/ascon_core/src/ascon_LINEAR_DIFFUSION.v:0$642'.
No latch inferred for signal `\LINEAR_DIFFUSION.\ROR$func$/home/chithang/pdop2/ascon_core/src/ascon_LINEAR_DIFFUSION.v:42$568.$result' from process `\LINEAR_DIFFUSION.$proc$/home/chithang/pdop2/ascon_core/src/ascon_LINEAR_DIFFUSION.v:0$642'.
No latch inferred for signal `\LINEAR_DIFFUSION.\ROR$func$/home/chithang/pdop2/ascon_core/src/ascon_LINEAR_DIFFUSION.v:42$568.value' from process `\LINEAR_DIFFUSION.$proc$/home/chithang/pdop2/ascon_core/src/ascon_LINEAR_DIFFUSION.v:0$642'.
No latch inferred for signal `\LINEAR_DIFFUSION.\ROR$func$/home/chithang/pdop2/ascon_core/src/ascon_LINEAR_DIFFUSION.v:42$557.$result' from process `\LINEAR_DIFFUSION.$proc$/home/chithang/pdop2/ascon_core/src/ascon_LINEAR_DIFFUSION.v:0$635'.
No latch inferred for signal `\LINEAR_DIFFUSION.\ROR$func$/home/chithang/pdop2/ascon_core/src/ascon_LINEAR_DIFFUSION.v:42$567.$result' from process `\LINEAR_DIFFUSION.$proc$/home/chithang/pdop2/ascon_core/src/ascon_LINEAR_DIFFUSION.v:0$635'.
No latch inferred for signal `\LINEAR_DIFFUSION.\ROR$func$/home/chithang/pdop2/ascon_core/src/ascon_LINEAR_DIFFUSION.v:42$567.value' from process `\LINEAR_DIFFUSION.$proc$/home/chithang/pdop2/ascon_core/src/ascon_LINEAR_DIFFUSION.v:0$635'.
No latch inferred for signal `\LINEAR_DIFFUSION.\ROR$func$/home/chithang/pdop2/ascon_core/src/ascon_LINEAR_DIFFUSION.v:39$556.$result' from process `\LINEAR_DIFFUSION.$proc$/home/chithang/pdop2/ascon_core/src/ascon_LINEAR_DIFFUSION.v:0$628'.
No latch inferred for signal `\LINEAR_DIFFUSION.\ROR$func$/home/chithang/pdop2/ascon_core/src/ascon_LINEAR_DIFFUSION.v:39$566.$result' from process `\LINEAR_DIFFUSION.$proc$/home/chithang/pdop2/ascon_core/src/ascon_LINEAR_DIFFUSION.v:0$628'.
No latch inferred for signal `\LINEAR_DIFFUSION.\ROR$func$/home/chithang/pdop2/ascon_core/src/ascon_LINEAR_DIFFUSION.v:39$566.value' from process `\LINEAR_DIFFUSION.$proc$/home/chithang/pdop2/ascon_core/src/ascon_LINEAR_DIFFUSION.v:0$628'.
No latch inferred for signal `\LINEAR_DIFFUSION.\ROR$func$/home/chithang/pdop2/ascon_core/src/ascon_LINEAR_DIFFUSION.v:39$555.$result' from process `\LINEAR_DIFFUSION.$proc$/home/chithang/pdop2/ascon_core/src/ascon_LINEAR_DIFFUSION.v:0$621'.
No latch inferred for signal `\LINEAR_DIFFUSION.\ROR$func$/home/chithang/pdop2/ascon_core/src/ascon_LINEAR_DIFFUSION.v:39$565.$result' from process `\LINEAR_DIFFUSION.$proc$/home/chithang/pdop2/ascon_core/src/ascon_LINEAR_DIFFUSION.v:0$621'.
No latch inferred for signal `\LINEAR_DIFFUSION.\ROR$func$/home/chithang/pdop2/ascon_core/src/ascon_LINEAR_DIFFUSION.v:39$565.value' from process `\LINEAR_DIFFUSION.$proc$/home/chithang/pdop2/ascon_core/src/ascon_LINEAR_DIFFUSION.v:0$621'.
No latch inferred for signal `\LINEAR_DIFFUSION.\ROR$func$/home/chithang/pdop2/ascon_core/src/ascon_LINEAR_DIFFUSION.v:36$554.$result' from process `\LINEAR_DIFFUSION.$proc$/home/chithang/pdop2/ascon_core/src/ascon_LINEAR_DIFFUSION.v:0$614'.
No latch inferred for signal `\LINEAR_DIFFUSION.\ROR$func$/home/chithang/pdop2/ascon_core/src/ascon_LINEAR_DIFFUSION.v:36$564.$result' from process `\LINEAR_DIFFUSION.$proc$/home/chithang/pdop2/ascon_core/src/ascon_LINEAR_DIFFUSION.v:0$614'.
No latch inferred for signal `\LINEAR_DIFFUSION.\ROR$func$/home/chithang/pdop2/ascon_core/src/ascon_LINEAR_DIFFUSION.v:36$564.value' from process `\LINEAR_DIFFUSION.$proc$/home/chithang/pdop2/ascon_core/src/ascon_LINEAR_DIFFUSION.v:0$614'.
No latch inferred for signal `\LINEAR_DIFFUSION.\ROR$func$/home/chithang/pdop2/ascon_core/src/ascon_LINEAR_DIFFUSION.v:36$553.$result' from process `\LINEAR_DIFFUSION.$proc$/home/chithang/pdop2/ascon_core/src/ascon_LINEAR_DIFFUSION.v:0$607'.
No latch inferred for signal `\LINEAR_DIFFUSION.\ROR$func$/home/chithang/pdop2/ascon_core/src/ascon_LINEAR_DIFFUSION.v:36$563.$result' from process `\LINEAR_DIFFUSION.$proc$/home/chithang/pdop2/ascon_core/src/ascon_LINEAR_DIFFUSION.v:0$607'.
No latch inferred for signal `\LINEAR_DIFFUSION.\ROR$func$/home/chithang/pdop2/ascon_core/src/ascon_LINEAR_DIFFUSION.v:36$563.value' from process `\LINEAR_DIFFUSION.$proc$/home/chithang/pdop2/ascon_core/src/ascon_LINEAR_DIFFUSION.v:0$607'.
No latch inferred for signal `\LINEAR_DIFFUSION.\ROR$func$/home/chithang/pdop2/ascon_core/src/ascon_LINEAR_DIFFUSION.v:33$552.$result' from process `\LINEAR_DIFFUSION.$proc$/home/chithang/pdop2/ascon_core/src/ascon_LINEAR_DIFFUSION.v:0$600'.
No latch inferred for signal `\LINEAR_DIFFUSION.\ROR$func$/home/chithang/pdop2/ascon_core/src/ascon_LINEAR_DIFFUSION.v:33$562.$result' from process `\LINEAR_DIFFUSION.$proc$/home/chithang/pdop2/ascon_core/src/ascon_LINEAR_DIFFUSION.v:0$600'.
No latch inferred for signal `\LINEAR_DIFFUSION.\ROR$func$/home/chithang/pdop2/ascon_core/src/ascon_LINEAR_DIFFUSION.v:33$562.value' from process `\LINEAR_DIFFUSION.$proc$/home/chithang/pdop2/ascon_core/src/ascon_LINEAR_DIFFUSION.v:0$600'.
No latch inferred for signal `\LINEAR_DIFFUSION.\ROR$func$/home/chithang/pdop2/ascon_core/src/ascon_LINEAR_DIFFUSION.v:33$551.$result' from process `\LINEAR_DIFFUSION.$proc$/home/chithang/pdop2/ascon_core/src/ascon_LINEAR_DIFFUSION.v:0$593'.
No latch inferred for signal `\LINEAR_DIFFUSION.\ROR$func$/home/chithang/pdop2/ascon_core/src/ascon_LINEAR_DIFFUSION.v:33$561.$result' from process `\LINEAR_DIFFUSION.$proc$/home/chithang/pdop2/ascon_core/src/ascon_LINEAR_DIFFUSION.v:0$593'.
No latch inferred for signal `\LINEAR_DIFFUSION.\ROR$func$/home/chithang/pdop2/ascon_core/src/ascon_LINEAR_DIFFUSION.v:33$561.value' from process `\LINEAR_DIFFUSION.$proc$/home/chithang/pdop2/ascon_core/src/ascon_LINEAR_DIFFUSION.v:0$593'.
No latch inferred for signal `\LINEAR_DIFFUSION.\ROR$func$/home/chithang/pdop2/ascon_core/src/ascon_LINEAR_DIFFUSION.v:30$550.$result' from process `\LINEAR_DIFFUSION.$proc$/home/chithang/pdop2/ascon_core/src/ascon_LINEAR_DIFFUSION.v:0$586'.
No latch inferred for signal `\LINEAR_DIFFUSION.\ROR$func$/home/chithang/pdop2/ascon_core/src/ascon_LINEAR_DIFFUSION.v:30$560.$result' from process `\LINEAR_DIFFUSION.$proc$/home/chithang/pdop2/ascon_core/src/ascon_LINEAR_DIFFUSION.v:0$586'.
No latch inferred for signal `\LINEAR_DIFFUSION.\ROR$func$/home/chithang/pdop2/ascon_core/src/ascon_LINEAR_DIFFUSION.v:30$560.value' from process `\LINEAR_DIFFUSION.$proc$/home/chithang/pdop2/ascon_core/src/ascon_LINEAR_DIFFUSION.v:0$586'.
No latch inferred for signal `\LINEAR_DIFFUSION.\ROR$func$/home/chithang/pdop2/ascon_core/src/ascon_LINEAR_DIFFUSION.v:30$549.$result' from process `\LINEAR_DIFFUSION.$proc$/home/chithang/pdop2/ascon_core/src/ascon_LINEAR_DIFFUSION.v:0$579'.
No latch inferred for signal `\LINEAR_DIFFUSION.\ROR$func$/home/chithang/pdop2/ascon_core/src/ascon_LINEAR_DIFFUSION.v:30$559.$result' from process `\LINEAR_DIFFUSION.$proc$/home/chithang/pdop2/ascon_core/src/ascon_LINEAR_DIFFUSION.v:0$579'.
No latch inferred for signal `\LINEAR_DIFFUSION.\ROR$func$/home/chithang/pdop2/ascon_core/src/ascon_LINEAR_DIFFUSION.v:30$559.value' from process `\LINEAR_DIFFUSION.$proc$/home/chithang/pdop2/ascon_core/src/ascon_LINEAR_DIFFUSION.v:0$579'.
No latch inferred for signal `$paramod\ascon_DATAPATH\G_DUAL_RATE=s32'00000000000000000000000000000001.\bswap64$func$/home/chithang/pdop2/ascon_core/src/ascon_datapath.v:160$98.$result' from process `$paramod\ascon_DATAPATH\G_DUAL_RATE=s32'00000000000000000000000000000001.$proc$/home/chithang/pdop2/ascon_core/src/ascon_datapath.v:0$393'.
No latch inferred for signal `$paramod\ascon_DATAPATH\G_DUAL_RATE=s32'00000000000000000000000000000001.\bswap64$func$/home/chithang/pdop2/ascon_core/src/ascon_datapath.v:160$115.$result' from process `$paramod\ascon_DATAPATH\G_DUAL_RATE=s32'00000000000000000000000000000001.$proc$/home/chithang/pdop2/ascon_core/src/ascon_datapath.v:0$393'.
No latch inferred for signal `$paramod\ascon_DATAPATH\G_DUAL_RATE=s32'00000000000000000000000000000001.\bswap64$func$/home/chithang/pdop2/ascon_core/src/ascon_datapath.v:160$115.x' from process `$paramod\ascon_DATAPATH\G_DUAL_RATE=s32'00000000000000000000000000000001.$proc$/home/chithang/pdop2/ascon_core/src/ascon_datapath.v:0$393'.
No latch inferred for signal `$paramod\ascon_DATAPATH\G_DUAL_RATE=s32'00000000000000000000000000000001.\bswap64$func$/home/chithang/pdop2/ascon_core/src/ascon_datapath.v:159$97.$result' from process `$paramod\ascon_DATAPATH\G_DUAL_RATE=s32'00000000000000000000000000000001.$proc$/home/chithang/pdop2/ascon_core/src/ascon_datapath.v:0$389'.
No latch inferred for signal `$paramod\ascon_DATAPATH\G_DUAL_RATE=s32'00000000000000000000000000000001.\bswap64$func$/home/chithang/pdop2/ascon_core/src/ascon_datapath.v:159$114.$result' from process `$paramod\ascon_DATAPATH\G_DUAL_RATE=s32'00000000000000000000000000000001.$proc$/home/chithang/pdop2/ascon_core/src/ascon_datapath.v:0$389'.
No latch inferred for signal `$paramod\ascon_DATAPATH\G_DUAL_RATE=s32'00000000000000000000000000000001.\bswap64$func$/home/chithang/pdop2/ascon_core/src/ascon_datapath.v:159$114.x' from process `$paramod\ascon_DATAPATH\G_DUAL_RATE=s32'00000000000000000000000000000001.$proc$/home/chithang/pdop2/ascon_core/src/ascon_datapath.v:0$389'.
No latch inferred for signal `$paramod\ascon_DATAPATH\G_DUAL_RATE=s32'00000000000000000000000000000001.\bswap64$func$/home/chithang/pdop2/ascon_core/src/ascon_datapath.v:158$96.$result' from process `$paramod\ascon_DATAPATH\G_DUAL_RATE=s32'00000000000000000000000000000001.$proc$/home/chithang/pdop2/ascon_core/src/ascon_datapath.v:0$385'.
No latch inferred for signal `$paramod\ascon_DATAPATH\G_DUAL_RATE=s32'00000000000000000000000000000001.\bswap64$func$/home/chithang/pdop2/ascon_core/src/ascon_datapath.v:158$113.$result' from process `$paramod\ascon_DATAPATH\G_DUAL_RATE=s32'00000000000000000000000000000001.$proc$/home/chithang/pdop2/ascon_core/src/ascon_datapath.v:0$385'.
No latch inferred for signal `$paramod\ascon_DATAPATH\G_DUAL_RATE=s32'00000000000000000000000000000001.\bswap64$func$/home/chithang/pdop2/ascon_core/src/ascon_datapath.v:158$113.x' from process `$paramod\ascon_DATAPATH\G_DUAL_RATE=s32'00000000000000000000000000000001.$proc$/home/chithang/pdop2/ascon_core/src/ascon_datapath.v:0$385'.
No latch inferred for signal `$paramod\ascon_DATAPATH\G_DUAL_RATE=s32'00000000000000000000000000000001.\bswap64$func$/home/chithang/pdop2/ascon_core/src/ascon_datapath.v:157$95.$result' from process `$paramod\ascon_DATAPATH\G_DUAL_RATE=s32'00000000000000000000000000000001.$proc$/home/chithang/pdop2/ascon_core/src/ascon_datapath.v:0$381'.
No latch inferred for signal `$paramod\ascon_DATAPATH\G_DUAL_RATE=s32'00000000000000000000000000000001.\bswap64$func$/home/chithang/pdop2/ascon_core/src/ascon_datapath.v:157$112.$result' from process `$paramod\ascon_DATAPATH\G_DUAL_RATE=s32'00000000000000000000000000000001.$proc$/home/chithang/pdop2/ascon_core/src/ascon_datapath.v:0$381'.
No latch inferred for signal `$paramod\ascon_DATAPATH\G_DUAL_RATE=s32'00000000000000000000000000000001.\bswap64$func$/home/chithang/pdop2/ascon_core/src/ascon_datapath.v:157$112.x' from process `$paramod\ascon_DATAPATH\G_DUAL_RATE=s32'00000000000000000000000000000001.$proc$/home/chithang/pdop2/ascon_core/src/ascon_datapath.v:0$381'.
No latch inferred for signal `$paramod\ascon_DATAPATH\G_DUAL_RATE=s32'00000000000000000000000000000001.\build_dec_padx$func$/home/chithang/pdop2/ascon_core/src/ascon_datapath.v:156$94.$result' from process `$paramod\ascon_DATAPATH\G_DUAL_RATE=s32'00000000000000000000000000000001.$proc$/home/chithang/pdop2/ascon_core/src/ascon_datapath.v:0$361'.
No latch inferred for signal `$paramod\ascon_DATAPATH\G_DUAL_RATE=s32'00000000000000000000000000000001.\build_dec_padx$func$/home/chithang/pdop2/ascon_core/src/ascon_datapath.v:156$110.$result' from process `$paramod\ascon_DATAPATH\G_DUAL_RATE=s32'00000000000000000000000000000001.$proc$/home/chithang/pdop2/ascon_core/src/ascon_datapath.v:0$361'.
No latch inferred for signal `$paramod\ascon_DATAPATH\G_DUAL_RATE=s32'00000000000000000000000000000001.\build_dec_padx$func$/home/chithang/pdop2/ascon_core/src/ascon_datapath.v:156$110.len' from process `$paramod\ascon_DATAPATH\G_DUAL_RATE=s32'00000000000000000000000000000001.$proc$/home/chithang/pdop2/ascon_core/src/ascon_datapath.v:0$361'.
No latch inferred for signal `$paramod\ascon_DATAPATH\G_DUAL_RATE=s32'00000000000000000000000000000001.\build_dec_padx$func$/home/chithang/pdop2/ascon_core/src/ascon_datapath.v:156$110.p' from process `$paramod\ascon_DATAPATH\G_DUAL_RATE=s32'00000000000000000000000000000001.$proc$/home/chithang/pdop2/ascon_core/src/ascon_datapath.v:0$361'.
No latch inferred for signal `$paramod\ascon_DATAPATH\G_DUAL_RATE=s32'00000000000000000000000000000001.$bitselwrite$pos$/home/chithang/pdop2/ascon_core/src/ascon_datapath.v:128$111' from process `$paramod\ascon_DATAPATH\G_DUAL_RATE=s32'00000000000000000000000000000001.$proc$/home/chithang/pdop2/ascon_core/src/ascon_datapath.v:0$361'.
No latch inferred for signal `$paramod\ascon_DATAPATH\G_DUAL_RATE=s32'00000000000000000000000000000001.\build_dec_mask$func$/home/chithang/pdop2/ascon_core/src/ascon_datapath.v:155$93.$result' from process `$paramod\ascon_DATAPATH\G_DUAL_RATE=s32'00000000000000000000000000000001.$proc$/home/chithang/pdop2/ascon_core/src/ascon_datapath.v:0$323'.
No latch inferred for signal `$paramod\ascon_DATAPATH\G_DUAL_RATE=s32'00000000000000000000000000000001.\build_dec_mask$func$/home/chithang/pdop2/ascon_core/src/ascon_datapath.v:155$109.$result' from process `$paramod\ascon_DATAPATH\G_DUAL_RATE=s32'00000000000000000000000000000001.$proc$/home/chithang/pdop2/ascon_core/src/ascon_datapath.v:0$323'.
No latch inferred for signal `$paramod\ascon_DATAPATH\G_DUAL_RATE=s32'00000000000000000000000000000001.\build_dec_mask$func$/home/chithang/pdop2/ascon_core/src/ascon_datapath.v:155$109.len' from process `$paramod\ascon_DATAPATH\G_DUAL_RATE=s32'00000000000000000000000000000001.$proc$/home/chithang/pdop2/ascon_core/src/ascon_datapath.v:0$323'.
No latch inferred for signal `$paramod\ascon_DATAPATH\G_DUAL_RATE=s32'00000000000000000000000000000001.\build_dec_mask$func$/home/chithang/pdop2/ascon_core/src/ascon_datapath.v:155$109.i' from process `$paramod\ascon_DATAPATH\G_DUAL_RATE=s32'00000000000000000000000000000001.$proc$/home/chithang/pdop2/ascon_core/src/ascon_datapath.v:0$323'.
No latch inferred for signal `$paramod\ascon_DATAPATH\G_DUAL_RATE=s32'00000000000000000000000000000001.\build_dec_mask$func$/home/chithang/pdop2/ascon_core/src/ascon_datapath.v:155$109.m' from process `$paramod\ascon_DATAPATH\G_DUAL_RATE=s32'00000000000000000000000000000001.$proc$/home/chithang/pdop2/ascon_core/src/ascon_datapath.v:0$323'.
No latch inferred for signal `$paramod\ascon_DATAPATH\G_DUAL_RATE=s32'00000000000000000000000000000001.\bswap64$func$/home/chithang/pdop2/ascon_core/src/ascon_datapath.v:152$92.$result' from process `$paramod\ascon_DATAPATH\G_DUAL_RATE=s32'00000000000000000000000000000001.$proc$/home/chithang/pdop2/ascon_core/src/ascon_datapath.v:0$319'.
No latch inferred for signal `$paramod\ascon_DATAPATH\G_DUAL_RATE=s32'00000000000000000000000000000001.\bswap64$func$/home/chithang/pdop2/ascon_core/src/ascon_datapath.v:152$108.$result' from process `$paramod\ascon_DATAPATH\G_DUAL_RATE=s32'00000000000000000000000000000001.$proc$/home/chithang/pdop2/ascon_core/src/ascon_datapath.v:0$319'.
No latch inferred for signal `$paramod\ascon_DATAPATH\G_DUAL_RATE=s32'00000000000000000000000000000001.\bswap64$func$/home/chithang/pdop2/ascon_core/src/ascon_datapath.v:152$108.x' from process `$paramod\ascon_DATAPATH\G_DUAL_RATE=s32'00000000000000000000000000000001.$proc$/home/chithang/pdop2/ascon_core/src/ascon_datapath.v:0$319'.
No latch inferred for signal `$paramod\ascon_DATAPATH\G_DUAL_RATE=s32'00000000000000000000000000000001.\bswap64$func$/home/chithang/pdop2/ascon_core/src/ascon_datapath.v:151$91.$result' from process `$paramod\ascon_DATAPATH\G_DUAL_RATE=s32'00000000000000000000000000000001.$proc$/home/chithang/pdop2/ascon_core/src/ascon_datapath.v:0$315'.
No latch inferred for signal `$paramod\ascon_DATAPATH\G_DUAL_RATE=s32'00000000000000000000000000000001.\bswap64$func$/home/chithang/pdop2/ascon_core/src/ascon_datapath.v:151$107.$result' from process `$paramod\ascon_DATAPATH\G_DUAL_RATE=s32'00000000000000000000000000000001.$proc$/home/chithang/pdop2/ascon_core/src/ascon_datapath.v:0$315'.
No latch inferred for signal `$paramod\ascon_DATAPATH\G_DUAL_RATE=s32'00000000000000000000000000000001.\bswap64$func$/home/chithang/pdop2/ascon_core/src/ascon_datapath.v:151$107.x' from process `$paramod\ascon_DATAPATH\G_DUAL_RATE=s32'00000000000000000000000000000001.$proc$/home/chithang/pdop2/ascon_core/src/ascon_datapath.v:0$315'.
No latch inferred for signal `$paramod\ascon_DATAPATH\G_DUAL_RATE=s32'00000000000000000000000000000001.\bswap64$func$/home/chithang/pdop2/ascon_core/src/ascon_datapath.v:147$90.$result' from process `$paramod\ascon_DATAPATH\G_DUAL_RATE=s32'00000000000000000000000000000001.$proc$/home/chithang/pdop2/ascon_core/src/ascon_datapath.v:0$311'.
No latch inferred for signal `$paramod\ascon_DATAPATH\G_DUAL_RATE=s32'00000000000000000000000000000001.\bswap64$func$/home/chithang/pdop2/ascon_core/src/ascon_datapath.v:147$106.$result' from process `$paramod\ascon_DATAPATH\G_DUAL_RATE=s32'00000000000000000000000000000001.$proc$/home/chithang/pdop2/ascon_core/src/ascon_datapath.v:0$311'.
No latch inferred for signal `$paramod\ascon_DATAPATH\G_DUAL_RATE=s32'00000000000000000000000000000001.\bswap64$func$/home/chithang/pdop2/ascon_core/src/ascon_datapath.v:147$106.x' from process `$paramod\ascon_DATAPATH\G_DUAL_RATE=s32'00000000000000000000000000000001.$proc$/home/chithang/pdop2/ascon_core/src/ascon_datapath.v:0$311'.
No latch inferred for signal `$paramod\ascon_DATAPATH\G_DUAL_RATE=s32'00000000000000000000000000000001.\bswap64$func$/home/chithang/pdop2/ascon_core/src/ascon_datapath.v:146$89.$result' from process `$paramod\ascon_DATAPATH\G_DUAL_RATE=s32'00000000000000000000000000000001.$proc$/home/chithang/pdop2/ascon_core/src/ascon_datapath.v:0$307'.
No latch inferred for signal `$paramod\ascon_DATAPATH\G_DUAL_RATE=s32'00000000000000000000000000000001.\bswap64$func$/home/chithang/pdop2/ascon_core/src/ascon_datapath.v:146$105.$result' from process `$paramod\ascon_DATAPATH\G_DUAL_RATE=s32'00000000000000000000000000000001.$proc$/home/chithang/pdop2/ascon_core/src/ascon_datapath.v:0$307'.
No latch inferred for signal `$paramod\ascon_DATAPATH\G_DUAL_RATE=s32'00000000000000000000000000000001.\bswap64$func$/home/chithang/pdop2/ascon_core/src/ascon_datapath.v:146$105.x' from process `$paramod\ascon_DATAPATH\G_DUAL_RATE=s32'00000000000000000000000000000001.$proc$/home/chithang/pdop2/ascon_core/src/ascon_datapath.v:0$307'.
No latch inferred for signal `$paramod\ascon_DATAPATH\G_DUAL_RATE=s32'00000000000000000000000000000001.\state_xored' from process `$paramod\ascon_DATAPATH\G_DUAL_RATE=s32'00000000000000000000000000000001.$proc$/home/chithang/pdop2/ascon_core/src/ascon_datapath.v:179$237'.
No latch inferred for signal `$paramod\ascon_DATAPATH\G_DUAL_RATE=s32'00000000000000000000000000000001.\data_out_comb' from process `$paramod\ascon_DATAPATH\G_DUAL_RATE=s32'00000000000000000000000000000001.$proc$/home/chithang/pdop2/ascon_core/src/ascon_datapath.v:179$237'.
No latch inferred for signal `$paramod\ascon_DATAPATH\G_DUAL_RATE=s32'00000000000000000000000000000001.\data_out_valid_comb' from process `$paramod\ascon_DATAPATH\G_DUAL_RATE=s32'00000000000000000000000000000001.$proc$/home/chithang/pdop2/ascon_core/src/ascon_datapath.v:179$237'.
No latch inferred for signal `$paramod\ascon_DATAPATH\G_DUAL_RATE=s32'00000000000000000000000000000001.\state_temp' from process `$paramod\ascon_DATAPATH\G_DUAL_RATE=s32'00000000000000000000000000000001.$proc$/home/chithang/pdop2/ascon_core/src/ascon_datapath.v:179$237'.
No latch inferred for signal `$paramod\ascon_DATAPATH\G_DUAL_RATE=s32'00000000000000000000000000000001.\bswap64$func$/home/chithang/pdop2/ascon_core/src/ascon_datapath.v:215$99.$result' from process `$paramod\ascon_DATAPATH\G_DUAL_RATE=s32'00000000000000000000000000000001.$proc$/home/chithang/pdop2/ascon_core/src/ascon_datapath.v:179$237'.
No latch inferred for signal `$paramod\ascon_DATAPATH\G_DUAL_RATE=s32'00000000000000000000000000000001.\bswap64$func$/home/chithang/pdop2/ascon_core/src/ascon_datapath.v:215$99.x' from process `$paramod\ascon_DATAPATH\G_DUAL_RATE=s32'00000000000000000000000000000001.$proc$/home/chithang/pdop2/ascon_core/src/ascon_datapath.v:179$237'.
No latch inferred for signal `$paramod\ascon_DATAPATH\G_DUAL_RATE=s32'00000000000000000000000000000001.\bswap64$func$/home/chithang/pdop2/ascon_core/src/ascon_datapath.v:221$100.$result' from process `$paramod\ascon_DATAPATH\G_DUAL_RATE=s32'00000000000000000000000000000001.$proc$/home/chithang/pdop2/ascon_core/src/ascon_datapath.v:179$237'.
No latch inferred for signal `$paramod\ascon_DATAPATH\G_DUAL_RATE=s32'00000000000000000000000000000001.\bswap64$func$/home/chithang/pdop2/ascon_core/src/ascon_datapath.v:221$100.x' from process `$paramod\ascon_DATAPATH\G_DUAL_RATE=s32'00000000000000000000000000000001.$proc$/home/chithang/pdop2/ascon_core/src/ascon_datapath.v:179$237'.
No latch inferred for signal `$paramod\ascon_DATAPATH\G_DUAL_RATE=s32'00000000000000000000000000000001.\bswap64$func$/home/chithang/pdop2/ascon_core/src/ascon_datapath.v:230$101.$result' from process `$paramod\ascon_DATAPATH\G_DUAL_RATE=s32'00000000000000000000000000000001.$proc$/home/chithang/pdop2/ascon_core/src/ascon_datapath.v:179$237'.
No latch inferred for signal `$paramod\ascon_DATAPATH\G_DUAL_RATE=s32'00000000000000000000000000000001.\bswap64$func$/home/chithang/pdop2/ascon_core/src/ascon_datapath.v:230$101.x' from process `$paramod\ascon_DATAPATH\G_DUAL_RATE=s32'00000000000000000000000000000001.$proc$/home/chithang/pdop2/ascon_core/src/ascon_datapath.v:179$237'.
No latch inferred for signal `$paramod\ascon_DATAPATH\G_DUAL_RATE=s32'00000000000000000000000000000001.\bswap64$func$/home/chithang/pdop2/ascon_core/src/ascon_datapath.v:231$102.$result' from process `$paramod\ascon_DATAPATH\G_DUAL_RATE=s32'00000000000000000000000000000001.$proc$/home/chithang/pdop2/ascon_core/src/ascon_datapath.v:179$237'.
No latch inferred for signal `$paramod\ascon_DATAPATH\G_DUAL_RATE=s32'00000000000000000000000000000001.\bswap64$func$/home/chithang/pdop2/ascon_core/src/ascon_datapath.v:231$102.x' from process `$paramod\ascon_DATAPATH\G_DUAL_RATE=s32'00000000000000000000000000000001.$proc$/home/chithang/pdop2/ascon_core/src/ascon_datapath.v:179$237'.
No latch inferred for signal `$paramod\ascon_DATAPATH\G_DUAL_RATE=s32'00000000000000000000000000000001.\bswap64$func$/home/chithang/pdop2/ascon_core/src/ascon_datapath.v:236$103.$result' from process `$paramod\ascon_DATAPATH\G_DUAL_RATE=s32'00000000000000000000000000000001.$proc$/home/chithang/pdop2/ascon_core/src/ascon_datapath.v:179$237'.
No latch inferred for signal `$paramod\ascon_DATAPATH\G_DUAL_RATE=s32'00000000000000000000000000000001.\bswap64$func$/home/chithang/pdop2/ascon_core/src/ascon_datapath.v:236$103.x' from process `$paramod\ascon_DATAPATH\G_DUAL_RATE=s32'00000000000000000000000000000001.$proc$/home/chithang/pdop2/ascon_core/src/ascon_datapath.v:179$237'.
No latch inferred for signal `$paramod\ascon_DATAPATH\G_DUAL_RATE=s32'00000000000000000000000000000001.\bswap64$func$/home/chithang/pdop2/ascon_core/src/ascon_datapath.v:237$104.$result' from process `$paramod\ascon_DATAPATH\G_DUAL_RATE=s32'00000000000000000000000000000001.$proc$/home/chithang/pdop2/ascon_core/src/ascon_datapath.v:179$237'.
No latch inferred for signal `$paramod\ascon_DATAPATH\G_DUAL_RATE=s32'00000000000000000000000000000001.\bswap64$func$/home/chithang/pdop2/ascon_core/src/ascon_datapath.v:237$104.x' from process `$paramod\ascon_DATAPATH\G_DUAL_RATE=s32'00000000000000000000000000000001.$proc$/home/chithang/pdop2/ascon_core/src/ascon_datapath.v:179$237'.
No latch inferred for signal `$paramod\ascon_DATAPATH\G_DUAL_RATE=s32'00000000000000000000000000000001.\padded_data' from process `$paramod\ascon_DATAPATH\G_DUAL_RATE=s32'00000000000000000000000000000001.$proc$/home/chithang/pdop2/ascon_core/src/ascon_datapath.v:139$120'.
No latch inferred for signal `$paramod\ascon_DATAPATH\G_DUAL_RATE=s32'00000000000000000000000000000001.\apply_padding$func$/home/chithang/pdop2/ascon_core/src/ascon_datapath.v:141$88.$result' from process `$paramod\ascon_DATAPATH\G_DUAL_RATE=s32'00000000000000000000000000000001.$proc$/home/chithang/pdop2/ascon_core/src/ascon_datapath.v:139$120'.
No latch inferred for signal `$paramod\ascon_DATAPATH\G_DUAL_RATE=s32'00000000000000000000000000000001.\apply_padding$func$/home/chithang/pdop2/ascon_core/src/ascon_datapath.v:141$88.blk' from process `$paramod\ascon_DATAPATH\G_DUAL_RATE=s32'00000000000000000000000000000001.$proc$/home/chithang/pdop2/ascon_core/src/ascon_datapath.v:139$120'.
No latch inferred for signal `$paramod\ascon_DATAPATH\G_DUAL_RATE=s32'00000000000000000000000000000001.\apply_padding$func$/home/chithang/pdop2/ascon_core/src/ascon_datapath.v:141$88.len' from process `$paramod\ascon_DATAPATH\G_DUAL_RATE=s32'00000000000000000000000000000001.$proc$/home/chithang/pdop2/ascon_core/src/ascon_datapath.v:139$120'.
No latch inferred for signal `$paramod\ascon_DATAPATH\G_DUAL_RATE=s32'00000000000000000000000000000001.\apply_padding$func$/home/chithang/pdop2/ascon_core/src/ascon_datapath.v:141$88.rate' from process `$paramod\ascon_DATAPATH\G_DUAL_RATE=s32'00000000000000000000000000000001.$proc$/home/chithang/pdop2/ascon_core/src/ascon_datapath.v:139$120'.
No latch inferred for signal `$paramod\ascon_DATAPATH\G_DUAL_RATE=s32'00000000000000000000000000000001.\apply_padding$func$/home/chithang/pdop2/ascon_core/src/ascon_datapath.v:141$88.i' from process `$paramod\ascon_DATAPATH\G_DUAL_RATE=s32'00000000000000000000000000000001.$proc$/home/chithang/pdop2/ascon_core/src/ascon_datapath.v:139$120'.
No latch inferred for signal `$paramod\ascon_DATAPATH\G_DUAL_RATE=s32'00000000000000000000000000000001.\apply_padding$func$/home/chithang/pdop2/ascon_core/src/ascon_datapath.v:141$88.out' from process `$paramod\ascon_DATAPATH\G_DUAL_RATE=s32'00000000000000000000000000000001.$proc$/home/chithang/pdop2/ascon_core/src/ascon_datapath.v:139$120'.
No latch inferred for signal `$paramod$0e8356bf87449acae89d34eb6fb4f54d3be2c194\ascon_CONTROLLER.\data_out_valid' from process `$paramod$0e8356bf87449acae89d34eb6fb4f54d3be2c194\ascon_CONTROLLER.$proc$/home/chithang/pdop2/ascon_core/src/ascon_CONTROLLER.v:290$49'.
No latch inferred for signal `$paramod$0e8356bf87449acae89d34eb6fb4f54d3be2c194\ascon_CONTROLLER.\done' from process `$paramod$0e8356bf87449acae89d34eb6fb4f54d3be2c194\ascon_CONTROLLER.$proc$/home/chithang/pdop2/ascon_core/src/ascon_CONTROLLER.v:290$49'.
No latch inferred for signal `$paramod$0e8356bf87449acae89d34eb6fb4f54d3be2c194\ascon_CONTROLLER.\busy' from process `$paramod$0e8356bf87449acae89d34eb6fb4f54d3be2c194\ascon_CONTROLLER.$proc$/home/chithang/pdop2/ascon_core/src/ascon_CONTROLLER.v:290$49'.
No latch inferred for signal `$paramod$0e8356bf87449acae89d34eb6fb4f54d3be2c194\ascon_CONTROLLER.\load_key' from process `$paramod$0e8356bf87449acae89d34eb6fb4f54d3be2c194\ascon_CONTROLLER.$proc$/home/chithang/pdop2/ascon_core/src/ascon_CONTROLLER.v:290$49'.
No latch inferred for signal `$paramod$0e8356bf87449acae89d34eb6fb4f54d3be2c194\ascon_CONTROLLER.\load_nonce' from process `$paramod$0e8356bf87449acae89d34eb6fb4f54d3be2c194\ascon_CONTROLLER.$proc$/home/chithang/pdop2/ascon_core/src/ascon_CONTROLLER.v:290$49'.
No latch inferred for signal `$paramod$0e8356bf87449acae89d34eb6fb4f54d3be2c194\ascon_CONTROLLER.\init_start' from process `$paramod$0e8356bf87449acae89d34eb6fb4f54d3be2c194\ascon_CONTROLLER.$proc$/home/chithang/pdop2/ascon_core/src/ascon_CONTROLLER.v:290$49'.
No latch inferred for signal `$paramod$0e8356bf87449acae89d34eb6fb4f54d3be2c194\ascon_CONTROLLER.\gen_tag' from process `$paramod$0e8356bf87449acae89d34eb6fb4f54d3be2c194\ascon_CONTROLLER.$proc$/home/chithang/pdop2/ascon_core/src/ascon_CONTROLLER.v:290$49'.
No latch inferred for signal `$paramod$0e8356bf87449acae89d34eb6fb4f54d3be2c194\ascon_CONTROLLER.\state_src_sel' from process `$paramod$0e8356bf87449acae89d34eb6fb4f54d3be2c194\ascon_CONTROLLER.$proc$/home/chithang/pdop2/ascon_core/src/ascon_CONTROLLER.v:290$49'.
No latch inferred for signal `$paramod$0e8356bf87449acae89d34eb6fb4f54d3be2c194\ascon_CONTROLLER.\state_load' from process `$paramod$0e8356bf87449acae89d34eb6fb4f54d3be2c194\ascon_CONTROLLER.$proc$/home/chithang/pdop2/ascon_core/src/ascon_CONTROLLER.v:290$49'.
No latch inferred for signal `$paramod$0e8356bf87449acae89d34eb6fb4f54d3be2c194\ascon_CONTROLLER.\dp_pad_enable' from process `$paramod$0e8356bf87449acae89d34eb6fb4f54d3be2c194\ascon_CONTROLLER.$proc$/home/chithang/pdop2/ascon_core/src/ascon_CONTROLLER.v:290$49'.
No latch inferred for signal `$paramod$0e8356bf87449acae89d34eb6fb4f54d3be2c194\ascon_CONTROLLER.\dp_block_sel' from process `$paramod$0e8356bf87449acae89d34eb6fb4f54d3be2c194\ascon_CONTROLLER.$proc$/home/chithang/pdop2/ascon_core/src/ascon_CONTROLLER.v:290$49'.
No latch inferred for signal `$paramod$0e8356bf87449acae89d34eb6fb4f54d3be2c194\ascon_CONTROLLER.\dp_enc_dec' from process `$paramod$0e8356bf87449acae89d34eb6fb4f54d3be2c194\ascon_CONTROLLER.$proc$/home/chithang/pdop2/ascon_core/src/ascon_CONTROLLER.v:290$49'.
No latch inferred for signal `$paramod$0e8356bf87449acae89d34eb6fb4f54d3be2c194\ascon_CONTROLLER.\perm_rounds' from process `$paramod$0e8356bf87449acae89d34eb6fb4f54d3be2c194\ascon_CONTROLLER.$proc$/home/chithang/pdop2/ascon_core/src/ascon_CONTROLLER.v:290$49'.
No latch inferred for signal `$paramod$0e8356bf87449acae89d34eb6fb4f54d3be2c194\ascon_CONTROLLER.\perm_start_rc' from process `$paramod$0e8356bf87449acae89d34eb6fb4f54d3be2c194\ascon_CONTROLLER.$proc$/home/chithang/pdop2/ascon_core/src/ascon_CONTROLLER.v:290$49'.
No latch inferred for signal `$paramod$0e8356bf87449acae89d34eb6fb4f54d3be2c194\ascon_CONTROLLER.\perm_start' from process `$paramod$0e8356bf87449acae89d34eb6fb4f54d3be2c194\ascon_CONTROLLER.$proc$/home/chithang/pdop2/ascon_core/src/ascon_CONTROLLER.v:290$49'.
No latch inferred for signal `$paramod$0e8356bf87449acae89d34eb6fb4f54d3be2c194\ascon_CONTROLLER.\compare_tag' from process `$paramod$0e8356bf87449acae89d34eb6fb4f54d3be2c194\ascon_CONTROLLER.$proc$/home/chithang/pdop2/ascon_core/src/ascon_CONTROLLER.v:290$49'.
No latch inferred for signal `$paramod$0e8356bf87449acae89d34eb6fb4f54d3be2c194\ascon_CONTROLLER.\do_post_init_key_xor' from process `$paramod$0e8356bf87449acae89d34eb6fb4f54d3be2c194\ascon_CONTROLLER.$proc$/home/chithang/pdop2/ascon_core/src/ascon_CONTROLLER.v:290$49'.
No latch inferred for signal `$paramod$0e8356bf87449acae89d34eb6fb4f54d3be2c194\ascon_CONTROLLER.\do_pre_fin_key_xor' from process `$paramod$0e8356bf87449acae89d34eb6fb4f54d3be2c194\ascon_CONTROLLER.$proc$/home/chithang/pdop2/ascon_core/src/ascon_CONTROLLER.v:290$49'.
No latch inferred for signal `$paramod$0e8356bf87449acae89d34eb6fb4f54d3be2c194\ascon_CONTROLLER.\do_dom_sep' from process `$paramod$0e8356bf87449acae89d34eb6fb4f54d3be2c194\ascon_CONTROLLER.$proc$/home/chithang/pdop2/ascon_core/src/ascon_CONTROLLER.v:290$49'.
No latch inferred for signal `$paramod\ASCON_SBOX_PIPELINED\G_SBOX_PIPELINE=s32'00000000000000000000000000000000.\out' from process `$paramod\ASCON_SBOX_PIPELINED\G_SBOX_PIPELINE=s32'00000000000000000000000000000000.$proc$/home/chithang/pdop2/ascon_core/src/ascon_SBOX_PIPELINED.v:114$670'.
