
===========================================================================
 report_power
============================================================================
======================= nom_ss_100C_1v60 Corner ===================================

Group                    Internal    Switching      Leakage        Total
                            Power        Power        Power        Power (Watts)
------------------------------------------------------------------------
Sequential           1.210201e-02 7.580779e-04 5.984993e-05 1.291994e-02  85.8%
Combinational        1.276773e-03 8.143118e-04 4.853726e-05 2.139622e-03  14.2%
Clock                0.000000e+00 0.000000e+00 0.000000e+00 0.000000e+00   0.0%
Macro                0.000000e+00 0.000000e+00 0.000000e+00 0.000000e+00   0.0%
Pad                  0.000000e+00 0.000000e+00 0.000000e+00 0.000000e+00   0.0%
------------------------------------------------------------------------
Total                1.337877e-02 1.572390e-03 1.083893e-04 1.505954e-02 100.0%
                            88.8%        10.4%         0.7%

