
===========================================================================
report_checks -unconstrained
===========================================================================
======================= max_tt_025C_1v80 Corner ===================================

Startpoint: rst_n (input port clocked by clk)
Endpoint: _8_ (recovery check against rising-edge clock clk)
Path Group: asynchronous
Path Type: max

Fanout         Cap        Slew       Delay        Time   Description
---------------------------------------------------------------------------------------------
                                  0.000000    0.000000   clock clk (rise edge)
                                  0.000000    0.000000   clock network delay (propagated)
                                  1.600000    1.600000 ^ input external delay
     1    0.003075    0.020915    0.011325    1.611325 ^ rst_n (in)
                                                         rst_n (net)
                      0.020923    0.000000    1.611325 ^ input4/A (sky130_fd_sc_hd__buf_1)
     2    0.008762    0.110640    0.119480    1.730804 ^ input4/X (sky130_fd_sc_hd__buf_1)
                                                         net4 (net)
                      0.110642    0.000412    1.731217 ^ _8_/RESET_B (sky130_fd_sc_hd__dfrtp_1)
                                              1.731217   data arrival time

                                  8.000000    8.000000   clock clk (rise edge)
                                  0.000000    8.000000   clock source latency
     1    0.009630    0.049809    0.032969    8.032969 ^ clk (in)
                                                         clk (net)
                      0.049816    0.000000    8.032969 ^ clkbuf_0_clk/A (sky130_fd_sc_hd__clkbuf_16)
     2    0.019377    0.041304    0.126195    8.159164 ^ clkbuf_0_clk/X (sky130_fd_sc_hd__clkbuf_16)
                                                         clknet_0_clk (net)
                      0.041318    0.001179    8.160343 ^ clkbuf_1_0__f_clk/A (sky130_fd_sc_hd__clkbuf_16)
     1    0.003816    0.027664    0.107753    8.268096 ^ clkbuf_1_0__f_clk/X (sky130_fd_sc_hd__clkbuf_16)
                                                         clknet_1_0__leaf_clk (net)
                      0.027665    0.000268    8.268364 ^ _8_/CLK (sky130_fd_sc_hd__dfrtp_1)
                                 -0.250000    8.018364   clock uncertainty
                                  0.000000    8.018364   clock reconvergence pessimism
                                  0.207977    8.226340   library recovery time
                                              8.226340   data required time
---------------------------------------------------------------------------------------------
                                              8.226340   data required time
                                             -1.731217   data arrival time
---------------------------------------------------------------------------------------------
                                              6.495124   slack (MET)


Startpoint: _8_ (rising edge-triggered flip-flop clocked by clk)
Endpoint: sum (output port clocked by clk)
Path Group: clk
Path Type: max

Fanout         Cap        Slew       Delay        Time   Description
---------------------------------------------------------------------------------------------
                                  0.000000    0.000000   clock clk (rise edge)
                                  0.000000    0.000000   clock source latency
     1    0.009630    0.049809    0.032969    0.032969 ^ clk (in)
                                                         clk (net)
                      0.049816    0.000000    0.032969 ^ clkbuf_0_clk/A (sky130_fd_sc_hd__clkbuf_16)
     2    0.019377    0.041304    0.126194    0.159164 ^ clkbuf_0_clk/X (sky130_fd_sc_hd__clkbuf_16)
                                                         clknet_0_clk (net)
                      0.041318    0.001179    0.160343 ^ clkbuf_1_0__f_clk/A (sky130_fd_sc_hd__clkbuf_16)
     1    0.003816    0.027664    0.107752    0.268096 ^ clkbuf_1_0__f_clk/X (sky130_fd_sc_hd__clkbuf_16)
                                                         clknet_1_0__leaf_clk (net)
                      0.027665    0.000269    0.268364 ^ _8_/CLK (sky130_fd_sc_hd__dfrtp_1)
     1    0.003565    0.043210    0.351453    0.619817 v _8_/Q (sky130_fd_sc_hd__dfrtp_1)
                                                         net6 (net)
                      0.043210    0.000232    0.620050 v output6/A (sky130_fd_sc_hd__buf_2)
     1    0.035092    0.091806    0.179873    0.799923 v output6/X (sky130_fd_sc_hd__buf_2)
                                                         sum (net)
                      0.091854    0.001919    0.801842 v sum (out)
                                              0.801842   data arrival time

                                  8.000000    8.000000   clock clk (rise edge)
                                  0.000000    8.000000   clock network delay (propagated)
                                 -0.250000    7.750000   clock uncertainty
                                  0.000000    7.750000   clock reconvergence pessimism
                                 -1.600000    6.150000   output external delay
                                              6.150000   data required time
---------------------------------------------------------------------------------------------
                                              6.150000   data required time
                                             -0.801842   data arrival time
---------------------------------------------------------------------------------------------
                                              5.348157   slack (MET)




===========================================================================
report_checks --slack_max -0.01
============================================================================
======================= max_tt_025C_1v80 Corner ===================================

No paths found.


===========================================================================
 report_check_types -max_slew -max_cap -max_fanout -violators
============================================================================
======================= max_tt_025C_1v80 Corner ===================================



===========================================================================
report_parasitic_annotation -report_unannotated
============================================================================
Found 0 unannotated drivers.
Found 0 partially unannotated drivers.

===========================================================================
max slew violation count 0
max fanout violation count 0
max cap violation count 0
============================================================================

===========================================================================
check_setup -verbose -unconstrained_endpoints -multiple_clock -no_clock -no_input_delay -loops -generated_clocks
===========================================================================
