
===========================================================================
report_checks -path_delay min (Hold)
============================================================================
======================= max_tt_025C_1v80 Corner ===================================

Startpoint: rst_n (input port clocked by clk)
Endpoint: _9_ (removal check against rising-edge clock clk)
Path Group: asynchronous
Path Type: min

Fanout         Cap        Slew       Delay        Time   Description
---------------------------------------------------------------------------------------------
                                  0.000000    0.000000   clock clk (rise edge)
                                  0.000000    0.000000   clock network delay (propagated)
                                  1.600000    1.600000 ^ input external delay
     1    0.003075    0.020915    0.011325    1.611325 ^ rst_n (in)
                                                         rst_n (net)
                      0.020923    0.000000    1.611325 ^ input4/A (sky130_fd_sc_hd__buf_1)
     2    0.008762    0.110640    0.119480    1.730804 ^ input4/X (sky130_fd_sc_hd__buf_1)
                                                         net4 (net)
                      0.110643    0.000446    1.731251 ^ _9_/RESET_B (sky130_fd_sc_hd__dfrtp_1)
                                              1.731251   data arrival time

                                  0.000000    0.000000   clock clk (rise edge)
                                  0.000000    0.000000   clock source latency
     1    0.009630    0.049809    0.032969    0.032969 ^ clk (in)
                                                         clk (net)
                      0.049816    0.000000    0.032969 ^ clkbuf_0_clk/A (sky130_fd_sc_hd__clkbuf_16)
     2    0.019377    0.041304    0.126194    0.159164 ^ clkbuf_0_clk/X (sky130_fd_sc_hd__clkbuf_16)
                                                         clknet_0_clk (net)
                      0.041320    0.001205    0.160369 ^ clkbuf_1_1__f_clk/A (sky130_fd_sc_hd__clkbuf_16)
     1    0.004545    0.028349    0.108618    0.268987 ^ clkbuf_1_1__f_clk/X (sky130_fd_sc_hd__clkbuf_16)
                                                         clknet_1_1__leaf_clk (net)
                      0.028350    0.000327    0.269314 ^ _9_/CLK (sky130_fd_sc_hd__dfrtp_1)
                                  0.250000    0.519314   clock uncertainty
                                  0.000000    0.519314   clock reconvergence pessimism
                                  0.333775    0.853090   library removal time
                                              0.853090   data required time
---------------------------------------------------------------------------------------------
                                              0.853090   data required time
                                             -1.731251   data arrival time
---------------------------------------------------------------------------------------------
                                              0.878161   slack (MET)


Startpoint: rst_n (input port clocked by clk)
Endpoint: _8_ (removal check against rising-edge clock clk)
Path Group: asynchronous
Path Type: min

Fanout         Cap        Slew       Delay        Time   Description
---------------------------------------------------------------------------------------------
                                  0.000000    0.000000   clock clk (rise edge)
                                  0.000000    0.000000   clock network delay (propagated)
                                  1.600000    1.600000 ^ input external delay
     1    0.003075    0.020915    0.011325    1.611325 ^ rst_n (in)
                                                         rst_n (net)
                      0.020923    0.000000    1.611325 ^ input4/A (sky130_fd_sc_hd__buf_1)
     2    0.008762    0.110640    0.119480    1.730804 ^ input4/X (sky130_fd_sc_hd__buf_1)
                                                         net4 (net)
                      0.110642    0.000412    1.731217 ^ _8_/RESET_B (sky130_fd_sc_hd__dfrtp_1)
                                              1.731217   data arrival time

                                  0.000000    0.000000   clock clk (rise edge)
                                  0.000000    0.000000   clock source latency
     1    0.009630    0.049809    0.032969    0.032969 ^ clk (in)
                                                         clk (net)
                      0.049816    0.000000    0.032969 ^ clkbuf_0_clk/A (sky130_fd_sc_hd__clkbuf_16)
     2    0.019377    0.041304    0.126194    0.159164 ^ clkbuf_0_clk/X (sky130_fd_sc_hd__clkbuf_16)
                                                         clknet_0_clk (net)
                      0.041318    0.001179    0.160343 ^ clkbuf_1_0__f_clk/A (sky130_fd_sc_hd__clkbuf_16)
     1    0.003816    0.027664    0.107752    0.268096 ^ clkbuf_1_0__f_clk/X (sky130_fd_sc_hd__clkbuf_16)
                                                         clknet_1_0__leaf_clk (net)
                      0.027665    0.000269    0.268364 ^ _8_/CLK (sky130_fd_sc_hd__dfrtp_1)
                                  0.250000    0.518364   clock uncertainty
                                  0.000000    0.518364   clock reconvergence pessimism
                                  0.333589    0.851953   library removal time
                                              0.851953   data required time
---------------------------------------------------------------------------------------------
                                              0.851953   data required time
                                             -1.731217   data arrival time
---------------------------------------------------------------------------------------------
                                              0.879264   slack (MET)


Startpoint: b (input port clocked by clk)
Endpoint: _9_ (rising edge-triggered flip-flop clocked by clk)
Path Group: clk
Path Type: min

Fanout         Cap        Slew       Delay        Time   Description
---------------------------------------------------------------------------------------------
                                  0.000000    0.000000   clock clk (rise edge)
                                  0.000000    0.000000   clock network delay (propagated)
                                  1.600000    1.600000 v input external delay
     1    0.002732    0.008459    0.004360    1.604360 v b (in)
                                                         b (net)
                      0.008465    0.000000    1.604360 v input2/A (sky130_fd_sc_hd__buf_1)
     2    0.008087    0.053941    0.096653    1.701012 v input2/X (sky130_fd_sc_hd__buf_1)
                                                         net2 (net)
                      0.053942    0.000366    1.701379 v _4_/A (sky130_fd_sc_hd__nand2_1)
     1    0.003392    0.042191    0.061013    1.762392 ^ _4_/Y (sky130_fd_sc_hd__nand2_1)
                                                         _1_ (net)
                      0.042191    0.000233    1.762625 ^ _6_/B1 (sky130_fd_sc_hd__o21ai_1)
     1    0.003618    0.040892    0.059202    1.821827 v _6_/Y (sky130_fd_sc_hd__o21ai_1)
                                                         cout_comb (net)
                      0.040892    0.000153    1.821980 v _9_/D (sky130_fd_sc_hd__dfrtp_1)
                                              1.821980   data arrival time

                                  0.000000    0.000000   clock clk (rise edge)
                                  0.000000    0.000000   clock source latency
     1    0.009630    0.049809    0.032969    0.032969 ^ clk (in)
                                                         clk (net)
                      0.049816    0.000000    0.032969 ^ clkbuf_0_clk/A (sky130_fd_sc_hd__clkbuf_16)
     2    0.019377    0.041304    0.126194    0.159164 ^ clkbuf_0_clk/X (sky130_fd_sc_hd__clkbuf_16)
                                                         clknet_0_clk (net)
                      0.041320    0.001205    0.160369 ^ clkbuf_1_1__f_clk/A (sky130_fd_sc_hd__clkbuf_16)
     1    0.004545    0.028349    0.108618    0.268987 ^ clkbuf_1_1__f_clk/X (sky130_fd_sc_hd__clkbuf_16)
                                                         clknet_1_1__leaf_clk (net)
                      0.028350    0.000327    0.269314 ^ _9_/CLK (sky130_fd_sc_hd__dfrtp_1)
                                  0.250000    0.519314   clock uncertainty
                                  0.000000    0.519314   clock reconvergence pessimism
                                 -0.047900    0.471414   library hold time
                                              0.471414   data required time
---------------------------------------------------------------------------------------------
                                              0.471414   data required time
                                             -1.821980   data arrival time
---------------------------------------------------------------------------------------------
                                              1.350566   slack (MET)


Startpoint: cin (input port clocked by clk)
Endpoint: _8_ (rising edge-triggered flip-flop clocked by clk)
Path Group: clk
Path Type: min

Fanout         Cap        Slew       Delay        Time   Description
---------------------------------------------------------------------------------------------
                                  0.000000    0.000000   clock clk (rise edge)
                                  0.000000    0.000000   clock network delay (propagated)
                                  1.600000    1.600000 ^ input external delay
     1    0.002756    0.019540    0.010204    1.610204 ^ cin (in)
                                                         cin (net)
                      0.019541    0.000000    1.610204 ^ input3/A (sky130_fd_sc_hd__buf_1)
     2    0.011158    0.137849    0.137649    1.747853 ^ input3/X (sky130_fd_sc_hd__buf_1)
                                                         net3 (net)
                      0.137856    0.000773    1.748626 ^ _7_/A (sky130_fd_sc_hd__xnor2_1)
     1    0.005214    0.052424    0.102786    1.851412 v _7_/Y (sky130_fd_sc_hd__xnor2_1)
                                                         sum_comb (net)
                      0.052424    0.000289    1.851701 v _8_/D (sky130_fd_sc_hd__dfrtp_1)
                                              1.851701   data arrival time

                                  0.000000    0.000000   clock clk (rise edge)
                                  0.000000    0.000000   clock source latency
     1    0.009630    0.049809    0.032969    0.032969 ^ clk (in)
                                                         clk (net)
                      0.049816    0.000000    0.032969 ^ clkbuf_0_clk/A (sky130_fd_sc_hd__clkbuf_16)
     2    0.019377    0.041304    0.126194    0.159164 ^ clkbuf_0_clk/X (sky130_fd_sc_hd__clkbuf_16)
                                                         clknet_0_clk (net)
                      0.041318    0.001179    0.160343 ^ clkbuf_1_0__f_clk/A (sky130_fd_sc_hd__clkbuf_16)
     1    0.003816    0.027664    0.107752    0.268096 ^ clkbuf_1_0__f_clk/X (sky130_fd_sc_hd__clkbuf_16)
                                                         clknet_1_0__leaf_clk (net)
                      0.027665    0.000269    0.268364 ^ _8_/CLK (sky130_fd_sc_hd__dfrtp_1)
                                  0.250000    0.518364   clock uncertainty
                                  0.000000    0.518364   clock reconvergence pessimism
                                 -0.052753    0.465611   library hold time
                                              0.465611   data required time
---------------------------------------------------------------------------------------------
                                              0.465611   data required time
                                             -1.851701   data arrival time
---------------------------------------------------------------------------------------------
                                              1.386090   slack (MET)


Startpoint: _9_ (rising edge-triggered flip-flop clocked by clk)
Endpoint: cout (output port clocked by clk)
Path Group: clk
Path Type: min

Fanout         Cap        Slew       Delay        Time   Description
---------------------------------------------------------------------------------------------
                                  0.000000    0.000000   clock clk (rise edge)
                                  0.000000    0.000000   clock source latency
     1    0.009630    0.049809    0.032969    0.032969 ^ clk (in)
                                                         clk (net)
                      0.049816    0.000000    0.032969 ^ clkbuf_0_clk/A (sky130_fd_sc_hd__clkbuf_16)
     2    0.019377    0.041304    0.126194    0.159164 ^ clkbuf_0_clk/X (sky130_fd_sc_hd__clkbuf_16)
                                                         clknet_0_clk (net)
                      0.041320    0.001205    0.160369 ^ clkbuf_1_1__f_clk/A (sky130_fd_sc_hd__clkbuf_16)
     1    0.004545    0.028349    0.108618    0.268987 ^ clkbuf_1_1__f_clk/X (sky130_fd_sc_hd__clkbuf_16)
                                                         clknet_1_1__leaf_clk (net)
                      0.028350    0.000327    0.269314 ^ _9_/CLK (sky130_fd_sc_hd__dfrtp_1)
     1    0.002261    0.041139    0.303216    0.572531 ^ _9_/Q (sky130_fd_sc_hd__dfrtp_1)
                                                         net5 (net)
                      0.041139    0.000160    0.572691 ^ output5/A (sky130_fd_sc_hd__buf_2)
     1    0.034160    0.169841    0.195455    0.768146 ^ output5/X (sky130_fd_sc_hd__buf_2)
                                                         cout (net)
                      0.169863    0.001616    0.769762 ^ cout (out)
                                              0.769762   data arrival time

                                  0.000000    0.000000   clock clk (rise edge)
                                  0.000000    0.000000   clock network delay (propagated)
                                  0.250000    0.250000   clock uncertainty
                                  0.000000    0.250000   clock reconvergence pessimism
                                 -1.600000   -1.350000   output external delay
                                             -1.350000   data required time
---------------------------------------------------------------------------------------------
                                             -1.350000   data required time
                                             -0.769762   data arrival time
---------------------------------------------------------------------------------------------
                                              2.119762   slack (MET)


Startpoint: _8_ (rising edge-triggered flip-flop clocked by clk)
Endpoint: sum (output port clocked by clk)
Path Group: clk
Path Type: min

Fanout         Cap        Slew       Delay        Time   Description
---------------------------------------------------------------------------------------------
                                  0.000000    0.000000   clock clk (rise edge)
                                  0.000000    0.000000   clock source latency
     1    0.009630    0.049809    0.032969    0.032969 ^ clk (in)
                                                         clk (net)
                      0.049816    0.000000    0.032969 ^ clkbuf_0_clk/A (sky130_fd_sc_hd__clkbuf_16)
     2    0.019377    0.041304    0.126194    0.159164 ^ clkbuf_0_clk/X (sky130_fd_sc_hd__clkbuf_16)
                                                         clknet_0_clk (net)
                      0.041318    0.001179    0.160343 ^ clkbuf_1_0__f_clk/A (sky130_fd_sc_hd__clkbuf_16)
     1    0.003816    0.027664    0.107752    0.268096 ^ clkbuf_1_0__f_clk/X (sky130_fd_sc_hd__clkbuf_16)
                                                         clknet_1_0__leaf_clk (net)
                      0.027665    0.000269    0.268364 ^ _8_/CLK (sky130_fd_sc_hd__dfrtp_1)
     1    0.003725    0.052207    0.314763    0.583127 ^ _8_/Q (sky130_fd_sc_hd__dfrtp_1)
                                                         net6 (net)
                      0.052207    0.000247    0.583374 ^ output6/A (sky130_fd_sc_hd__buf_2)
     1    0.035092    0.174210    0.202583    0.785957 ^ output6/X (sky130_fd_sc_hd__buf_2)
                                                         sum (net)
                      0.174241    0.001922    0.787879 ^ sum (out)
                                              0.787879   data arrival time

                                  0.000000    0.000000   clock clk (rise edge)
                                  0.000000    0.000000   clock network delay (propagated)
                                  0.250000    0.250000   clock uncertainty
                                  0.000000    0.250000   clock reconvergence pessimism
                                 -1.600000   -1.350000   output external delay
                                             -1.350000   data required time
---------------------------------------------------------------------------------------------
                                             -1.350000   data required time
                                             -0.787879   data arrival time
---------------------------------------------------------------------------------------------
                                              2.137879   slack (MET)



