
38. Executing CHECK pass (checking for obvious problems).
Checking module ascon_ip_top...
Checking module $paramod\ASCON_SBOX_PIPELINED\G_SBOX_PIPELINE=s32'00000000000000000000000000000000...
Checking module CONSTANT_ADDITION...
Checking module $paramod\SUBSTITUTION_LAYER_PIPELINED\G_SBOX_PIPELINE=s32'00000000000000000000000000000000...
Checking module LINEAR_DIFFUSION...
Checking module $paramod$d67a28df8fe4fea3ee588f3a21e92a69b3f02fe8\sync_fifo...
Checking module $paramod$09f9ab8600da94c21596e80347dd55cfcd6184c5\sync_fifo...
Checking module dma_ctrl_fsm...
Checking module $paramod$a35770e4f3c489068f9913798450f31bea330325\dma_read_engine...
Checking module $paramod$a35770e4f3c489068f9913798450f31bea330325\dma_write_engine...
Checking module ascon_INITIALIZATION...
Checking module ascon_STATE_REGISTER...
Checking module $paramod\ascon_DATAPATH\G_DUAL_RATE=s32'00000000000000000000000000000001...
Checking module $paramod\ascon_PERMUTATION\G_SBOX_PIPELINE=s32'00000000000000000000000000000000...
Checking module ascon_TAG_GENERATOR...
Checking module ascon_TAG_COMPARATOR...
Checking module $paramod$0e8356bf87449acae89d34eb6fb4f54d3be2c194\ascon_CONTROLLER...
Checking module $paramod$c92a458ee47b814f5e0f776ee923263eda089220\ascon_axi_slave...
Checking module $paramod$2918f64f529b18e5df3835eced60fa6265c9c98d\ascon_CORE...
Checking module $paramod$2918f64f529b18e5df3835eced60fa6265c9c98d\ascon_AXIS_WRAPPER...
Checking module $paramod$9a17c31e7401f2ffd9e569b4169ffe9a41610e6e\ascon_dma...
Found and reported 0 problems.
