Clock: clk
Sources: clk 
Generated: no
Virtual: no
Propagated: no
Period: 10.000000

===========================================================================
report_clock_properties
============================================================================
Clock                   Period          Waveform
----------------------------------------------------
clk                  10.000000    0.000000  5.000000

===========================================================================
report_clock_latency
============================================================================
Clock clk
rise -> rise
    min     max
0.000000 0.000000 source latency
1.012352         network latency _1261_/CLK
        2.639060 network latency _1194_/CLK
---------------
1.012352 2.639060 latency
        1.626708 skew

rise -> fall
    min     max
0.000000 0.000000 source latency
2.272952         network latency _1194_/CLK
        2.559622 network latency _1211_/CLK
---------------
2.272952 2.559622 latency
        0.286670 skew

fall -> fall
    min     max
0.000000 0.000000 source latency
0.435391         network latency _1261_/CLK
        0.435391 network latency _1261_/CLK
---------------
0.435391 0.435391 latency
        0.000000 skew



===========================================================================
report_clock_min_period
============================================================================
clk period_min = 2.18 fmax = 458.42
