┏━━━━━━━━━━━━━━━━━━━━━━┳━━━━━━━━━━┳━━━━━━━━━━┳━━━━━━━━━━┳━━━━━━━━━━┳━━━━━━━━━━━┳━━━━━━━━━━┳━━━━━━━━━━━┳━━━━━━━━━━┳━━━━━━━━━━━┳━━━━━━━━━━┳━━━━━━━━━━━┳━━━━━━━━━━┓
┃                      ┃ Hold     ┃ Reg to   ┃          ┃          ┃ of which  ┃ Setup    ┃           ┃          ┃           ┃ of which ┃           ┃          ┃
┃                      ┃ Worst    ┃ Reg      ┃          ┃ Hold Vio ┃ reg to    ┃ Worst    ┃ Reg to    ┃ Setup    ┃ Setup Vio ┃ reg to   ┃ Max Cap   ┃ Max Slew ┃
┃ Corner/Group         ┃ Slack    ┃ Paths    ┃ Hold TNS ┃ Count    ┃ reg       ┃ Slack    ┃ Reg Paths ┃ TNS      ┃ Count     ┃ reg      ┃ Violatio… ┃ Violati… ┃
┡━━━━━━━━━━━━━━━━━━━━━━╇━━━━━━━━━━╇━━━━━━━━━━╇━━━━━━━━━━╇━━━━━━━━━━╇━━━━━━━━━━━╇━━━━━━━━━━╇━━━━━━━━━━━╇━━━━━━━━━━╇━━━━━━━━━━━╇━━━━━━━━━━╇━━━━━━━━━━━╇━━━━━━━━━━┩
│ Overall              │ 0.0290   │ 0.0290   │ 0.0000   │ 0        │ 0         │ 1.4647   │ 1.4647    │ 0.0000   │ 0         │ 0        │ 8         │ 5805     │
│ nom_tt_025C_1v80     │ 0.1810   │ 0.1810   │ 0.0000   │ 0        │ 0         │ 10.4372  │ 10.4372   │ 0.0000   │ 0         │ 0        │ 5         │ 5474     │
│ nom_ss_100C_1v60     │ 0.5603   │ 0.5955   │ 0.0000   │ 0        │ 0         │ 1.4647   │ 1.4647    │ 0.0000   │ 0         │ 0        │ 8         │ 5805     │
│ nom_ff_n40C_1v95     │ 0.0290   │ 0.0290   │ 0.0000   │ 0        │ 0         │ 13.8918  │ 13.8918   │ 0.0000   │ 0         │ 0        │ 1         │ 5136     │
└──────────────────────┴──────────┴──────────┴──────────┴──────────┴───────────┴──────────┴───────────┴──────────┴───────────┴──────────┴───────────┴──────────┘
