
===========================================================================
 report_power
============================================================================
======================= nom_tt_025C_1v80 Corner ===================================

Group                    Internal    Switching      Leakage        Total
                            Power        Power        Power        Power (Watts)
------------------------------------------------------------------------
Sequential           1.201449e-02 1.986766e-03 2.664853e-08 1.400128e-02   9.3%
Combinational        6.727784e-02 6.969312e-02 1.157061e-07 1.369711e-01  90.7%
Clock                0.000000e+00 0.000000e+00 0.000000e+00 0.000000e+00   0.0%
Macro                0.000000e+00 0.000000e+00 0.000000e+00 0.000000e+00   0.0%
Pad                  0.000000e+00 0.000000e+00 0.000000e+00 0.000000e+00   0.0%
------------------------------------------------------------------------
Total                7.929017e-02 7.167987e-02 1.423578e-07 1.509702e-01 100.0%
                            52.5%        47.5%         0.0%

