Clock: clk
Sources: clk 
Generated: no
Virtual: no
Propagated: no
Period: 10.000000

===========================================================================
report_clock_properties
============================================================================
Clock                   Period          Waveform
----------------------------------------------------
clk                  10.000000    0.000000  5.000000

===========================================================================
report_clock_latency
============================================================================
Clock clk
rise -> rise
    min     max
0.000000 0.000000 source latency
0.736814         network latency _1148_/CLK
        0.736814 network latency _1148_/CLK
---------------
0.736814 0.736814 latency
        0.000000 skew

fall -> fall
    min     max
0.000000 0.000000 source latency
0.356481         network latency _1148_/CLK
        0.356481 network latency _1148_/CLK
---------------
0.356481 0.356481 latency
        0.000000 skew



===========================================================================
report_clock_min_period
============================================================================
clk period_min = 5.73 fmax = 174.52
