
===========================================================================
 report_power
============================================================================
======================= nom_tt_025C_1v80 Corner ===================================

Group                    Internal    Switching      Leakage        Total
                            Power        Power        Power        Power (Watts)
------------------------------------------------------------------------
Sequential           7.065507e-04 3.890716e-04 1.412811e-09 1.095624e-03  62.2%
Combinational        2.981440e-04 3.665489e-04 2.322010e-09 6.646953e-04  37.8%
Clock                0.000000e+00 0.000000e+00 0.000000e+00 0.000000e+00   0.0%
Macro                0.000000e+00 0.000000e+00 0.000000e+00 0.000000e+00   0.0%
Pad                  0.000000e+00 0.000000e+00 0.000000e+00 0.000000e+00   0.0%
------------------------------------------------------------------------
Total                1.004695e-03 7.556207e-04 3.734820e-09 1.760319e-03 100.0%
                            57.1%        42.9%         0.0%

