
===========================================================================
report_checks -path_delay max (Setup)
============================================================================
======================= min_ss_100C_1v60 Corner ===================================

Startpoint: _8_ (rising edge-triggered flip-flop clocked by clk)
Endpoint: sum (output port clocked by clk)
Path Group: clk
Path Type: max

Fanout         Cap        Slew       Delay        Time   Description
---------------------------------------------------------------------------------------------
                                  0.000000    0.000000   clock clk (rise edge)
                                  0.000000    0.000000   clock source latency
     1    0.009335    0.076576    0.049078    0.049078 ^ clk (in)
                                                         clk (net)
                      0.076576    0.000000    0.049078 ^ clkbuf_0_clk/A (sky130_fd_sc_hd__clkbuf_16)
     2    0.018736    0.065851    0.222769    0.271847 ^ clkbuf_0_clk/X (sky130_fd_sc_hd__clkbuf_16)
                                                         clknet_0_clk (net)
                      0.065851    0.000196    0.272043 ^ clkbuf_1_0__f_clk/A (sky130_fd_sc_hd__clkbuf_16)
     1    0.003421    0.045595    0.193253    0.465297 ^ clkbuf_1_0__f_clk/X (sky130_fd_sc_hd__clkbuf_16)
                                                         clknet_1_0__leaf_clk (net)
                      0.045595    0.000047    0.465344 ^ _8_/CLK (sky130_fd_sc_hd__dfrtp_1)
     1    0.003176    0.078907    0.723360    1.188704 v _8_/Q (sky130_fd_sc_hd__dfrtp_1)
                                                         net6 (net)
                      0.078907    0.000046    1.188749 v output6/A (sky130_fd_sc_hd__buf_2)
     1    0.034823    0.167979    0.350623    1.539372 v output6/X (sky130_fd_sc_hd__buf_2)
                                                         sum (net)
                      0.167979    0.000384    1.539756 v sum (out)
                                              1.539756   data arrival time

                                  8.000000    8.000000   clock clk (rise edge)
                                  0.000000    8.000000   clock network delay (propagated)
                                 -0.250000    7.750000   clock uncertainty
                                  0.000000    7.750000   clock reconvergence pessimism
                                 -1.600000    6.150000   output external delay
                                              6.150000   data required time
---------------------------------------------------------------------------------------------
                                              6.150000   data required time
                                             -1.539756   data arrival time
---------------------------------------------------------------------------------------------
                                              4.610244   slack (MET)


Startpoint: _9_ (rising edge-triggered flip-flop clocked by clk)
Endpoint: cout (output port clocked by clk)
Path Group: clk
Path Type: max

Fanout         Cap        Slew       Delay        Time   Description
---------------------------------------------------------------------------------------------
                                  0.000000    0.000000   clock clk (rise edge)
                                  0.000000    0.000000   clock source latency
     1    0.009335    0.076576    0.049078    0.049078 ^ clk (in)
                                                         clk (net)
                      0.076576    0.000000    0.049078 ^ clkbuf_0_clk/A (sky130_fd_sc_hd__clkbuf_16)
     2    0.018736    0.065851    0.222769    0.271847 ^ clkbuf_0_clk/X (sky130_fd_sc_hd__clkbuf_16)
                                                         clknet_0_clk (net)
                      0.065851    0.000209    0.272056 ^ clkbuf_1_1__f_clk/A (sky130_fd_sc_hd__clkbuf_16)
     1    0.003999    0.046424    0.194350    0.466406 ^ clkbuf_1_1__f_clk/X (sky130_fd_sc_hd__clkbuf_16)
                                                         clknet_1_1__leaf_clk (net)
                      0.046424    0.000064    0.466470 ^ _9_/CLK (sky130_fd_sc_hd__dfrtp_1)
     1    0.001987    0.070354    0.707975    1.174445 v _9_/Q (sky130_fd_sc_hd__dfrtp_1)
                                                         net5 (net)
                      0.070354    0.000017    1.174462 v output5/A (sky130_fd_sc_hd__buf_2)
     1    0.034055    0.164918    0.344387    1.518849 v output5/X (sky130_fd_sc_hd__buf_2)
                                                         cout (net)
                      0.164918    0.000179    1.519028 v cout (out)
                                              1.519028   data arrival time

                                  8.000000    8.000000   clock clk (rise edge)
                                  0.000000    8.000000   clock network delay (propagated)
                                 -0.250000    7.750000   clock uncertainty
                                  0.000000    7.750000   clock reconvergence pessimism
                                 -1.600000    6.150000   output external delay
                                              6.150000   data required time
---------------------------------------------------------------------------------------------
                                              6.150000   data required time
                                             -1.519028   data arrival time
---------------------------------------------------------------------------------------------
                                              4.630972   slack (MET)


Startpoint: b (input port clocked by clk)
Endpoint: _8_ (rising edge-triggered flip-flop clocked by clk)
Path Group: clk
Path Type: max

Fanout         Cap        Slew       Delay        Time   Description
---------------------------------------------------------------------------------------------
                                  0.000000    0.000000   clock clk (rise edge)
                                  0.000000    0.000000   clock network delay (propagated)
                                  1.600000    1.600000 v input external delay
     1    0.002619    0.017776    0.008647    1.608647 v b (in)
                                                         b (net)
                      0.017776    0.000000    1.608647 v input2/A (sky130_fd_sc_hd__buf_1)
     2    0.007851    0.102181    0.180433    1.789080 v input2/X (sky130_fd_sc_hd__buf_1)
                                                         net2 (net)
                      0.102181    0.000049    1.789128 v _5_/A (sky130_fd_sc_hd__xnor2_1)
     2    0.008065    0.368056    0.386615    2.175743 ^ _5_/Y (sky130_fd_sc_hd__xnor2_1)
                                                         _2_ (net)
                      0.368056    0.000039    2.175782 ^ _7_/B (sky130_fd_sc_hd__xnor2_1)
     1    0.004631    0.117292    0.241446    2.417228 v _7_/Y (sky130_fd_sc_hd__xnor2_1)
                                                         sum_comb (net)
                      0.117292    0.000080    2.417308 v _8_/D (sky130_fd_sc_hd__dfrtp_1)
                                              2.417308   data arrival time

                                  8.000000    8.000000   clock clk (rise edge)
                                  0.000000    8.000000   clock source latency
     1    0.009335    0.076576    0.049078    8.049078 ^ clk (in)
                                                         clk (net)
                      0.076576    0.000000    8.049078 ^ clkbuf_0_clk/A (sky130_fd_sc_hd__clkbuf_16)
     2    0.018736    0.065851    0.222769    8.271848 ^ clkbuf_0_clk/X (sky130_fd_sc_hd__clkbuf_16)
                                                         clknet_0_clk (net)
                      0.065851    0.000196    8.272044 ^ clkbuf_1_0__f_clk/A (sky130_fd_sc_hd__clkbuf_16)
     1    0.003421    0.045595    0.193253    8.465297 ^ clkbuf_1_0__f_clk/X (sky130_fd_sc_hd__clkbuf_16)
                                                         clknet_1_0__leaf_clk (net)
                      0.045595    0.000046    8.465343 ^ _8_/CLK (sky130_fd_sc_hd__dfrtp_1)
                                 -0.250000    8.215343   clock uncertainty
                                  0.000000    8.215343   clock reconvergence pessimism
                                 -0.302800    7.912543   library setup time
                                              7.912543   data required time
---------------------------------------------------------------------------------------------
                                              7.912543   data required time
                                             -2.417308   data arrival time
---------------------------------------------------------------------------------------------
                                              5.495234   slack (MET)


Startpoint: b (input port clocked by clk)
Endpoint: _9_ (rising edge-triggered flip-flop clocked by clk)
Path Group: clk
Path Type: max

Fanout         Cap        Slew       Delay        Time   Description
---------------------------------------------------------------------------------------------
                                  0.000000    0.000000   clock clk (rise edge)
                                  0.000000    0.000000   clock network delay (propagated)
                                  1.600000    1.600000 v input external delay
     1    0.002619    0.017776    0.008647    1.608647 v b (in)
                                                         b (net)
                      0.017776    0.000000    1.608647 v input2/A (sky130_fd_sc_hd__buf_1)
     2    0.007851    0.102181    0.180433    1.789080 v input2/X (sky130_fd_sc_hd__buf_1)
                                                         net2 (net)
                      0.102181    0.000049    1.789128 v _5_/A (sky130_fd_sc_hd__xnor2_1)
     2    0.008065    0.368056    0.386615    2.175743 ^ _5_/Y (sky130_fd_sc_hd__xnor2_1)
                                                         _2_ (net)
                      0.368056    0.000043    2.175786 ^ _6_/A2 (sky130_fd_sc_hd__o21ai_1)
     1    0.003315    0.096819    0.215289    2.391075 v _6_/Y (sky130_fd_sc_hd__o21ai_1)
                                                         cout_comb (net)
                      0.096819    0.000036    2.391110 v _9_/D (sky130_fd_sc_hd__dfrtp_1)
                                              2.391110   data arrival time

                                  8.000000    8.000000   clock clk (rise edge)
                                  0.000000    8.000000   clock source latency
     1    0.009335    0.076576    0.049078    8.049078 ^ clk (in)
                                                         clk (net)
                      0.076576    0.000000    8.049078 ^ clkbuf_0_clk/A (sky130_fd_sc_hd__clkbuf_16)
     2    0.018736    0.065851    0.222769    8.271848 ^ clkbuf_0_clk/X (sky130_fd_sc_hd__clkbuf_16)
                                                         clknet_0_clk (net)
                      0.065851    0.000209    8.272057 ^ clkbuf_1_1__f_clk/A (sky130_fd_sc_hd__clkbuf_16)
     1    0.003999    0.046424    0.194349    8.466406 ^ clkbuf_1_1__f_clk/X (sky130_fd_sc_hd__clkbuf_16)
                                                         clknet_1_1__leaf_clk (net)
                      0.046424    0.000065    8.466471 ^ _9_/CLK (sky130_fd_sc_hd__dfrtp_1)
                                 -0.250000    8.216471   clock uncertainty
                                  0.000000    8.216471   clock reconvergence pessimism
                                 -0.294037    7.922433   library setup time
                                              7.922433   data required time
---------------------------------------------------------------------------------------------
                                              7.922433   data required time
                                             -2.391110   data arrival time
---------------------------------------------------------------------------------------------
                                              5.531323   slack (MET)


Startpoint: rst_n (input port clocked by clk)
Endpoint: _8_ (recovery check against rising-edge clock clk)
Path Group: asynchronous
Path Type: max

Fanout         Cap        Slew       Delay        Time   Description
---------------------------------------------------------------------------------------------
                                  0.000000    0.000000   clock clk (rise edge)
                                  0.000000    0.000000   clock network delay (propagated)
                                  1.600000    1.600000 ^ input external delay
     1    0.002880    0.032782    0.016190    1.616190 ^ rst_n (in)
                                                         rst_n (net)
                      0.032782    0.000000    1.616190 ^ input4/A (sky130_fd_sc_hd__buf_1)
     2    0.007763    0.164763    0.198684    1.814874 ^ input4/X (sky130_fd_sc_hd__buf_1)
                                                         net4 (net)
                      0.164763    0.000053    1.814927 ^ _8_/RESET_B (sky130_fd_sc_hd__dfrtp_1)
                                              1.814927   data arrival time

                                  8.000000    8.000000   clock clk (rise edge)
                                  0.000000    8.000000   clock source latency
     1    0.009335    0.076576    0.049078    8.049078 ^ clk (in)
                                                         clk (net)
                      0.076576    0.000000    8.049078 ^ clkbuf_0_clk/A (sky130_fd_sc_hd__clkbuf_16)
     2    0.018736    0.065851    0.222769    8.271848 ^ clkbuf_0_clk/X (sky130_fd_sc_hd__clkbuf_16)
                                                         clknet_0_clk (net)
                      0.065851    0.000196    8.272044 ^ clkbuf_1_0__f_clk/A (sky130_fd_sc_hd__clkbuf_16)
     1    0.003421    0.045595    0.193253    8.465297 ^ clkbuf_1_0__f_clk/X (sky130_fd_sc_hd__clkbuf_16)
                                                         clknet_1_0__leaf_clk (net)
                      0.045595    0.000046    8.465343 ^ _8_/CLK (sky130_fd_sc_hd__dfrtp_1)
                                 -0.250000    8.215343   clock uncertainty
                                  0.000000    8.215343   clock reconvergence pessimism
                                  0.419294    8.634637   library recovery time
                                              8.634637   data required time
---------------------------------------------------------------------------------------------
                                              8.634637   data required time
                                             -1.814927   data arrival time
---------------------------------------------------------------------------------------------
                                              6.819711   slack (MET)


Startpoint: rst_n (input port clocked by clk)
Endpoint: _9_ (recovery check against rising-edge clock clk)
Path Group: asynchronous
Path Type: max

Fanout         Cap        Slew       Delay        Time   Description
---------------------------------------------------------------------------------------------
                                  0.000000    0.000000   clock clk (rise edge)
                                  0.000000    0.000000   clock network delay (propagated)
                                  1.600000    1.600000 ^ input external delay
     1    0.002880    0.032782    0.016190    1.616190 ^ rst_n (in)
                                                         rst_n (net)
                      0.032782    0.000000    1.616190 ^ input4/A (sky130_fd_sc_hd__buf_1)
     2    0.007763    0.164763    0.198684    1.814874 ^ input4/X (sky130_fd_sc_hd__buf_1)
                                                         net4 (net)
                      0.164763    0.000070    1.814944 ^ _9_/RESET_B (sky130_fd_sc_hd__dfrtp_1)
                                              1.814944   data arrival time

                                  8.000000    8.000000   clock clk (rise edge)
                                  0.000000    8.000000   clock source latency
     1    0.009335    0.076576    0.049078    8.049078 ^ clk (in)
                                                         clk (net)
                      0.076576    0.000000    8.049078 ^ clkbuf_0_clk/A (sky130_fd_sc_hd__clkbuf_16)
     2    0.018736    0.065851    0.222769    8.271848 ^ clkbuf_0_clk/X (sky130_fd_sc_hd__clkbuf_16)
                                                         clknet_0_clk (net)
                      0.065851    0.000209    8.272057 ^ clkbuf_1_1__f_clk/A (sky130_fd_sc_hd__clkbuf_16)
     1    0.003999    0.046424    0.194349    8.466406 ^ clkbuf_1_1__f_clk/X (sky130_fd_sc_hd__clkbuf_16)
                                                         clknet_1_1__leaf_clk (net)
                      0.046424    0.000065    8.466471 ^ _9_/CLK (sky130_fd_sc_hd__dfrtp_1)
                                 -0.250000    8.216471   clock uncertainty
                                  0.000000    8.216471   clock reconvergence pessimism
                                  0.419572    8.636043   library recovery time
                                              8.636043   data required time
---------------------------------------------------------------------------------------------
                                              8.636043   data required time
                                             -1.814944   data arrival time
---------------------------------------------------------------------------------------------
                                              6.821098   slack (MET)



