
===========================================================================
report_checks -unconstrained
===========================================================================
======================= max_ss_100C_1v60 Corner ===================================

Startpoint: rst_n (input port clocked by clk)
Endpoint: _8_ (recovery check against rising-edge clock clk)
Path Group: asynchronous
Path Type: max

Fanout         Cap        Slew       Delay        Time   Description
---------------------------------------------------------------------------------------------
                                  0.000000    0.000000   clock clk (rise edge)
                                  0.000000    0.000000   clock network delay (propagated)
                                  1.600000    1.600000 ^ input external delay
     1    0.003009    0.033624    0.016938    1.616938 ^ rst_n (in)
                                                         rst_n (net)
                      0.033625    0.000000    1.616938 ^ input4/A (sky130_fd_sc_hd__buf_1)
     2    0.008028    0.165409    0.202249    1.819187 ^ input4/X (sky130_fd_sc_hd__buf_1)
                                                         net4 (net)
                      0.165409    0.000376    1.819563 ^ _8_/RESET_B (sky130_fd_sc_hd__dfrtp_1)
                                              1.819563   data arrival time

                                  8.000000    8.000000   clock clk (rise edge)
                                  0.000000    8.000000   clock source latency
     1    0.009630    0.078628    0.050714    8.050714 ^ clk (in)
                                                         clk (net)
                      0.078632    0.000000    8.050714 ^ clkbuf_0_clk/A (sky130_fd_sc_hd__clkbuf_16)
     2    0.019377    0.066666    0.224271    8.274985 ^ clkbuf_0_clk/X (sky130_fd_sc_hd__clkbuf_16)
                                                         clknet_0_clk (net)
                      0.066682    0.001180    8.276166 ^ clkbuf_1_0__f_clk/A (sky130_fd_sc_hd__clkbuf_16)
     1    0.003711    0.046025    0.194158    8.470324 ^ clkbuf_1_0__f_clk/X (sky130_fd_sc_hd__clkbuf_16)
                                                         clknet_1_0__leaf_clk (net)
                      0.046025    0.000259    8.470583 ^ _8_/CLK (sky130_fd_sc_hd__dfrtp_1)
                                 -0.250000    8.220583   clock uncertainty
                                  0.000000    8.220583   clock reconvergence pessimism
                                  0.419199    8.639782   library recovery time
                                              8.639782   data required time
---------------------------------------------------------------------------------------------
                                              8.639782   data required time
                                             -1.819563   data arrival time
---------------------------------------------------------------------------------------------
                                              6.820219   slack (MET)


Startpoint: _8_ (rising edge-triggered flip-flop clocked by clk)
Endpoint: sum (output port clocked by clk)
Path Group: clk
Path Type: max

Fanout         Cap        Slew       Delay        Time   Description
---------------------------------------------------------------------------------------------
                                  0.000000    0.000000   clock clk (rise edge)
                                  0.000000    0.000000   clock source latency
     1    0.009630    0.078628    0.050714    0.050714 ^ clk (in)
                                                         clk (net)
                      0.078632    0.000000    0.050714 ^ clkbuf_0_clk/A (sky130_fd_sc_hd__clkbuf_16)
     2    0.019377    0.066666    0.224271    0.274985 ^ clkbuf_0_clk/X (sky130_fd_sc_hd__clkbuf_16)
                                                         clknet_0_clk (net)
                      0.066682    0.001180    0.276165 ^ clkbuf_1_0__f_clk/A (sky130_fd_sc_hd__clkbuf_16)
     1    0.003711    0.046025    0.194158    0.470323 ^ clkbuf_1_0__f_clk/X (sky130_fd_sc_hd__clkbuf_16)
                                                         clknet_1_0__leaf_clk (net)
                      0.046025    0.000259    0.470583 ^ _8_/CLK (sky130_fd_sc_hd__dfrtp_1)
     1    0.003543    0.082542    0.728369    1.198951 v _8_/Q (sky130_fd_sc_hd__dfrtp_1)
                                                         net6 (net)
                      0.082542    0.000230    1.199182 v output6/A (sky130_fd_sc_hd__buf_2)
     1    0.035092    0.169483    0.352165    1.551347 v output6/X (sky130_fd_sc_hd__buf_2)
                                                         sum (net)
                      0.169503    0.001922    1.553269 v sum (out)
                                              1.553269   data arrival time

                                  8.000000    8.000000   clock clk (rise edge)
                                  0.000000    8.000000   clock network delay (propagated)
                                 -0.250000    7.750000   clock uncertainty
                                  0.000000    7.750000   clock reconvergence pessimism
                                 -1.600000    6.150000   output external delay
                                              6.150000   data required time
---------------------------------------------------------------------------------------------
                                              6.150000   data required time
                                             -1.553269   data arrival time
---------------------------------------------------------------------------------------------
                                              4.596730   slack (MET)




===========================================================================
report_checks --slack_max -0.01
============================================================================
======================= max_ss_100C_1v60 Corner ===================================

No paths found.


===========================================================================
 report_check_types -max_slew -max_cap -max_fanout -violators
============================================================================
======================= max_ss_100C_1v60 Corner ===================================



===========================================================================
report_parasitic_annotation -report_unannotated
============================================================================
Found 0 unannotated drivers.
Found 0 partially unannotated drivers.

===========================================================================
max slew violation count 0
max fanout violation count 0
max cap violation count 0
============================================================================

===========================================================================
check_setup -verbose -unconstrained_endpoints -multiple_clock -no_clock -no_input_delay -loops -generated_clocks
===========================================================================
