
===========================================================================
 report_power
============================================================================
======================= max_ss_100C_1v60 Corner ===================================

Group                    Internal    Switching      Leakage        Total
                            Power        Power        Power        Power (Watts)
------------------------------------------------------------------------
Sequential           8.964279e-06 2.424324e-07 3.773559e-08 9.244447e-06  12.2%
Combinational        1.889199e-06 3.997874e-06 4.513307e-08 5.932205e-06   7.9%
Clock                5.143864e-05 8.808985e-06 5.715007e-08 6.030477e-05  79.9%
Macro                0.000000e+00 0.000000e+00 0.000000e+00 0.000000e+00   0.0%
Pad                  0.000000e+00 0.000000e+00 0.000000e+00 0.000000e+00   0.0%
------------------------------------------------------------------------
Total                6.229211e-05 1.304929e-05 1.400187e-07 7.548142e-05 100.0%
                            82.5%        17.3%         0.2%

