
===========================================================================
 report_power
============================================================================
======================= nom_tt_025C_1v80 Corner ===================================

Group                    Internal    Switching      Leakage        Total
                            Power        Power        Power        Power (Watts)
------------------------------------------------------------------------
Sequential           6.076802e-03 1.115141e-03 2.668050e-08 7.191970e-03  13.2%
Combinational        2.284895e-02 2.433085e-02 1.024426e-07 4.717990e-02  86.8%
Clock                0.000000e+00 0.000000e+00 0.000000e+00 0.000000e+00   0.0%
Macro                0.000000e+00 0.000000e+00 0.000000e+00 0.000000e+00   0.0%
Pad                  0.000000e+00 0.000000e+00 0.000000e+00 0.000000e+00   0.0%
------------------------------------------------------------------------
Total                2.892578e-02 2.544600e-02 1.291228e-07 5.437191e-02 100.0%
                            53.2%        46.8%         0.0%

