
34. Executing PROC_DLATCH pass (convert process syncs to latches).
No latch inferred for signal `$paramod\ASCON_SBOX_PIPELINED\G_SBOX_PIPELINE=s32'00000000000000000000000000000000.\out' from process `$paramod\ASCON_SBOX_PIPELINED\G_SBOX_PIPELINE=s32'00000000000000000000000000000000.$proc$/home/chithang/pdop2/ascon/src/ascon_SBOX_PIPELINED.v:114$1157'.
No latch inferred for signal `\LINEAR_DIFFUSION.\ROR$func$/home/chithang/pdop2/ascon/src/ascon_LINEAR_DIFFUSION.v:42$1045.$result' from process `\LINEAR_DIFFUSION.$proc$/home/chithang/pdop2/ascon/src/ascon_LINEAR_DIFFUSION.v:0$1129'.
No latch inferred for signal `\LINEAR_DIFFUSION.\ROR$func$/home/chithang/pdop2/ascon/src/ascon_LINEAR_DIFFUSION.v:42$1055.$result' from process `\LINEAR_DIFFUSION.$proc$/home/chithang/pdop2/ascon/src/ascon_LINEAR_DIFFUSION.v:0$1129'.
No latch inferred for signal `\LINEAR_DIFFUSION.\ROR$func$/home/chithang/pdop2/ascon/src/ascon_LINEAR_DIFFUSION.v:42$1055.value' from process `\LINEAR_DIFFUSION.$proc$/home/chithang/pdop2/ascon/src/ascon_LINEAR_DIFFUSION.v:0$1129'.
No latch inferred for signal `\LINEAR_DIFFUSION.\ROR$func$/home/chithang/pdop2/ascon/src/ascon_LINEAR_DIFFUSION.v:42$1044.$result' from process `\LINEAR_DIFFUSION.$proc$/home/chithang/pdop2/ascon/src/ascon_LINEAR_DIFFUSION.v:0$1122'.
No latch inferred for signal `\LINEAR_DIFFUSION.\ROR$func$/home/chithang/pdop2/ascon/src/ascon_LINEAR_DIFFUSION.v:42$1054.$result' from process `\LINEAR_DIFFUSION.$proc$/home/chithang/pdop2/ascon/src/ascon_LINEAR_DIFFUSION.v:0$1122'.
No latch inferred for signal `\LINEAR_DIFFUSION.\ROR$func$/home/chithang/pdop2/ascon/src/ascon_LINEAR_DIFFUSION.v:42$1054.value' from process `\LINEAR_DIFFUSION.$proc$/home/chithang/pdop2/ascon/src/ascon_LINEAR_DIFFUSION.v:0$1122'.
No latch inferred for signal `\LINEAR_DIFFUSION.\ROR$func$/home/chithang/pdop2/ascon/src/ascon_LINEAR_DIFFUSION.v:39$1043.$result' from process `\LINEAR_DIFFUSION.$proc$/home/chithang/pdop2/ascon/src/ascon_LINEAR_DIFFUSION.v:0$1115'.
No latch inferred for signal `\LINEAR_DIFFUSION.\ROR$func$/home/chithang/pdop2/ascon/src/ascon_LINEAR_DIFFUSION.v:39$1053.$result' from process `\LINEAR_DIFFUSION.$proc$/home/chithang/pdop2/ascon/src/ascon_LINEAR_DIFFUSION.v:0$1115'.
No latch inferred for signal `\LINEAR_DIFFUSION.\ROR$func$/home/chithang/pdop2/ascon/src/ascon_LINEAR_DIFFUSION.v:39$1053.value' from process `\LINEAR_DIFFUSION.$proc$/home/chithang/pdop2/ascon/src/ascon_LINEAR_DIFFUSION.v:0$1115'.
No latch inferred for signal `\LINEAR_DIFFUSION.\ROR$func$/home/chithang/pdop2/ascon/src/ascon_LINEAR_DIFFUSION.v:39$1042.$result' from process `\LINEAR_DIFFUSION.$proc$/home/chithang/pdop2/ascon/src/ascon_LINEAR_DIFFUSION.v:0$1108'.
No latch inferred for signal `\LINEAR_DIFFUSION.\ROR$func$/home/chithang/pdop2/ascon/src/ascon_LINEAR_DIFFUSION.v:39$1052.$result' from process `\LINEAR_DIFFUSION.$proc$/home/chithang/pdop2/ascon/src/ascon_LINEAR_DIFFUSION.v:0$1108'.
No latch inferred for signal `\LINEAR_DIFFUSION.\ROR$func$/home/chithang/pdop2/ascon/src/ascon_LINEAR_DIFFUSION.v:39$1052.value' from process `\LINEAR_DIFFUSION.$proc$/home/chithang/pdop2/ascon/src/ascon_LINEAR_DIFFUSION.v:0$1108'.
No latch inferred for signal `\LINEAR_DIFFUSION.\ROR$func$/home/chithang/pdop2/ascon/src/ascon_LINEAR_DIFFUSION.v:36$1041.$result' from process `\LINEAR_DIFFUSION.$proc$/home/chithang/pdop2/ascon/src/ascon_LINEAR_DIFFUSION.v:0$1101'.
No latch inferred for signal `\LINEAR_DIFFUSION.\ROR$func$/home/chithang/pdop2/ascon/src/ascon_LINEAR_DIFFUSION.v:36$1051.$result' from process `\LINEAR_DIFFUSION.$proc$/home/chithang/pdop2/ascon/src/ascon_LINEAR_DIFFUSION.v:0$1101'.
No latch inferred for signal `\LINEAR_DIFFUSION.\ROR$func$/home/chithang/pdop2/ascon/src/ascon_LINEAR_DIFFUSION.v:36$1051.value' from process `\LINEAR_DIFFUSION.$proc$/home/chithang/pdop2/ascon/src/ascon_LINEAR_DIFFUSION.v:0$1101'.
No latch inferred for signal `\LINEAR_DIFFUSION.\ROR$func$/home/chithang/pdop2/ascon/src/ascon_LINEAR_DIFFUSION.v:36$1040.$result' from process `\LINEAR_DIFFUSION.$proc$/home/chithang/pdop2/ascon/src/ascon_LINEAR_DIFFUSION.v:0$1094'.
No latch inferred for signal `\LINEAR_DIFFUSION.\ROR$func$/home/chithang/pdop2/ascon/src/ascon_LINEAR_DIFFUSION.v:36$1050.$result' from process `\LINEAR_DIFFUSION.$proc$/home/chithang/pdop2/ascon/src/ascon_LINEAR_DIFFUSION.v:0$1094'.
No latch inferred for signal `\LINEAR_DIFFUSION.\ROR$func$/home/chithang/pdop2/ascon/src/ascon_LINEAR_DIFFUSION.v:36$1050.value' from process `\LINEAR_DIFFUSION.$proc$/home/chithang/pdop2/ascon/src/ascon_LINEAR_DIFFUSION.v:0$1094'.
No latch inferred for signal `\LINEAR_DIFFUSION.\ROR$func$/home/chithang/pdop2/ascon/src/ascon_LINEAR_DIFFUSION.v:33$1039.$result' from process `\LINEAR_DIFFUSION.$proc$/home/chithang/pdop2/ascon/src/ascon_LINEAR_DIFFUSION.v:0$1087'.
No latch inferred for signal `\LINEAR_DIFFUSION.\ROR$func$/home/chithang/pdop2/ascon/src/ascon_LINEAR_DIFFUSION.v:33$1049.$result' from process `\LINEAR_DIFFUSION.$proc$/home/chithang/pdop2/ascon/src/ascon_LINEAR_DIFFUSION.v:0$1087'.
No latch inferred for signal `\LINEAR_DIFFUSION.\ROR$func$/home/chithang/pdop2/ascon/src/ascon_LINEAR_DIFFUSION.v:33$1049.value' from process `\LINEAR_DIFFUSION.$proc$/home/chithang/pdop2/ascon/src/ascon_LINEAR_DIFFUSION.v:0$1087'.
No latch inferred for signal `\LINEAR_DIFFUSION.\ROR$func$/home/chithang/pdop2/ascon/src/ascon_LINEAR_DIFFUSION.v:33$1038.$result' from process `\LINEAR_DIFFUSION.$proc$/home/chithang/pdop2/ascon/src/ascon_LINEAR_DIFFUSION.v:0$1080'.
No latch inferred for signal `\LINEAR_DIFFUSION.\ROR$func$/home/chithang/pdop2/ascon/src/ascon_LINEAR_DIFFUSION.v:33$1048.$result' from process `\LINEAR_DIFFUSION.$proc$/home/chithang/pdop2/ascon/src/ascon_LINEAR_DIFFUSION.v:0$1080'.
No latch inferred for signal `\LINEAR_DIFFUSION.\ROR$func$/home/chithang/pdop2/ascon/src/ascon_LINEAR_DIFFUSION.v:33$1048.value' from process `\LINEAR_DIFFUSION.$proc$/home/chithang/pdop2/ascon/src/ascon_LINEAR_DIFFUSION.v:0$1080'.
No latch inferred for signal `\LINEAR_DIFFUSION.\ROR$func$/home/chithang/pdop2/ascon/src/ascon_LINEAR_DIFFUSION.v:30$1037.$result' from process `\LINEAR_DIFFUSION.$proc$/home/chithang/pdop2/ascon/src/ascon_LINEAR_DIFFUSION.v:0$1073'.
No latch inferred for signal `\LINEAR_DIFFUSION.\ROR$func$/home/chithang/pdop2/ascon/src/ascon_LINEAR_DIFFUSION.v:30$1047.$result' from process `\LINEAR_DIFFUSION.$proc$/home/chithang/pdop2/ascon/src/ascon_LINEAR_DIFFUSION.v:0$1073'.
No latch inferred for signal `\LINEAR_DIFFUSION.\ROR$func$/home/chithang/pdop2/ascon/src/ascon_LINEAR_DIFFUSION.v:30$1047.value' from process `\LINEAR_DIFFUSION.$proc$/home/chithang/pdop2/ascon/src/ascon_LINEAR_DIFFUSION.v:0$1073'.
No latch inferred for signal `\LINEAR_DIFFUSION.\ROR$func$/home/chithang/pdop2/ascon/src/ascon_LINEAR_DIFFUSION.v:30$1036.$result' from process `\LINEAR_DIFFUSION.$proc$/home/chithang/pdop2/ascon/src/ascon_LINEAR_DIFFUSION.v:0$1066'.
No latch inferred for signal `\LINEAR_DIFFUSION.\ROR$func$/home/chithang/pdop2/ascon/src/ascon_LINEAR_DIFFUSION.v:30$1046.$result' from process `\LINEAR_DIFFUSION.$proc$/home/chithang/pdop2/ascon/src/ascon_LINEAR_DIFFUSION.v:0$1066'.
No latch inferred for signal `\LINEAR_DIFFUSION.\ROR$func$/home/chithang/pdop2/ascon/src/ascon_LINEAR_DIFFUSION.v:30$1046.value' from process `\LINEAR_DIFFUSION.$proc$/home/chithang/pdop2/ascon/src/ascon_LINEAR_DIFFUSION.v:0$1066'.
No latch inferred for signal `$paramod\ascon_DATAPATH\G_DUAL_RATE=s32'00000000000000000000000000000001.\bswap64$func$/home/chithang/pdop2/ascon/src/ascon_datapath.v:160$508.$result' from process `$paramod\ascon_DATAPATH\G_DUAL_RATE=s32'00000000000000000000000000000001.$proc$/home/chithang/pdop2/ascon/src/ascon_datapath.v:0$803'.
No latch inferred for signal `$paramod\ascon_DATAPATH\G_DUAL_RATE=s32'00000000000000000000000000000001.\bswap64$func$/home/chithang/pdop2/ascon/src/ascon_datapath.v:160$525.$result' from process `$paramod\ascon_DATAPATH\G_DUAL_RATE=s32'00000000000000000000000000000001.$proc$/home/chithang/pdop2/ascon/src/ascon_datapath.v:0$803'.
No latch inferred for signal `$paramod\ascon_DATAPATH\G_DUAL_RATE=s32'00000000000000000000000000000001.\bswap64$func$/home/chithang/pdop2/ascon/src/ascon_datapath.v:160$525.x' from process `$paramod\ascon_DATAPATH\G_DUAL_RATE=s32'00000000000000000000000000000001.$proc$/home/chithang/pdop2/ascon/src/ascon_datapath.v:0$803'.
No latch inferred for signal `$paramod\ascon_DATAPATH\G_DUAL_RATE=s32'00000000000000000000000000000001.\bswap64$func$/home/chithang/pdop2/ascon/src/ascon_datapath.v:159$507.$result' from process `$paramod\ascon_DATAPATH\G_DUAL_RATE=s32'00000000000000000000000000000001.$proc$/home/chithang/pdop2/ascon/src/ascon_datapath.v:0$799'.
No latch inferred for signal `$paramod\ascon_DATAPATH\G_DUAL_RATE=s32'00000000000000000000000000000001.\bswap64$func$/home/chithang/pdop2/ascon/src/ascon_datapath.v:159$524.$result' from process `$paramod\ascon_DATAPATH\G_DUAL_RATE=s32'00000000000000000000000000000001.$proc$/home/chithang/pdop2/ascon/src/ascon_datapath.v:0$799'.
No latch inferred for signal `$paramod\ascon_DATAPATH\G_DUAL_RATE=s32'00000000000000000000000000000001.\bswap64$func$/home/chithang/pdop2/ascon/src/ascon_datapath.v:159$524.x' from process `$paramod\ascon_DATAPATH\G_DUAL_RATE=s32'00000000000000000000000000000001.$proc$/home/chithang/pdop2/ascon/src/ascon_datapath.v:0$799'.
No latch inferred for signal `$paramod\ascon_DATAPATH\G_DUAL_RATE=s32'00000000000000000000000000000001.\bswap64$func$/home/chithang/pdop2/ascon/src/ascon_datapath.v:158$506.$result' from process `$paramod\ascon_DATAPATH\G_DUAL_RATE=s32'00000000000000000000000000000001.$proc$/home/chithang/pdop2/ascon/src/ascon_datapath.v:0$795'.
No latch inferred for signal `$paramod\ascon_DATAPATH\G_DUAL_RATE=s32'00000000000000000000000000000001.\bswap64$func$/home/chithang/pdop2/ascon/src/ascon_datapath.v:158$523.$result' from process `$paramod\ascon_DATAPATH\G_DUAL_RATE=s32'00000000000000000000000000000001.$proc$/home/chithang/pdop2/ascon/src/ascon_datapath.v:0$795'.
No latch inferred for signal `$paramod\ascon_DATAPATH\G_DUAL_RATE=s32'00000000000000000000000000000001.\bswap64$func$/home/chithang/pdop2/ascon/src/ascon_datapath.v:158$523.x' from process `$paramod\ascon_DATAPATH\G_DUAL_RATE=s32'00000000000000000000000000000001.$proc$/home/chithang/pdop2/ascon/src/ascon_datapath.v:0$795'.
No latch inferred for signal `$paramod\ascon_DATAPATH\G_DUAL_RATE=s32'00000000000000000000000000000001.\bswap64$func$/home/chithang/pdop2/ascon/src/ascon_datapath.v:157$505.$result' from process `$paramod\ascon_DATAPATH\G_DUAL_RATE=s32'00000000000000000000000000000001.$proc$/home/chithang/pdop2/ascon/src/ascon_datapath.v:0$791'.
No latch inferred for signal `$paramod\ascon_DATAPATH\G_DUAL_RATE=s32'00000000000000000000000000000001.\bswap64$func$/home/chithang/pdop2/ascon/src/ascon_datapath.v:157$522.$result' from process `$paramod\ascon_DATAPATH\G_DUAL_RATE=s32'00000000000000000000000000000001.$proc$/home/chithang/pdop2/ascon/src/ascon_datapath.v:0$791'.
No latch inferred for signal `$paramod\ascon_DATAPATH\G_DUAL_RATE=s32'00000000000000000000000000000001.\bswap64$func$/home/chithang/pdop2/ascon/src/ascon_datapath.v:157$522.x' from process `$paramod\ascon_DATAPATH\G_DUAL_RATE=s32'00000000000000000000000000000001.$proc$/home/chithang/pdop2/ascon/src/ascon_datapath.v:0$791'.
No latch inferred for signal `$paramod\ascon_DATAPATH\G_DUAL_RATE=s32'00000000000000000000000000000001.\build_dec_padx$func$/home/chithang/pdop2/ascon/src/ascon_datapath.v:156$504.$result' from process `$paramod\ascon_DATAPATH\G_DUAL_RATE=s32'00000000000000000000000000000001.$proc$/home/chithang/pdop2/ascon/src/ascon_datapath.v:0$771'.
No latch inferred for signal `$paramod\ascon_DATAPATH\G_DUAL_RATE=s32'00000000000000000000000000000001.\build_dec_padx$func$/home/chithang/pdop2/ascon/src/ascon_datapath.v:156$520.$result' from process `$paramod\ascon_DATAPATH\G_DUAL_RATE=s32'00000000000000000000000000000001.$proc$/home/chithang/pdop2/ascon/src/ascon_datapath.v:0$771'.
No latch inferred for signal `$paramod\ascon_DATAPATH\G_DUAL_RATE=s32'00000000000000000000000000000001.\build_dec_padx$func$/home/chithang/pdop2/ascon/src/ascon_datapath.v:156$520.len' from process `$paramod\ascon_DATAPATH\G_DUAL_RATE=s32'00000000000000000000000000000001.$proc$/home/chithang/pdop2/ascon/src/ascon_datapath.v:0$771'.
No latch inferred for signal `$paramod\ascon_DATAPATH\G_DUAL_RATE=s32'00000000000000000000000000000001.\build_dec_padx$func$/home/chithang/pdop2/ascon/src/ascon_datapath.v:156$520.p' from process `$paramod\ascon_DATAPATH\G_DUAL_RATE=s32'00000000000000000000000000000001.$proc$/home/chithang/pdop2/ascon/src/ascon_datapath.v:0$771'.
No latch inferred for signal `$paramod\ascon_DATAPATH\G_DUAL_RATE=s32'00000000000000000000000000000001.$bitselwrite$pos$/home/chithang/pdop2/ascon/src/ascon_datapath.v:128$521' from process `$paramod\ascon_DATAPATH\G_DUAL_RATE=s32'00000000000000000000000000000001.$proc$/home/chithang/pdop2/ascon/src/ascon_datapath.v:0$771'.
No latch inferred for signal `$paramod\ascon_DATAPATH\G_DUAL_RATE=s32'00000000000000000000000000000001.\build_dec_mask$func$/home/chithang/pdop2/ascon/src/ascon_datapath.v:155$503.$result' from process `$paramod\ascon_DATAPATH\G_DUAL_RATE=s32'00000000000000000000000000000001.$proc$/home/chithang/pdop2/ascon/src/ascon_datapath.v:0$733'.
No latch inferred for signal `$paramod\ascon_DATAPATH\G_DUAL_RATE=s32'00000000000000000000000000000001.\build_dec_mask$func$/home/chithang/pdop2/ascon/src/ascon_datapath.v:155$519.$result' from process `$paramod\ascon_DATAPATH\G_DUAL_RATE=s32'00000000000000000000000000000001.$proc$/home/chithang/pdop2/ascon/src/ascon_datapath.v:0$733'.
No latch inferred for signal `$paramod\ascon_DATAPATH\G_DUAL_RATE=s32'00000000000000000000000000000001.\build_dec_mask$func$/home/chithang/pdop2/ascon/src/ascon_datapath.v:155$519.len' from process `$paramod\ascon_DATAPATH\G_DUAL_RATE=s32'00000000000000000000000000000001.$proc$/home/chithang/pdop2/ascon/src/ascon_datapath.v:0$733'.
No latch inferred for signal `$paramod\ascon_DATAPATH\G_DUAL_RATE=s32'00000000000000000000000000000001.\build_dec_mask$func$/home/chithang/pdop2/ascon/src/ascon_datapath.v:155$519.i' from process `$paramod\ascon_DATAPATH\G_DUAL_RATE=s32'00000000000000000000000000000001.$proc$/home/chithang/pdop2/ascon/src/ascon_datapath.v:0$733'.
No latch inferred for signal `$paramod\ascon_DATAPATH\G_DUAL_RATE=s32'00000000000000000000000000000001.\build_dec_mask$func$/home/chithang/pdop2/ascon/src/ascon_datapath.v:155$519.m' from process `$paramod\ascon_DATAPATH\G_DUAL_RATE=s32'00000000000000000000000000000001.$proc$/home/chithang/pdop2/ascon/src/ascon_datapath.v:0$733'.
No latch inferred for signal `$paramod\ascon_DATAPATH\G_DUAL_RATE=s32'00000000000000000000000000000001.\bswap64$func$/home/chithang/pdop2/ascon/src/ascon_datapath.v:152$502.$result' from process `$paramod\ascon_DATAPATH\G_DUAL_RATE=s32'00000000000000000000000000000001.$proc$/home/chithang/pdop2/ascon/src/ascon_datapath.v:0$729'.
No latch inferred for signal `$paramod\ascon_DATAPATH\G_DUAL_RATE=s32'00000000000000000000000000000001.\bswap64$func$/home/chithang/pdop2/ascon/src/ascon_datapath.v:152$518.$result' from process `$paramod\ascon_DATAPATH\G_DUAL_RATE=s32'00000000000000000000000000000001.$proc$/home/chithang/pdop2/ascon/src/ascon_datapath.v:0$729'.
No latch inferred for signal `$paramod\ascon_DATAPATH\G_DUAL_RATE=s32'00000000000000000000000000000001.\bswap64$func$/home/chithang/pdop2/ascon/src/ascon_datapath.v:152$518.x' from process `$paramod\ascon_DATAPATH\G_DUAL_RATE=s32'00000000000000000000000000000001.$proc$/home/chithang/pdop2/ascon/src/ascon_datapath.v:0$729'.
No latch inferred for signal `$paramod\ascon_DATAPATH\G_DUAL_RATE=s32'00000000000000000000000000000001.\bswap64$func$/home/chithang/pdop2/ascon/src/ascon_datapath.v:151$501.$result' from process `$paramod\ascon_DATAPATH\G_DUAL_RATE=s32'00000000000000000000000000000001.$proc$/home/chithang/pdop2/ascon/src/ascon_datapath.v:0$725'.
No latch inferred for signal `$paramod\ascon_DATAPATH\G_DUAL_RATE=s32'00000000000000000000000000000001.\bswap64$func$/home/chithang/pdop2/ascon/src/ascon_datapath.v:151$517.$result' from process `$paramod\ascon_DATAPATH\G_DUAL_RATE=s32'00000000000000000000000000000001.$proc$/home/chithang/pdop2/ascon/src/ascon_datapath.v:0$725'.
No latch inferred for signal `$paramod\ascon_DATAPATH\G_DUAL_RATE=s32'00000000000000000000000000000001.\bswap64$func$/home/chithang/pdop2/ascon/src/ascon_datapath.v:151$517.x' from process `$paramod\ascon_DATAPATH\G_DUAL_RATE=s32'00000000000000000000000000000001.$proc$/home/chithang/pdop2/ascon/src/ascon_datapath.v:0$725'.
No latch inferred for signal `$paramod\ascon_DATAPATH\G_DUAL_RATE=s32'00000000000000000000000000000001.\bswap64$func$/home/chithang/pdop2/ascon/src/ascon_datapath.v:147$500.$result' from process `$paramod\ascon_DATAPATH\G_DUAL_RATE=s32'00000000000000000000000000000001.$proc$/home/chithang/pdop2/ascon/src/ascon_datapath.v:0$721'.
No latch inferred for signal `$paramod\ascon_DATAPATH\G_DUAL_RATE=s32'00000000000000000000000000000001.\bswap64$func$/home/chithang/pdop2/ascon/src/ascon_datapath.v:147$516.$result' from process `$paramod\ascon_DATAPATH\G_DUAL_RATE=s32'00000000000000000000000000000001.$proc$/home/chithang/pdop2/ascon/src/ascon_datapath.v:0$721'.
No latch inferred for signal `$paramod\ascon_DATAPATH\G_DUAL_RATE=s32'00000000000000000000000000000001.\bswap64$func$/home/chithang/pdop2/ascon/src/ascon_datapath.v:147$516.x' from process `$paramod\ascon_DATAPATH\G_DUAL_RATE=s32'00000000000000000000000000000001.$proc$/home/chithang/pdop2/ascon/src/ascon_datapath.v:0$721'.
No latch inferred for signal `$paramod\ascon_DATAPATH\G_DUAL_RATE=s32'00000000000000000000000000000001.\bswap64$func$/home/chithang/pdop2/ascon/src/ascon_datapath.v:146$499.$result' from process `$paramod\ascon_DATAPATH\G_DUAL_RATE=s32'00000000000000000000000000000001.$proc$/home/chithang/pdop2/ascon/src/ascon_datapath.v:0$717'.
No latch inferred for signal `$paramod\ascon_DATAPATH\G_DUAL_RATE=s32'00000000000000000000000000000001.\bswap64$func$/home/chithang/pdop2/ascon/src/ascon_datapath.v:146$515.$result' from process `$paramod\ascon_DATAPATH\G_DUAL_RATE=s32'00000000000000000000000000000001.$proc$/home/chithang/pdop2/ascon/src/ascon_datapath.v:0$717'.
No latch inferred for signal `$paramod\ascon_DATAPATH\G_DUAL_RATE=s32'00000000000000000000000000000001.\bswap64$func$/home/chithang/pdop2/ascon/src/ascon_datapath.v:146$515.x' from process `$paramod\ascon_DATAPATH\G_DUAL_RATE=s32'00000000000000000000000000000001.$proc$/home/chithang/pdop2/ascon/src/ascon_datapath.v:0$717'.
No latch inferred for signal `$paramod\ascon_DATAPATH\G_DUAL_RATE=s32'00000000000000000000000000000001.\state_xored' from process `$paramod\ascon_DATAPATH\G_DUAL_RATE=s32'00000000000000000000000000000001.$proc$/home/chithang/pdop2/ascon/src/ascon_datapath.v:179$647'.
No latch inferred for signal `$paramod\ascon_DATAPATH\G_DUAL_RATE=s32'00000000000000000000000000000001.\data_out_comb' from process `$paramod\ascon_DATAPATH\G_DUAL_RATE=s32'00000000000000000000000000000001.$proc$/home/chithang/pdop2/ascon/src/ascon_datapath.v:179$647'.
No latch inferred for signal `$paramod\ascon_DATAPATH\G_DUAL_RATE=s32'00000000000000000000000000000001.\data_out_valid_comb' from process `$paramod\ascon_DATAPATH\G_DUAL_RATE=s32'00000000000000000000000000000001.$proc$/home/chithang/pdop2/ascon/src/ascon_datapath.v:179$647'.
No latch inferred for signal `$paramod\ascon_DATAPATH\G_DUAL_RATE=s32'00000000000000000000000000000001.\state_temp' from process `$paramod\ascon_DATAPATH\G_DUAL_RATE=s32'00000000000000000000000000000001.$proc$/home/chithang/pdop2/ascon/src/ascon_datapath.v:179$647'.
No latch inferred for signal `$paramod\ascon_DATAPATH\G_DUAL_RATE=s32'00000000000000000000000000000001.\bswap64$func$/home/chithang/pdop2/ascon/src/ascon_datapath.v:215$509.$result' from process `$paramod\ascon_DATAPATH\G_DUAL_RATE=s32'00000000000000000000000000000001.$proc$/home/chithang/pdop2/ascon/src/ascon_datapath.v:179$647'.
No latch inferred for signal `$paramod\ascon_DATAPATH\G_DUAL_RATE=s32'00000000000000000000000000000001.\bswap64$func$/home/chithang/pdop2/ascon/src/ascon_datapath.v:215$509.x' from process `$paramod\ascon_DATAPATH\G_DUAL_RATE=s32'00000000000000000000000000000001.$proc$/home/chithang/pdop2/ascon/src/ascon_datapath.v:179$647'.
No latch inferred for signal `$paramod\ascon_DATAPATH\G_DUAL_RATE=s32'00000000000000000000000000000001.\bswap64$func$/home/chithang/pdop2/ascon/src/ascon_datapath.v:221$510.$result' from process `$paramod\ascon_DATAPATH\G_DUAL_RATE=s32'00000000000000000000000000000001.$proc$/home/chithang/pdop2/ascon/src/ascon_datapath.v:179$647'.
No latch inferred for signal `$paramod\ascon_DATAPATH\G_DUAL_RATE=s32'00000000000000000000000000000001.\bswap64$func$/home/chithang/pdop2/ascon/src/ascon_datapath.v:221$510.x' from process `$paramod\ascon_DATAPATH\G_DUAL_RATE=s32'00000000000000000000000000000001.$proc$/home/chithang/pdop2/ascon/src/ascon_datapath.v:179$647'.
No latch inferred for signal `$paramod\ascon_DATAPATH\G_DUAL_RATE=s32'00000000000000000000000000000001.\bswap64$func$/home/chithang/pdop2/ascon/src/ascon_datapath.v:230$511.$result' from process `$paramod\ascon_DATAPATH\G_DUAL_RATE=s32'00000000000000000000000000000001.$proc$/home/chithang/pdop2/ascon/src/ascon_datapath.v:179$647'.
No latch inferred for signal `$paramod\ascon_DATAPATH\G_DUAL_RATE=s32'00000000000000000000000000000001.\bswap64$func$/home/chithang/pdop2/ascon/src/ascon_datapath.v:230$511.x' from process `$paramod\ascon_DATAPATH\G_DUAL_RATE=s32'00000000000000000000000000000001.$proc$/home/chithang/pdop2/ascon/src/ascon_datapath.v:179$647'.
No latch inferred for signal `$paramod\ascon_DATAPATH\G_DUAL_RATE=s32'00000000000000000000000000000001.\bswap64$func$/home/chithang/pdop2/ascon/src/ascon_datapath.v:231$512.$result' from process `$paramod\ascon_DATAPATH\G_DUAL_RATE=s32'00000000000000000000000000000001.$proc$/home/chithang/pdop2/ascon/src/ascon_datapath.v:179$647'.
No latch inferred for signal `$paramod\ascon_DATAPATH\G_DUAL_RATE=s32'00000000000000000000000000000001.\bswap64$func$/home/chithang/pdop2/ascon/src/ascon_datapath.v:231$512.x' from process `$paramod\ascon_DATAPATH\G_DUAL_RATE=s32'00000000000000000000000000000001.$proc$/home/chithang/pdop2/ascon/src/ascon_datapath.v:179$647'.
No latch inferred for signal `$paramod\ascon_DATAPATH\G_DUAL_RATE=s32'00000000000000000000000000000001.\bswap64$func$/home/chithang/pdop2/ascon/src/ascon_datapath.v:236$513.$result' from process `$paramod\ascon_DATAPATH\G_DUAL_RATE=s32'00000000000000000000000000000001.$proc$/home/chithang/pdop2/ascon/src/ascon_datapath.v:179$647'.
No latch inferred for signal `$paramod\ascon_DATAPATH\G_DUAL_RATE=s32'00000000000000000000000000000001.\bswap64$func$/home/chithang/pdop2/ascon/src/ascon_datapath.v:236$513.x' from process `$paramod\ascon_DATAPATH\G_DUAL_RATE=s32'00000000000000000000000000000001.$proc$/home/chithang/pdop2/ascon/src/ascon_datapath.v:179$647'.
No latch inferred for signal `$paramod\ascon_DATAPATH\G_DUAL_RATE=s32'00000000000000000000000000000001.\bswap64$func$/home/chithang/pdop2/ascon/src/ascon_datapath.v:237$514.$result' from process `$paramod\ascon_DATAPATH\G_DUAL_RATE=s32'00000000000000000000000000000001.$proc$/home/chithang/pdop2/ascon/src/ascon_datapath.v:179$647'.
No latch inferred for signal `$paramod\ascon_DATAPATH\G_DUAL_RATE=s32'00000000000000000000000000000001.\bswap64$func$/home/chithang/pdop2/ascon/src/ascon_datapath.v:237$514.x' from process `$paramod\ascon_DATAPATH\G_DUAL_RATE=s32'00000000000000000000000000000001.$proc$/home/chithang/pdop2/ascon/src/ascon_datapath.v:179$647'.
No latch inferred for signal `$paramod\ascon_DATAPATH\G_DUAL_RATE=s32'00000000000000000000000000000001.\padded_data' from process `$paramod\ascon_DATAPATH\G_DUAL_RATE=s32'00000000000000000000000000000001.$proc$/home/chithang/pdop2/ascon/src/ascon_datapath.v:139$530'.
No latch inferred for signal `$paramod\ascon_DATAPATH\G_DUAL_RATE=s32'00000000000000000000000000000001.\apply_padding$func$/home/chithang/pdop2/ascon/src/ascon_datapath.v:141$498.$result' from process `$paramod\ascon_DATAPATH\G_DUAL_RATE=s32'00000000000000000000000000000001.$proc$/home/chithang/pdop2/ascon/src/ascon_datapath.v:139$530'.
No latch inferred for signal `$paramod\ascon_DATAPATH\G_DUAL_RATE=s32'00000000000000000000000000000001.\apply_padding$func$/home/chithang/pdop2/ascon/src/ascon_datapath.v:141$498.blk' from process `$paramod\ascon_DATAPATH\G_DUAL_RATE=s32'00000000000000000000000000000001.$proc$/home/chithang/pdop2/ascon/src/ascon_datapath.v:139$530'.
No latch inferred for signal `$paramod\ascon_DATAPATH\G_DUAL_RATE=s32'00000000000000000000000000000001.\apply_padding$func$/home/chithang/pdop2/ascon/src/ascon_datapath.v:141$498.len' from process `$paramod\ascon_DATAPATH\G_DUAL_RATE=s32'00000000000000000000000000000001.$proc$/home/chithang/pdop2/ascon/src/ascon_datapath.v:139$530'.
No latch inferred for signal `$paramod\ascon_DATAPATH\G_DUAL_RATE=s32'00000000000000000000000000000001.\apply_padding$func$/home/chithang/pdop2/ascon/src/ascon_datapath.v:141$498.rate' from process `$paramod\ascon_DATAPATH\G_DUAL_RATE=s32'00000000000000000000000000000001.$proc$/home/chithang/pdop2/ascon/src/ascon_datapath.v:139$530'.
No latch inferred for signal `$paramod\ascon_DATAPATH\G_DUAL_RATE=s32'00000000000000000000000000000001.\apply_padding$func$/home/chithang/pdop2/ascon/src/ascon_datapath.v:141$498.i' from process `$paramod\ascon_DATAPATH\G_DUAL_RATE=s32'00000000000000000000000000000001.$proc$/home/chithang/pdop2/ascon/src/ascon_datapath.v:139$530'.
No latch inferred for signal `$paramod\ascon_DATAPATH\G_DUAL_RATE=s32'00000000000000000000000000000001.\apply_padding$func$/home/chithang/pdop2/ascon/src/ascon_datapath.v:141$498.out' from process `$paramod\ascon_DATAPATH\G_DUAL_RATE=s32'00000000000000000000000000000001.$proc$/home/chithang/pdop2/ascon/src/ascon_datapath.v:139$530'.
No latch inferred for signal `$paramod$0e8356bf87449acae89d34eb6fb4f54d3be2c194\ascon_CONTROLLER.\data_out_valid' from process `$paramod$0e8356bf87449acae89d34eb6fb4f54d3be2c194\ascon_CONTROLLER.$proc$/home/chithang/pdop2/ascon/src/ascon_CONTROLLER.v:290$459'.
No latch inferred for signal `$paramod$0e8356bf87449acae89d34eb6fb4f54d3be2c194\ascon_CONTROLLER.\done' from process `$paramod$0e8356bf87449acae89d34eb6fb4f54d3be2c194\ascon_CONTROLLER.$proc$/home/chithang/pdop2/ascon/src/ascon_CONTROLLER.v:290$459'.
No latch inferred for signal `$paramod$0e8356bf87449acae89d34eb6fb4f54d3be2c194\ascon_CONTROLLER.\busy' from process `$paramod$0e8356bf87449acae89d34eb6fb4f54d3be2c194\ascon_CONTROLLER.$proc$/home/chithang/pdop2/ascon/src/ascon_CONTROLLER.v:290$459'.
No latch inferred for signal `$paramod$0e8356bf87449acae89d34eb6fb4f54d3be2c194\ascon_CONTROLLER.\load_key' from process `$paramod$0e8356bf87449acae89d34eb6fb4f54d3be2c194\ascon_CONTROLLER.$proc$/home/chithang/pdop2/ascon/src/ascon_CONTROLLER.v:290$459'.
No latch inferred for signal `$paramod$0e8356bf87449acae89d34eb6fb4f54d3be2c194\ascon_CONTROLLER.\load_nonce' from process `$paramod$0e8356bf87449acae89d34eb6fb4f54d3be2c194\ascon_CONTROLLER.$proc$/home/chithang/pdop2/ascon/src/ascon_CONTROLLER.v:290$459'.
No latch inferred for signal `$paramod$0e8356bf87449acae89d34eb6fb4f54d3be2c194\ascon_CONTROLLER.\init_start' from process `$paramod$0e8356bf87449acae89d34eb6fb4f54d3be2c194\ascon_CONTROLLER.$proc$/home/chithang/pdop2/ascon/src/ascon_CONTROLLER.v:290$459'.
No latch inferred for signal `$paramod$0e8356bf87449acae89d34eb6fb4f54d3be2c194\ascon_CONTROLLER.\gen_tag' from process `$paramod$0e8356bf87449acae89d34eb6fb4f54d3be2c194\ascon_CONTROLLER.$proc$/home/chithang/pdop2/ascon/src/ascon_CONTROLLER.v:290$459'.
No latch inferred for signal `$paramod$0e8356bf87449acae89d34eb6fb4f54d3be2c194\ascon_CONTROLLER.\state_src_sel' from process `$paramod$0e8356bf87449acae89d34eb6fb4f54d3be2c194\ascon_CONTROLLER.$proc$/home/chithang/pdop2/ascon/src/ascon_CONTROLLER.v:290$459'.
No latch inferred for signal `$paramod$0e8356bf87449acae89d34eb6fb4f54d3be2c194\ascon_CONTROLLER.\state_load' from process `$paramod$0e8356bf87449acae89d34eb6fb4f54d3be2c194\ascon_CONTROLLER.$proc$/home/chithang/pdop2/ascon/src/ascon_CONTROLLER.v:290$459'.
No latch inferred for signal `$paramod$0e8356bf87449acae89d34eb6fb4f54d3be2c194\ascon_CONTROLLER.\dp_pad_enable' from process `$paramod$0e8356bf87449acae89d34eb6fb4f54d3be2c194\ascon_CONTROLLER.$proc$/home/chithang/pdop2/ascon/src/ascon_CONTROLLER.v:290$459'.
No latch inferred for signal `$paramod$0e8356bf87449acae89d34eb6fb4f54d3be2c194\ascon_CONTROLLER.\dp_block_sel' from process `$paramod$0e8356bf87449acae89d34eb6fb4f54d3be2c194\ascon_CONTROLLER.$proc$/home/chithang/pdop2/ascon/src/ascon_CONTROLLER.v:290$459'.
No latch inferred for signal `$paramod$0e8356bf87449acae89d34eb6fb4f54d3be2c194\ascon_CONTROLLER.\dp_enc_dec' from process `$paramod$0e8356bf87449acae89d34eb6fb4f54d3be2c194\ascon_CONTROLLER.$proc$/home/chithang/pdop2/ascon/src/ascon_CONTROLLER.v:290$459'.
No latch inferred for signal `$paramod$0e8356bf87449acae89d34eb6fb4f54d3be2c194\ascon_CONTROLLER.\perm_rounds' from process `$paramod$0e8356bf87449acae89d34eb6fb4f54d3be2c194\ascon_CONTROLLER.$proc$/home/chithang/pdop2/ascon/src/ascon_CONTROLLER.v:290$459'.
No latch inferred for signal `$paramod$0e8356bf87449acae89d34eb6fb4f54d3be2c194\ascon_CONTROLLER.\perm_start_rc' from process `$paramod$0e8356bf87449acae89d34eb6fb4f54d3be2c194\ascon_CONTROLLER.$proc$/home/chithang/pdop2/ascon/src/ascon_CONTROLLER.v:290$459'.
No latch inferred for signal `$paramod$0e8356bf87449acae89d34eb6fb4f54d3be2c194\ascon_CONTROLLER.\perm_start' from process `$paramod$0e8356bf87449acae89d34eb6fb4f54d3be2c194\ascon_CONTROLLER.$proc$/home/chithang/pdop2/ascon/src/ascon_CONTROLLER.v:290$459'.
No latch inferred for signal `$paramod$0e8356bf87449acae89d34eb6fb4f54d3be2c194\ascon_CONTROLLER.\compare_tag' from process `$paramod$0e8356bf87449acae89d34eb6fb4f54d3be2c194\ascon_CONTROLLER.$proc$/home/chithang/pdop2/ascon/src/ascon_CONTROLLER.v:290$459'.
No latch inferred for signal `$paramod$0e8356bf87449acae89d34eb6fb4f54d3be2c194\ascon_CONTROLLER.\do_post_init_key_xor' from process `$paramod$0e8356bf87449acae89d34eb6fb4f54d3be2c194\ascon_CONTROLLER.$proc$/home/chithang/pdop2/ascon/src/ascon_CONTROLLER.v:290$459'.
No latch inferred for signal `$paramod$0e8356bf87449acae89d34eb6fb4f54d3be2c194\ascon_CONTROLLER.\do_pre_fin_key_xor' from process `$paramod$0e8356bf87449acae89d34eb6fb4f54d3be2c194\ascon_CONTROLLER.$proc$/home/chithang/pdop2/ascon/src/ascon_CONTROLLER.v:290$459'.
No latch inferred for signal `$paramod$0e8356bf87449acae89d34eb6fb4f54d3be2c194\ascon_CONTROLLER.\do_dom_sep' from process `$paramod$0e8356bf87449acae89d34eb6fb4f54d3be2c194\ascon_CONTROLLER.$proc$/home/chithang/pdop2/ascon/src/ascon_CONTROLLER.v:290$459'.
