
===========================================================================
 report_power
============================================================================
======================= nom_tt_025C_1v80 Corner ===================================

Group                    Internal    Switching      Leakage        Total
                            Power        Power        Power        Power (Watts)
------------------------------------------------------------------------
Sequential           1.167140e-05 3.301352e-06 2.155413e-11 1.497277e-05  83.8%
Combinational        1.961289e-06 9.252300e-07 2.492269e-11 2.886545e-06  16.2%
Clock                0.000000e+00 0.000000e+00 0.000000e+00 0.000000e+00   0.0%
Macro                0.000000e+00 0.000000e+00 0.000000e+00 0.000000e+00   0.0%
Pad                  0.000000e+00 0.000000e+00 0.000000e+00 0.000000e+00   0.0%
------------------------------------------------------------------------
Total                1.363269e-05 4.226582e-06 4.647682e-11 1.785932e-05 100.0%
                            76.3%        23.7%         0.0%

