
===========================================================================
 report_power
============================================================================
======================= nom_ff_n40C_1v95 Corner ===================================

Group                    Internal    Switching      Leakage        Total
                            Power        Power        Power        Power (Watts)
------------------------------------------------------------------------
Sequential           8.258426e-04 4.579046e-04 2.471855e-09 1.283750e-03  61.6%
Combinational        3.667877e-04 4.331405e-04 6.266829e-09 7.999345e-04  38.4%
Clock                0.000000e+00 0.000000e+00 0.000000e+00 0.000000e+00   0.0%
Macro                0.000000e+00 0.000000e+00 0.000000e+00 0.000000e+00   0.0%
Pad                  0.000000e+00 0.000000e+00 0.000000e+00 0.000000e+00   0.0%
------------------------------------------------------------------------
Total                1.192632e-03 8.910450e-04 8.738701e-09 2.083686e-03 100.0%
                            57.2%        42.8%         0.0%

