┏━━━━━━━━━━━━━━━━━━━━━━┳━━━━━━━━━━┳━━━━━━━━━━┳━━━━━━━━━━┳━━━━━━━━━━┳━━━━━━━━━━━┳━━━━━━━━━━┳━━━━━━━━━━━┳━━━━━━━━━━┳━━━━━━━━━━━┳━━━━━━━━━━┳━━━━━━━━━━━┳━━━━━━━━━━┓
┃                      ┃ Hold     ┃ Reg to   ┃          ┃          ┃ of which  ┃ Setup    ┃           ┃          ┃           ┃ of which ┃           ┃          ┃
┃                      ┃ Worst    ┃ Reg      ┃          ┃ Hold Vio ┃ reg to    ┃ Worst    ┃ Reg to    ┃ Setup    ┃ Setup Vio ┃ reg to   ┃ Max Cap   ┃ Max Slew ┃
┃ Corner/Group         ┃ Slack    ┃ Paths    ┃ Hold TNS ┃ Count    ┃ reg       ┃ Slack    ┃ Reg Paths ┃ TNS      ┃ Count     ┃ reg      ┃ Violatio… ┃ Violati… ┃
┡━━━━━━━━━━━━━━━━━━━━━━╇━━━━━━━━━━╇━━━━━━━━━━╇━━━━━━━━━━╇━━━━━━━━━━╇━━━━━━━━━━━╇━━━━━━━━━━╇━━━━━━━━━━━╇━━━━━━━━━━╇━━━━━━━━━━━╇━━━━━━━━━━╇━━━━━━━━━━━╇━━━━━━━━━━┩
│ Overall              │ 0.0314   │ 0.0314   │ 0.0000   │ 0        │ 0         │ 1.8953   │ 1.8953    │ 0.0000   │ 0         │ 0        │ 17        │ 7229     │
│ nom_tt_025C_1v80     │ 0.1851   │ 0.1851   │ 0.0000   │ 0        │ 0         │ 10.7568  │ 10.7568   │ 0.0000   │ 0         │ 0        │ 17        │ 5794     │
│ nom_ss_100C_1v60     │ 0.5277   │ 0.5978   │ 0.0000   │ 0        │ 0         │ 1.8953   │ 1.8953    │ 0.0000   │ 0         │ 0        │ 17        │ 7229     │
│ nom_ff_n40C_1v95     │ 0.0314   │ 0.0314   │ 0.0000   │ 0        │ 0         │ 14.0603  │ 14.0603   │ 0.0000   │ 0         │ 0        │ 17        │ 5732     │
└──────────────────────┴──────────┴──────────┴──────────┴──────────┴───────────┴──────────┴───────────┴──────────┴───────────┴──────────┴───────────┴──────────┘
