
===========================================================================
 report_power
============================================================================
======================= nom_ss_100C_1v60 Corner ===================================

Group                    Internal    Switching      Leakage        Total
                            Power        Power        Power        Power (Watts)
------------------------------------------------------------------------
Sequential           9.510303e-03 1.708431e-03 4.325490e-05 1.126199e-02  11.3%
Combinational        4.452303e-02 4.393227e-02 1.465674e-04 8.860187e-02  88.7%
Clock                0.000000e+00 0.000000e+00 0.000000e+00 0.000000e+00   0.0%
Macro                0.000000e+00 0.000000e+00 0.000000e+00 0.000000e+00   0.0%
Pad                  0.000000e+00 0.000000e+00 0.000000e+00 0.000000e+00   0.0%
------------------------------------------------------------------------
Total                5.403373e-02 4.564067e-02 1.898217e-04 9.986422e-02 100.0%
                            54.1%        45.7%         0.2%

