
===========================================================================
report_checks -path_delay max (Setup)
============================================================================
======================= nom_ss_100C_1v60 Corner ===================================

Startpoint: _8_ (rising edge-triggered flip-flop clocked by clk)
Endpoint: sum (output port clocked by clk)
Path Group: clk
Path Type: max

Fanout         Cap        Slew       Delay        Time   Description
---------------------------------------------------------------------------------------------
                                  0.000000    0.000000   clock clk (rise edge)
                                  0.000000    0.000000   clock source latency
     1    0.009459    0.077440    0.049750    0.049750 ^ clk (in)
                                                         clk (net)
                      0.077441    0.000000    0.049750 ^ clkbuf_0_clk/A (sky130_fd_sc_hd__clkbuf_16)
     2    0.019019    0.066209    0.223459    0.273209 ^ clkbuf_0_clk/X (sky130_fd_sc_hd__clkbuf_16)
                                                         clknet_0_clk (net)
                      0.066209    0.000497    0.273706 ^ clkbuf_1_0__f_clk/A (sky130_fd_sc_hd__clkbuf_16)
     1    0.003603    0.045860    0.193755    0.467461 ^ clkbuf_1_0__f_clk/X (sky130_fd_sc_hd__clkbuf_16)
                                                         clknet_1_0__leaf_clk (net)
                      0.045860    0.000109    0.467570 ^ _8_/CLK (sky130_fd_sc_hd__dfrtp_1)
     1    0.003334    0.080447    0.725562    1.193131 v _8_/Q (sky130_fd_sc_hd__dfrtp_1)
                                                         net6 (net)
                      0.080447    0.000111    1.193242 v output6/A (sky130_fd_sc_hd__buf_2)
     1    0.034944    0.168606    0.351394    1.544636 v output6/X (sky130_fd_sc_hd__buf_2)
                                                         sum (net)
                      0.168608    0.000883    1.545519 v sum (out)
                                              1.545519   data arrival time

                                  8.000000    8.000000   clock clk (rise edge)
                                  0.000000    8.000000   clock network delay (propagated)
                                 -0.250000    7.750000   clock uncertainty
                                  0.000000    7.750000   clock reconvergence pessimism
                                 -1.600000    6.150000   output external delay
                                              6.150000   data required time
---------------------------------------------------------------------------------------------
                                              6.150000   data required time
                                             -1.545519   data arrival time
---------------------------------------------------------------------------------------------
                                              4.604480   slack (MET)


Startpoint: _9_ (rising edge-triggered flip-flop clocked by clk)
Endpoint: cout (output port clocked by clk)
Path Group: clk
Path Type: max

Fanout         Cap        Slew       Delay        Time   Description
---------------------------------------------------------------------------------------------
                                  0.000000    0.000000   clock clk (rise edge)
                                  0.000000    0.000000   clock source latency
     1    0.009459    0.077440    0.049750    0.049750 ^ clk (in)
                                                         clk (net)
                      0.077441    0.000000    0.049750 ^ clkbuf_0_clk/A (sky130_fd_sc_hd__clkbuf_16)
     2    0.019019    0.066209    0.223459    0.273209 ^ clkbuf_0_clk/X (sky130_fd_sc_hd__clkbuf_16)
                                                         clknet_0_clk (net)
                      0.066209    0.000518    0.273727 ^ clkbuf_1_1__f_clk/A (sky130_fd_sc_hd__clkbuf_16)
     1    0.004238    0.046768    0.194955    0.468682 ^ clkbuf_1_1__f_clk/X (sky130_fd_sc_hd__clkbuf_16)
                                                         clknet_1_1__leaf_clk (net)
                      0.046768    0.000144    0.468826 ^ _9_/CLK (sky130_fd_sc_hd__dfrtp_1)
     1    0.002031    0.069017    0.708705    1.177531 v _9_/Q (sky130_fd_sc_hd__dfrtp_1)
                                                         net5 (net)
                      0.069017    0.000058    1.177589 v output5/A (sky130_fd_sc_hd__buf_2)
     1    0.034109    0.165279    0.343633    1.521222 v output5/X (sky130_fd_sc_hd__buf_2)
                                                         cout (net)
                      0.165279    0.000632    1.521854 v cout (out)
                                              1.521854   data arrival time

                                  8.000000    8.000000   clock clk (rise edge)
                                  0.000000    8.000000   clock network delay (propagated)
                                 -0.250000    7.750000   clock uncertainty
                                  0.000000    7.750000   clock reconvergence pessimism
                                 -1.600000    6.150000   output external delay
                                              6.150000   data required time
---------------------------------------------------------------------------------------------
                                              6.150000   data required time
                                             -1.521854   data arrival time
---------------------------------------------------------------------------------------------
                                              4.628146   slack (MET)


Startpoint: b (input port clocked by clk)
Endpoint: _8_ (rising edge-triggered flip-flop clocked by clk)
Path Group: clk
Path Type: max

Fanout         Cap        Slew       Delay        Time   Description
---------------------------------------------------------------------------------------------
                                  0.000000    0.000000   clock clk (rise edge)
                                  0.000000    0.000000   clock network delay (propagated)
                                  1.600000    1.600000 v input external delay
     1    0.002666    0.017951    0.008815    1.608815 v b (in)
                                                         b (net)
                      0.017951    0.000000    1.608815 v input2/A (sky130_fd_sc_hd__buf_1)
     2    0.007980    0.103568    0.181519    1.790333 v input2/X (sky130_fd_sc_hd__buf_1)
                                                         net2 (net)
                      0.103568    0.000148    1.790481 v _5_/A (sky130_fd_sc_hd__xnor2_1)
     2    0.008171    0.371562    0.389872    2.180353 ^ _5_/Y (sky130_fd_sc_hd__xnor2_1)
                                                         _2_ (net)
                      0.371562    0.000140    2.180493 ^ _7_/B (sky130_fd_sc_hd__xnor2_1)
     1    0.004946    0.122074    0.246772    2.427265 v _7_/Y (sky130_fd_sc_hd__xnor2_1)
                                                         sum_comb (net)
                      0.122074    0.000171    2.427437 v _8_/D (sky130_fd_sc_hd__dfrtp_1)
                                              2.427437   data arrival time

                                  8.000000    8.000000   clock clk (rise edge)
                                  0.000000    8.000000   clock source latency
     1    0.009459    0.077440    0.049750    8.049750 ^ clk (in)
                                                         clk (net)
                      0.077441    0.000000    8.049750 ^ clkbuf_0_clk/A (sky130_fd_sc_hd__clkbuf_16)
     2    0.019019    0.066209    0.223459    8.273209 ^ clkbuf_0_clk/X (sky130_fd_sc_hd__clkbuf_16)
                                                         clknet_0_clk (net)
                      0.066209    0.000497    8.273706 ^ clkbuf_1_0__f_clk/A (sky130_fd_sc_hd__clkbuf_16)
     1    0.003603    0.045860    0.193754    8.467461 ^ clkbuf_1_0__f_clk/X (sky130_fd_sc_hd__clkbuf_16)
                                                         clknet_1_0__leaf_clk (net)
                      0.045860    0.000109    8.467570 ^ _8_/CLK (sky130_fd_sc_hd__dfrtp_1)
                                 -0.250000    8.217570   clock uncertainty
                                  0.000000    8.217570   clock reconvergence pessimism
                                 -0.304725    7.912845   library setup time
                                              7.912845   data required time
---------------------------------------------------------------------------------------------
                                              7.912845   data required time
                                             -2.427437   data arrival time
---------------------------------------------------------------------------------------------
                                              5.485408   slack (MET)


Startpoint: b (input port clocked by clk)
Endpoint: _9_ (rising edge-triggered flip-flop clocked by clk)
Path Group: clk
Path Type: max

Fanout         Cap        Slew       Delay        Time   Description
---------------------------------------------------------------------------------------------
                                  0.000000    0.000000   clock clk (rise edge)
                                  0.000000    0.000000   clock network delay (propagated)
                                  1.600000    1.600000 v input external delay
     1    0.002666    0.017951    0.008815    1.608815 v b (in)
                                                         b (net)
                      0.017951    0.000000    1.608815 v input2/A (sky130_fd_sc_hd__buf_1)
     2    0.007980    0.103568    0.181519    1.790333 v input2/X (sky130_fd_sc_hd__buf_1)
                                                         net2 (net)
                      0.103568    0.000148    1.790481 v _5_/A (sky130_fd_sc_hd__xnor2_1)
     2    0.008171    0.371562    0.389872    2.180353 ^ _5_/Y (sky130_fd_sc_hd__xnor2_1)
                                                         _2_ (net)
                      0.371562    0.000134    2.180488 ^ _6_/A2 (sky130_fd_sc_hd__o21ai_1)
     1    0.003415    0.098583    0.217891    2.398378 v _6_/Y (sky130_fd_sc_hd__o21ai_1)
                                                         cout_comb (net)
                      0.098583    0.000085    2.398463 v _9_/D (sky130_fd_sc_hd__dfrtp_1)
                                              2.398463   data arrival time

                                  8.000000    8.000000   clock clk (rise edge)
                                  0.000000    8.000000   clock source latency
     1    0.009459    0.077440    0.049750    8.049750 ^ clk (in)
                                                         clk (net)
                      0.077441    0.000000    8.049750 ^ clkbuf_0_clk/A (sky130_fd_sc_hd__clkbuf_16)
     2    0.019019    0.066209    0.223459    8.273209 ^ clkbuf_0_clk/X (sky130_fd_sc_hd__clkbuf_16)
                                                         clknet_0_clk (net)
                      0.066209    0.000518    8.273726 ^ clkbuf_1_1__f_clk/A (sky130_fd_sc_hd__clkbuf_16)
     1    0.004238    0.046768    0.194955    8.468682 ^ clkbuf_1_1__f_clk/X (sky130_fd_sc_hd__clkbuf_16)
                                                         clknet_1_1__leaf_clk (net)
                      0.046768    0.000144    8.468826 ^ _9_/CLK (sky130_fd_sc_hd__dfrtp_1)
                                 -0.250000    8.218826   clock uncertainty
                                  0.000000    8.218826   clock reconvergence pessimism
                                 -0.294681    7.924144   library setup time
                                              7.924144   data required time
---------------------------------------------------------------------------------------------
                                              7.924144   data required time
                                             -2.398463   data arrival time
---------------------------------------------------------------------------------------------
                                              5.525681   slack (MET)


Startpoint: rst_n (input port clocked by clk)
Endpoint: _8_ (recovery check against rising-edge clock clk)
Path Group: asynchronous
Path Type: max

Fanout         Cap        Slew       Delay        Time   Description
---------------------------------------------------------------------------------------------
                                  0.000000    0.000000   clock clk (rise edge)
                                  0.000000    0.000000   clock network delay (propagated)
                                  1.600000    1.600000 ^ input external delay
     1    0.002938    0.033165    0.016521    1.616521 ^ rst_n (in)
                                                         rst_n (net)
                      0.033165    0.000000    1.616521 ^ input4/A (sky130_fd_sc_hd__buf_1)
     2    0.007876    0.162621    0.200214    1.816734 ^ input4/X (sky130_fd_sc_hd__buf_1)
                                                         net4 (net)
                      0.162621    0.000144    1.816878 ^ _8_/RESET_B (sky130_fd_sc_hd__dfrtp_1)
                                              1.816878   data arrival time

                                  8.000000    8.000000   clock clk (rise edge)
                                  0.000000    8.000000   clock source latency
     1    0.009459    0.077440    0.049750    8.049750 ^ clk (in)
                                                         clk (net)
                      0.077441    0.000000    8.049750 ^ clkbuf_0_clk/A (sky130_fd_sc_hd__clkbuf_16)
     2    0.019019    0.066209    0.223459    8.273209 ^ clkbuf_0_clk/X (sky130_fd_sc_hd__clkbuf_16)
                                                         clknet_0_clk (net)
                      0.066209    0.000497    8.273706 ^ clkbuf_1_0__f_clk/A (sky130_fd_sc_hd__clkbuf_16)
     1    0.003603    0.045860    0.193754    8.467461 ^ clkbuf_1_0__f_clk/X (sky130_fd_sc_hd__clkbuf_16)
                                                         clknet_1_0__leaf_clk (net)
                      0.045860    0.000109    8.467570 ^ _8_/CLK (sky130_fd_sc_hd__dfrtp_1)
                                 -0.250000    8.217570   clock uncertainty
                                  0.000000    8.217570   clock reconvergence pessimism
                                  0.420178    8.637748   library recovery time
                                              8.637748   data required time
---------------------------------------------------------------------------------------------
                                              8.637748   data required time
                                             -1.816878   data arrival time
---------------------------------------------------------------------------------------------
                                              6.820869   slack (MET)


Startpoint: rst_n (input port clocked by clk)
Endpoint: _9_ (recovery check against rising-edge clock clk)
Path Group: asynchronous
Path Type: max

Fanout         Cap        Slew       Delay        Time   Description
---------------------------------------------------------------------------------------------
                                  0.000000    0.000000   clock clk (rise edge)
                                  0.000000    0.000000   clock network delay (propagated)
                                  1.600000    1.600000 ^ input external delay
     1    0.002938    0.033165    0.016521    1.616521 ^ rst_n (in)
                                                         rst_n (net)
                      0.033165    0.000000    1.616521 ^ input4/A (sky130_fd_sc_hd__buf_1)
     2    0.007876    0.162621    0.200214    1.816734 ^ input4/X (sky130_fd_sc_hd__buf_1)
                                                         net4 (net)
                      0.162621    0.000167    1.816901 ^ _9_/RESET_B (sky130_fd_sc_hd__dfrtp_1)
                                              1.816901   data arrival time

                                  8.000000    8.000000   clock clk (rise edge)
                                  0.000000    8.000000   clock source latency
     1    0.009459    0.077440    0.049750    8.049750 ^ clk (in)
                                                         clk (net)
                      0.077441    0.000000    8.049750 ^ clkbuf_0_clk/A (sky130_fd_sc_hd__clkbuf_16)
     2    0.019019    0.066209    0.223459    8.273209 ^ clkbuf_0_clk/X (sky130_fd_sc_hd__clkbuf_16)
                                                         clknet_0_clk (net)
                      0.066209    0.000518    8.273726 ^ clkbuf_1_1__f_clk/A (sky130_fd_sc_hd__clkbuf_16)
     1    0.004238    0.046768    0.194955    8.468682 ^ clkbuf_1_1__f_clk/X (sky130_fd_sc_hd__clkbuf_16)
                                                         clknet_1_1__leaf_clk (net)
                      0.046768    0.000144    8.468826 ^ _9_/CLK (sky130_fd_sc_hd__dfrtp_1)
                                 -0.250000    8.218826   clock uncertainty
                                  0.000000    8.218826   clock reconvergence pessimism
                                  0.420482    8.639308   library recovery time
                                              8.639308   data required time
---------------------------------------------------------------------------------------------
                                              8.639308   data required time
                                             -1.816901   data arrival time
---------------------------------------------------------------------------------------------
                                              6.822408   slack (MET)



