
===========================================================================
 report_power
============================================================================
======================= nom_ss_100C_1v60 Corner ===================================

Group                    Internal    Switching      Leakage        Total
                            Power        Power        Power        Power (Watts)
------------------------------------------------------------------------
Sequential           8.964056e-06 2.309685e-07 3.773559e-08 9.232761e-06  12.3%
Combinational        1.889316e-06 3.969949e-06 4.513307e-08 5.904399e-06   7.9%
Clock                5.141839e-05 8.595312e-06 5.715007e-08 6.007085e-05  79.9%
Macro                0.000000e+00 0.000000e+00 0.000000e+00 0.000000e+00   0.0%
Pad                  0.000000e+00 0.000000e+00 0.000000e+00 0.000000e+00   0.0%
------------------------------------------------------------------------
Total                6.227177e-05 1.279623e-05 1.400187e-07 7.520802e-05 100.0%
                            82.8%        17.0%         0.2%

