
===========================================================================
report_checks -unconstrained
===========================================================================
======================= nom_tt_025C_1v80 Corner ===================================

Startpoint: rst_n (input port clocked by clk)
Endpoint: _8_ (recovery check against rising-edge clock clk)
Path Group: asynchronous
Path Type: max

Fanout         Cap        Slew       Delay        Time   Description
---------------------------------------------------------------------------------------------
                                  0.000000    0.000000   clock clk (rise edge)
                                  0.000000    0.000000   clock network delay (propagated)
                                  1.600000    1.600000 ^ input external delay
     1    0.003004    0.020610    0.011034    1.611034 ^ rst_n (in)
                                                         rst_n (net)
                      0.020610    0.000000    1.611034 ^ input4/A (sky130_fd_sc_hd__buf_1)
     2    0.008610    0.108883    0.118333    1.729367 ^ input4/X (sky130_fd_sc_hd__buf_1)
                                                         net4 (net)
                      0.108883    0.000158    1.729525 ^ _8_/RESET_B (sky130_fd_sc_hd__dfrtp_1)
                                              1.729525   data arrival time

                                  8.000000    8.000000   clock clk (rise edge)
                                  0.000000    8.000000   clock source latency
     1    0.009459    0.049023    0.032306    8.032306 ^ clk (in)
                                                         clk (net)
                      0.049025    0.000000    8.032306 ^ clkbuf_0_clk/A (sky130_fd_sc_hd__clkbuf_16)
     2    0.019019    0.041007    0.125828    8.158134 ^ clkbuf_0_clk/X (sky130_fd_sc_hd__clkbuf_16)
                                                         clknet_0_clk (net)
                      0.041009    0.000497    8.158631 ^ clkbuf_1_0__f_clk/A (sky130_fd_sc_hd__clkbuf_16)
     1    0.003708    0.027563    0.107526    8.266157 ^ clkbuf_1_0__f_clk/X (sky130_fd_sc_hd__clkbuf_16)
                                                         clknet_1_0__leaf_clk (net)
                      0.027563    0.000113    8.266270 ^ _8_/CLK (sky130_fd_sc_hd__dfrtp_1)
                                 -0.250000    8.016270   clock uncertainty
                                  0.000000    8.016270   clock reconvergence pessimism
                                  0.208402    8.224672   library recovery time
                                              8.224672   data required time
---------------------------------------------------------------------------------------------
                                              8.224672   data required time
                                             -1.729525   data arrival time
---------------------------------------------------------------------------------------------
                                              6.495147   slack (MET)


Startpoint: _8_ (rising edge-triggered flip-flop clocked by clk)
Endpoint: sum (output port clocked by clk)
Path Group: clk
Path Type: max

Fanout         Cap        Slew       Delay        Time   Description
---------------------------------------------------------------------------------------------
                                  0.000000    0.000000   clock clk (rise edge)
                                  0.000000    0.000000   clock source latency
     1    0.009459    0.049023    0.032305    0.032305 ^ clk (in)
                                                         clk (net)
                      0.049025    0.000000    0.032305 ^ clkbuf_0_clk/A (sky130_fd_sc_hd__clkbuf_16)
     2    0.019019    0.041007    0.125829    0.158134 ^ clkbuf_0_clk/X (sky130_fd_sc_hd__clkbuf_16)
                                                         clknet_0_clk (net)
                      0.041009    0.000497    0.158631 ^ clkbuf_1_0__f_clk/A (sky130_fd_sc_hd__clkbuf_16)
     1    0.003708    0.027563    0.107526    0.266157 ^ clkbuf_1_0__f_clk/X (sky130_fd_sc_hd__clkbuf_16)
                                                         clknet_1_0__leaf_clk (net)
                      0.027563    0.000113    0.266270 ^ _8_/CLK (sky130_fd_sc_hd__dfrtp_1)
     1    0.003356    0.042100    0.349965    0.616235 v _8_/Q (sky130_fd_sc_hd__dfrtp_1)
                                                         net6 (net)
                      0.042100    0.000111    0.616347 v output6/A (sky130_fd_sc_hd__buf_2)
     1    0.034944    0.091086    0.179933    0.796279 v output6/X (sky130_fd_sc_hd__buf_2)
                                                         sum (net)
                      0.091094    0.000882    0.797162 v sum (out)
                                              0.797162   data arrival time

                                  8.000000    8.000000   clock clk (rise edge)
                                  0.000000    8.000000   clock network delay (propagated)
                                 -0.250000    7.750000   clock uncertainty
                                  0.000000    7.750000   clock reconvergence pessimism
                                 -1.600000    6.150000   output external delay
                                              6.150000   data required time
---------------------------------------------------------------------------------------------
                                              6.150000   data required time
                                             -0.797162   data arrival time
---------------------------------------------------------------------------------------------
                                              5.352838   slack (MET)




===========================================================================
report_checks --slack_max -0.01
============================================================================
======================= nom_tt_025C_1v80 Corner ===================================

No paths found.


===========================================================================
 report_check_types -max_slew -max_cap -max_fanout -violators
============================================================================
======================= nom_tt_025C_1v80 Corner ===================================



===========================================================================
report_parasitic_annotation -report_unannotated
============================================================================
Found 0 unannotated drivers.
Found 0 partially unannotated drivers.

===========================================================================
max slew violation count 0
max fanout violation count 0
max cap violation count 0
============================================================================

===========================================================================
check_setup -verbose -unconstrained_endpoints -multiple_clock -no_clock -no_input_delay -loops -generated_clocks
===========================================================================
