Clock: clk
Sources: clk 
Generated: no
Virtual: yes
Propagated: no
Period: 8.000000

===========================================================================
report_clock_properties
============================================================================
Clock                   Period          Waveform
----------------------------------------------------
clk                   8.000000    0.000000  4.000000

===========================================================================
report_clock_latency
============================================================================
Clock clk
rise -> rise
    min     max
0.000000 0.000000 source latency
0.184394         network latency _8_/CLK
        0.185094 network latency _9_/CLK
---------------
0.184394 0.185094 latency
        0.000700 skew

fall -> fall
    min     max
0.000000 0.000000 source latency
0.186484         network latency _8_/CLK
        0.187131 network latency _9_/CLK
---------------
0.186484 0.187131 latency
        0.000647 skew



===========================================================================
report_clock_min_period
============================================================================
clk period_min = 0.00 fmax = inf
