
===========================================================================
report_checks -path_delay max (Setup)
============================================================================
======================= max_ff_n40C_1v95 Corner ===================================

Startpoint: _8_ (rising edge-triggered flip-flop clocked by clk)
Endpoint: sum (output port clocked by clk)
Path Group: clk
Path Type: max

Fanout         Cap        Slew       Delay        Time   Description
---------------------------------------------------------------------------------------------
                                  0.000000    0.000000   clock clk (rise edge)
                                  0.000000    0.000000   clock source latency
     1    0.009699    0.037430    0.024516    0.024516 ^ clk (in)
                                                         clk (net)
                      0.037439    0.000000    0.024516 ^ clkbuf_0_clk/A (sky130_fd_sc_hd__clkbuf_16)
     2    0.019515    0.030866    0.085675    0.110192 ^ clkbuf_0_clk/X (sky130_fd_sc_hd__clkbuf_16)
                                                         clknet_0_clk (net)
                      0.030885    0.001187    0.111379 ^ clkbuf_1_0__f_clk/A (sky130_fd_sc_hd__clkbuf_16)
     1    0.003896    0.020205    0.072739    0.184118 ^ clkbuf_1_0__f_clk/X (sky130_fd_sc_hd__clkbuf_16)
                                                         clknet_1_0__leaf_clk (net)
                      0.020206    0.000276    0.184394 ^ _8_/CLK (sky130_fd_sc_hd__dfrtp_1)
     1    0.003796    0.037275    0.198953    0.383348 ^ _8_/Q (sky130_fd_sc_hd__dfrtp_1)
                                                         net6 (net)
                      0.037275    0.000253    0.383601 ^ output6/A (sky130_fd_sc_hd__buf_2)
     1    0.035092    0.130826    0.140351    0.523951 ^ output6/X (sky130_fd_sc_hd__buf_2)
                                                         sum (net)
                      0.130867    0.001922    0.525873 ^ sum (out)
                                              0.525873   data arrival time

                                  8.000000    8.000000   clock clk (rise edge)
                                  0.000000    8.000000   clock network delay (propagated)
                                 -0.250000    7.750000   clock uncertainty
                                  0.000000    7.750000   clock reconvergence pessimism
                                 -1.600000    6.150000   output external delay
                                              6.150000   data required time
---------------------------------------------------------------------------------------------
                                              6.150000   data required time
                                             -0.525873   data arrival time
---------------------------------------------------------------------------------------------
                                              5.624126   slack (MET)


Startpoint: _9_ (rising edge-triggered flip-flop clocked by clk)
Endpoint: cout (output port clocked by clk)
Path Group: clk
Path Type: max

Fanout         Cap        Slew       Delay        Time   Description
---------------------------------------------------------------------------------------------
                                  0.000000    0.000000   clock clk (rise edge)
                                  0.000000    0.000000   clock source latency
     1    0.009699    0.037430    0.024516    0.024516 ^ clk (in)
                                                         clk (net)
                      0.037439    0.000000    0.024516 ^ clkbuf_0_clk/A (sky130_fd_sc_hd__clkbuf_16)
     2    0.019515    0.030866    0.085675    0.110192 ^ clkbuf_0_clk/X (sky130_fd_sc_hd__clkbuf_16)
                                                         clknet_0_clk (net)
                      0.030886    0.001213    0.111405 ^ clkbuf_1_1__f_clk/A (sky130_fd_sc_hd__clkbuf_16)
     1    0.004625    0.020728    0.073355    0.184760 ^ clkbuf_1_1__f_clk/X (sky130_fd_sc_hd__clkbuf_16)
                                                         clknet_1_1__leaf_clk (net)
                      0.020729    0.000335    0.185094 ^ _9_/CLK (sky130_fd_sc_hd__dfrtp_1)
     1    0.002173    0.025604    0.213932    0.399027 v _9_/Q (sky130_fd_sc_hd__dfrtp_1)
                                                         net5 (net)
                      0.025604    0.000153    0.399180 v output5/A (sky130_fd_sc_hd__buf_2)
     1    0.034160    0.062623    0.114634    0.513813 v output5/X (sky130_fd_sc_hd__buf_2)
                                                         cout (net)
                      0.062674    0.001613    0.515426 v cout (out)
                                              0.515426   data arrival time

                                  8.000000    8.000000   clock clk (rise edge)
                                  0.000000    8.000000   clock network delay (propagated)
                                 -0.250000    7.750000   clock uncertainty
                                  0.000000    7.750000   clock reconvergence pessimism
                                 -1.600000    6.150000   output external delay
                                              6.150000   data required time
---------------------------------------------------------------------------------------------
                                              6.150000   data required time
                                             -0.515426   data arrival time
---------------------------------------------------------------------------------------------
                                              5.634574   slack (MET)


Startpoint: b (input port clocked by clk)
Endpoint: _8_ (rising edge-triggered flip-flop clocked by clk)
Path Group: clk
Path Type: max

Fanout         Cap        Slew       Delay        Time   Description
---------------------------------------------------------------------------------------------
                                  0.000000    0.000000   clock clk (rise edge)
                                  0.000000    0.000000   clock network delay (propagated)
                                  1.600000    1.600000 v input external delay
     1    0.002787    0.004695    0.002307    1.602307 v b (in)
                                                         b (net)
                      0.004699    0.000000    1.602307 v input2/A (sky130_fd_sc_hd__buf_1)
     2    0.008074    0.037286    0.063256    1.665563 v input2/X (sky130_fd_sc_hd__buf_1)
                                                         net2 (net)
                      0.037289    0.000321    1.665884 v _5_/A (sky130_fd_sc_hd__xnor2_1)
     2    0.008386    0.159039    0.158301    1.824185 ^ _5_/Y (sky130_fd_sc_hd__xnor2_1)
                                                         _2_ (net)
                      0.159040    0.000325    1.824510 ^ _7_/B (sky130_fd_sc_hd__xnor2_1)
     1    0.005324    0.049329    0.057259    1.881769 v _7_/Y (sky130_fd_sc_hd__xnor2_1)
                                                         sum_comb (net)
                      0.049332    0.000300    1.882069 v _8_/D (sky130_fd_sc_hd__dfrtp_1)
                                              1.882069   data arrival time

                                  8.000000    8.000000   clock clk (rise edge)
                                  0.000000    8.000000   clock source latency
     1    0.009699    0.037430    0.024516    8.024516 ^ clk (in)
                                                         clk (net)
                      0.037439    0.000000    8.024516 ^ clkbuf_0_clk/A (sky130_fd_sc_hd__clkbuf_16)
     2    0.019515    0.030866    0.085675    8.110192 ^ clkbuf_0_clk/X (sky130_fd_sc_hd__clkbuf_16)
                                                         clknet_0_clk (net)
                      0.030885    0.001187    8.111380 ^ clkbuf_1_0__f_clk/A (sky130_fd_sc_hd__clkbuf_16)
     1    0.003896    0.020205    0.072739    8.184118 ^ clkbuf_1_0__f_clk/X (sky130_fd_sc_hd__clkbuf_16)
                                                         clknet_1_0__leaf_clk (net)
                      0.020206    0.000276    8.184395 ^ _8_/CLK (sky130_fd_sc_hd__dfrtp_1)
                                 -0.250000    7.934395   clock uncertainty
                                  0.000000    7.934395   clock reconvergence pessimism
                                 -0.079773    7.854622   library setup time
                                              7.854622   data required time
---------------------------------------------------------------------------------------------
                                              7.854622   data required time
                                             -1.882069   data arrival time
---------------------------------------------------------------------------------------------
                                              5.972553   slack (MET)


Startpoint: b (input port clocked by clk)
Endpoint: _9_ (rising edge-triggered flip-flop clocked by clk)
Path Group: clk
Path Type: max

Fanout         Cap        Slew       Delay        Time   Description
---------------------------------------------------------------------------------------------
                                  0.000000    0.000000   clock clk (rise edge)
                                  0.000000    0.000000   clock network delay (propagated)
                                  1.600000    1.600000 v input external delay
     1    0.002787    0.004695    0.002307    1.602307 v b (in)
                                                         b (net)
                      0.004699    0.000000    1.602307 v input2/A (sky130_fd_sc_hd__buf_1)
     2    0.008074    0.037286    0.063256    1.665563 v input2/X (sky130_fd_sc_hd__buf_1)
                                                         net2 (net)
                      0.037289    0.000321    1.665884 v _5_/A (sky130_fd_sc_hd__xnor2_1)
     2    0.008386    0.159039    0.158301    1.824185 ^ _5_/Y (sky130_fd_sc_hd__xnor2_1)
                                                         _2_ (net)
                      0.159039    0.000298    1.824484 ^ _6_/A2 (sky130_fd_sc_hd__o21ai_1)
     1    0.003728    0.041876    0.044226    1.868709 v _6_/Y (sky130_fd_sc_hd__o21ai_1)
                                                         cout_comb (net)
                      0.041876    0.000159    1.868868 v _9_/D (sky130_fd_sc_hd__dfrtp_1)
                                              1.868868   data arrival time

                                  8.000000    8.000000   clock clk (rise edge)
                                  0.000000    8.000000   clock source latency
     1    0.009699    0.037430    0.024516    8.024516 ^ clk (in)
                                                         clk (net)
                      0.037439    0.000000    8.024516 ^ clkbuf_0_clk/A (sky130_fd_sc_hd__clkbuf_16)
     2    0.019515    0.030866    0.085675    8.110192 ^ clkbuf_0_clk/X (sky130_fd_sc_hd__clkbuf_16)
                                                         clknet_0_clk (net)
                      0.030886    0.001213    8.111405 ^ clkbuf_1_1__f_clk/A (sky130_fd_sc_hd__clkbuf_16)
     1    0.004625    0.020728    0.073355    8.184760 ^ clkbuf_1_1__f_clk/X (sky130_fd_sc_hd__clkbuf_16)
                                                         clknet_1_1__leaf_clk (net)
                      0.020729    0.000335    8.185095 ^ _9_/CLK (sky130_fd_sc_hd__dfrtp_1)
                                 -0.250000    7.935094   clock uncertainty
                                  0.000000    7.935094   clock reconvergence pessimism
                                 -0.077058    7.858036   library setup time
                                              7.858036   data required time
---------------------------------------------------------------------------------------------
                                              7.858036   data required time
                                             -1.868868   data arrival time
---------------------------------------------------------------------------------------------
                                              5.989168   slack (MET)


Startpoint: rst_n (input port clocked by clk)
Endpoint: _8_ (recovery check against rising-edge clock clk)
Path Group: asynchronous
Path Type: max

Fanout         Cap        Slew       Delay        Time   Description
---------------------------------------------------------------------------------------------
                                  0.000000    0.000000   clock clk (rise edge)
                                  0.000000    0.000000   clock network delay (propagated)
                                  1.600000    1.600000 ^ input external delay
     1    0.003142    0.015141    0.008179    1.608179 ^ rst_n (in)
                                                         rst_n (net)
                      0.015143    0.000000    1.608179 ^ input4/A (sky130_fd_sc_hd__buf_1)
     2    0.008740    0.081919    0.082757    1.690935 ^ input4/X (sky130_fd_sc_hd__buf_1)
                                                         net4 (net)
                      0.081922    0.000411    1.691346 ^ _8_/RESET_B (sky130_fd_sc_hd__dfrtp_1)
                                              1.691346   data arrival time

                                  8.000000    8.000000   clock clk (rise edge)
                                  0.000000    8.000000   clock source latency
     1    0.009699    0.037430    0.024516    8.024516 ^ clk (in)
                                                         clk (net)
                      0.037439    0.000000    8.024516 ^ clkbuf_0_clk/A (sky130_fd_sc_hd__clkbuf_16)
     2    0.019515    0.030866    0.085675    8.110192 ^ clkbuf_0_clk/X (sky130_fd_sc_hd__clkbuf_16)
                                                         clknet_0_clk (net)
                      0.030885    0.001187    8.111380 ^ clkbuf_1_0__f_clk/A (sky130_fd_sc_hd__clkbuf_16)
     1    0.003896    0.020205    0.072739    8.184118 ^ clkbuf_1_0__f_clk/X (sky130_fd_sc_hd__clkbuf_16)
                                                         clknet_1_0__leaf_clk (net)
                      0.020206    0.000276    8.184395 ^ _8_/CLK (sky130_fd_sc_hd__dfrtp_1)
                                 -0.250000    7.934395   clock uncertainty
                                  0.000000    7.934395   clock reconvergence pessimism
                                  0.132504    8.066898   library recovery time
                                              8.066898   data required time
---------------------------------------------------------------------------------------------
                                              8.066898   data required time
                                             -1.691346   data arrival time
---------------------------------------------------------------------------------------------
                                              6.375552   slack (MET)


Startpoint: rst_n (input port clocked by clk)
Endpoint: _9_ (recovery check against rising-edge clock clk)
Path Group: asynchronous
Path Type: max

Fanout         Cap        Slew       Delay        Time   Description
---------------------------------------------------------------------------------------------
                                  0.000000    0.000000   clock clk (rise edge)
                                  0.000000    0.000000   clock network delay (propagated)
                                  1.600000    1.600000 ^ input external delay
     1    0.003142    0.015141    0.008179    1.608179 ^ rst_n (in)
                                                         rst_n (net)
                      0.015143    0.000000    1.608179 ^ input4/A (sky130_fd_sc_hd__buf_1)
     2    0.008740    0.081919    0.082757    1.690935 ^ input4/X (sky130_fd_sc_hd__buf_1)
                                                         net4 (net)
                      0.081922    0.000445    1.691380 ^ _9_/RESET_B (sky130_fd_sc_hd__dfrtp_1)
                                              1.691380   data arrival time

                                  8.000000    8.000000   clock clk (rise edge)
                                  0.000000    8.000000   clock source latency
     1    0.009699    0.037430    0.024516    8.024516 ^ clk (in)
                                                         clk (net)
                      0.037439    0.000000    8.024516 ^ clkbuf_0_clk/A (sky130_fd_sc_hd__clkbuf_16)
     2    0.019515    0.030866    0.085675    8.110192 ^ clkbuf_0_clk/X (sky130_fd_sc_hd__clkbuf_16)
                                                         clknet_0_clk (net)
                      0.030886    0.001213    8.111405 ^ clkbuf_1_1__f_clk/A (sky130_fd_sc_hd__clkbuf_16)
     1    0.004625    0.020728    0.073355    8.184760 ^ clkbuf_1_1__f_clk/X (sky130_fd_sc_hd__clkbuf_16)
                                                         clknet_1_1__leaf_clk (net)
                      0.020729    0.000335    8.185095 ^ _9_/CLK (sky130_fd_sc_hd__dfrtp_1)
                                 -0.250000    7.935094   clock uncertainty
                                  0.000000    7.935094   clock reconvergence pessimism
                                  0.132583    8.067678   library recovery time
                                              8.067678   data required time
---------------------------------------------------------------------------------------------
                                              8.067678   data required time
                                             -1.691380   data arrival time
---------------------------------------------------------------------------------------------
                                              6.376298   slack (MET)



