
===========================================================================
 report_power
============================================================================
======================= nom_ff_n40C_1v95 Corner ===================================

Group                    Internal    Switching      Leakage        Total
                            Power        Power        Power        Power (Watts)
------------------------------------------------------------------------
Sequential           1.436069e-02 2.605034e-03 5.313419e-08 1.696578e-02  12.0%
Combinational        5.889232e-02 6.610278e-02 3.510787e-07 1.249954e-01  88.0%
Clock                0.000000e+00 0.000000e+00 0.000000e+00 0.000000e+00   0.0%
Macro                0.000000e+00 0.000000e+00 0.000000e+00 0.000000e+00   0.0%
Pad                  0.000000e+00 0.000000e+00 0.000000e+00 0.000000e+00   0.0%
------------------------------------------------------------------------
Total                7.325325e-02 6.870795e-02 4.042150e-07 1.419616e-01 100.0%
                            51.6%        48.4%         0.0%

