
===========================================================================
 report_power
============================================================================
======================= nom_tt_025C_1v80 Corner ===================================

Group                    Internal    Switching      Leakage        Total
                            Power        Power        Power        Power (Watts)
------------------------------------------------------------------------
Sequential           6.007243e-03 9.933828e-04 2.664853e-08 7.000653e-03   9.3%
Combinational        3.363892e-02 3.484656e-02 1.157061e-07 6.848560e-02  90.7%
Clock                0.000000e+00 0.000000e+00 0.000000e+00 0.000000e+00   0.0%
Macro                0.000000e+00 0.000000e+00 0.000000e+00 0.000000e+00   0.0%
Pad                  0.000000e+00 0.000000e+00 0.000000e+00 0.000000e+00   0.0%
------------------------------------------------------------------------
Total                3.964508e-02 3.583993e-02 1.423578e-07 7.548516e-02 100.0%
                            52.5%        47.5%         0.0%

