Clock: clk
Sources: clk 
Generated: no
Virtual: no
Propagated: no
Period: 20.000000

===========================================================================
report_clock_properties
============================================================================
Clock                   Period          Waveform
----------------------------------------------------
clk                  20.000000    0.000000 10.000000

===========================================================================
report_clock_latency
============================================================================
Clock clk
rise -> rise
    min     max
0.000000 0.000000 source latency
12.172301         network latency _57481_/CLK
        13.453596 network latency _57481_/CLK
---------------
12.172301 13.453596 latency
        1.281294 skew

fall -> fall
    min     max
0.000000 0.000000 source latency
5.637000         network latency _57481_/CLK
        6.230367 network latency _57481_/CLK
---------------
5.637000 6.230367 latency
        0.593367 skew



===========================================================================
report_clock_min_period
============================================================================
clk period_min = 18.10 fmax = 55.23
