
===========================================================================
 report_power
============================================================================
======================= nom_ff_n40C_1v95 Corner ===================================

Group                    Internal    Switching      Leakage        Total
                            Power        Power        Power        Power (Watts)
------------------------------------------------------------------------
Sequential           1.435840e-02 2.579556e-03 5.313419e-08 1.693801e-02  12.1%
Combinational        5.620069e-02 6.638435e-02 2.866448e-07 1.225853e-01  87.9%
Clock                0.000000e+00 0.000000e+00 0.000000e+00 0.000000e+00   0.0%
Macro                0.000000e+00 0.000000e+00 0.000000e+00 0.000000e+00   0.0%
Pad                  0.000000e+00 0.000000e+00 0.000000e+00 0.000000e+00   0.0%
------------------------------------------------------------------------
Total                7.055919e-02 6.896405e-02 3.397811e-07 1.395236e-01 100.0%
                            50.6%        49.4%         0.0%

