Clock: clk
Sources: clk 
Generated: no
Virtual: no
Propagated: no
Period: 20.000000

===========================================================================
report_clock_properties
============================================================================
Clock                   Period          Waveform
----------------------------------------------------
clk                  20.000000    0.000000 10.000000

===========================================================================
report_clock_latency
============================================================================
Clock clk
rise -> rise
    min     max
0.000000 0.000000 source latency
6.275779         network latency _50843_/CLK
        6.936387 network latency _50843_/CLK
---------------
6.275779 6.936387 latency
        0.660608 skew

fall -> fall
    min     max
0.000000 0.000000 source latency
2.483813         network latency _50843_/CLK
        2.745267 network latency _50843_/CLK
---------------
2.483813 2.745267 latency
        0.261454 skew



===========================================================================
report_clock_min_period
============================================================================
clk period_min = 6.08 fmax = 164.53
