┏━━━━━━━━━━━━━━━━━━━━━━┳━━━━━━━━━━┳━━━━━━━━━━┳━━━━━━━━━━┳━━━━━━━━━━┳━━━━━━━━━━┳━━━━━━━━━━━┳━━━━━━━━━━┳━━━━━━━━━━━┳━━━━━━━━━━┳━━━━━━━━━━━┳━━━━━━━━━━┳━━━━━━━━━━━┓
┃                      ┃ Hold     ┃ Reg to   ┃          ┃          ┃ of which ┃ Setup     ┃ Reg to   ┃           ┃ Setup    ┃ of which  ┃          ┃           ┃
┃                      ┃ Worst    ┃ Reg      ┃          ┃ Hold Vio ┃ reg to   ┃ Worst     ┃ Reg      ┃           ┃ Vio      ┃ reg to    ┃ Max Cap  ┃ Max Slew  ┃
┃ Corner/Group         ┃ Slack    ┃ Paths    ┃ Hold TNS ┃ Count    ┃ reg      ┃ Slack     ┃ Paths    ┃ Setup TNS ┃ Count    ┃ reg       ┃ Violati… ┃ Violatio… ┃
┡━━━━━━━━━━━━━━━━━━━━━━╇━━━━━━━━━━╇━━━━━━━━━━╇━━━━━━━━━━╇━━━━━━━━━━╇━━━━━━━━━━╇━━━━━━━━━━━╇━━━━━━━━━━╇━━━━━━━━━━━╇━━━━━━━━━━╇━━━━━━━━━━━╇━━━━━━━━━━╇━━━━━━━━━━━┩
│ Overall              │ 0.0497   │ 0.0497   │ 0.0000   │ 0        │ 0        │ -8.3138   │ -8.3138  │ -2722.73… │ 433      │ 433       │ 18       │ 7491      │
│ nom_tt_025C_1v80     │ 0.2196   │ 0.2196   │ 0.0000   │ 0        │ 0        │ 0.4813    │ 0.4813   │ 0.0000    │ 0        │ 0         │ 16       │ 5917      │
│ nom_ss_100C_1v60     │ 0.5153   │ 0.7008   │ 0.0000   │ 0        │ 0        │ -8.3138   │ -8.3138  │ -2722.73… │ 433      │ 433       │ 15       │ 7491      │
│ nom_ff_n40C_1v95     │ 0.0497   │ 0.0497   │ 0.0000   │ 0        │ 0        │ 3.9176    │ 3.9176   │ 0.0000    │ 0        │ 0         │ 18       │ 5864      │
└──────────────────────┴──────────┴──────────┴──────────┴──────────┴──────────┴───────────┴──────────┴───────────┴──────────┴───────────┴──────────┴───────────┘
