146. Printing statistics.

=== dma_ctrl ===

   Number of wires:              12926
   Number of wire bits:          16804
   Number of public wires:         273
   Number of public wire bits:    4000
   Number of ports:                 65
   Number of port bits:            395
   Number of memories:               0
   Number of memory bits:            0
   Number of processes:              0
   Number of cells:              16544
     $_ANDNOT_                    3471
     $_AND_                        277
     $_MUX_                       4627
     $_NAND_                       245
     $_NOR_                        375
     $_NOT_                        117
     $_ORNOT_                      328
     $_OR_                        2947
     $_XNOR_                        96
     $_XOR_                        468
     sky130_fd_sc_hd__dfrtp_2     1545
     sky130_fd_sc_hd__dfxtp_2     2048

   Area for cell type $_NOT_ is unknown!
   Area for cell type $_AND_ is unknown!
   Area for cell type $_NAND_ is unknown!
   Area for cell type $_OR_ is unknown!
   Area for cell type $_NOR_ is unknown!
   Area for cell type $_XOR_ is unknown!
   Area for cell type $_XNOR_ is unknown!
   Area for cell type $_ANDNOT_ is unknown!
   Area for cell type $_ORNOT_ is unknown!
   Area for cell type $_MUX_ is unknown!

   Chip area for module '\dma_ctrl': 84156.963200
     of which used for sequential elements: 84156.963200 (100.00%)

