140. Printing statistics.

=== dma_ctrl ===

   Number of wires:               9375
   Number of wire bits:          13253
   Number of public wires:         273
   Number of public wire bits:    4000
   Number of ports:                 65
   Number of port bits:            395
   Number of memories:               0
   Number of memory bits:            0
   Number of processes:              0
   Number of cells:              12993
     $_ANDNOT_                    3471
     $_AND_                        277
     $_DFFE_PN0P_                 1503
     $_DFFE_PP_                   2048
     $_DFF_PN0_                     42
     $_MUX_                       1076
     $_NAND_                       245
     $_NOR_                        375
     $_NOT_                        117
     $_ORNOT_                      328
     $_OR_                        2947
     $_XNOR_                        96
     $_XOR_                        468

   Area for cell type $_NOT_ is unknown!
   Area for cell type $_AND_ is unknown!
   Area for cell type $_NAND_ is unknown!
   Area for cell type $_OR_ is unknown!
   Area for cell type $_NOR_ is unknown!
   Area for cell type $_XOR_ is unknown!
   Area for cell type $_XNOR_ is unknown!
   Area for cell type $_ANDNOT_ is unknown!
   Area for cell type $_ORNOT_ is unknown!
   Area for cell type $_MUX_ is unknown!
   Area for cell type $_DFFE_PP_ is unknown!
   Area for cell type $_DFF_PN0_ is unknown!
   Area for cell type $_DFFE_PN0P_ is unknown!

