
===========================================================================
 report_power
============================================================================
======================= nom_ss_100C_1v60 Corner ===================================

Group                    Internal    Switching      Leakage        Total
                            Power        Power        Power        Power (Watts)
------------------------------------------------------------------------
Sequential           1.254535e-05 6.531021e-06 4.433386e-07 1.951971e-05  47.8%
Combinational        1.435669e-05 6.674987e-06 2.678840e-07 2.129957e-05  52.2%
Clock                0.000000e+00 0.000000e+00 0.000000e+00 0.000000e+00   0.0%
Macro                0.000000e+00 0.000000e+00 0.000000e+00 0.000000e+00   0.0%
Pad                  0.000000e+00 0.000000e+00 0.000000e+00 0.000000e+00   0.0%
------------------------------------------------------------------------
Total                2.690205e-05 1.320601e-05 7.112224e-07 4.081928e-05 100.0%
                            65.9%        32.4%         1.7%

