
===========================================================================
 report_power
============================================================================
======================= nom_tt_025C_1v80 Corner ===================================

Group                    Internal    Switching      Leakage        Total
                            Power        Power        Power        Power (Watts)
------------------------------------------------------------------------
Sequential           1.225655e-02 2.161952e-03 2.667622e-08 1.441853e-02  11.8%
Combinational        5.219149e-02 5.606131e-02 9.841472e-08 1.082529e-01  88.2%
Clock                0.000000e+00 0.000000e+00 0.000000e+00 0.000000e+00   0.0%
Macro                0.000000e+00 0.000000e+00 0.000000e+00 0.000000e+00   0.0%
Pad                  0.000000e+00 0.000000e+00 0.000000e+00 0.000000e+00   0.0%
------------------------------------------------------------------------
Total                6.444812e-02 5.822326e-02 1.250906e-07 1.226715e-01 100.0%
                            52.5%        47.5%         0.0%

