Clock: clk
Sources: clk 
Generated: no
Virtual: yes
Propagated: no
Period: 8.000000

===========================================================================
report_clock_properties
============================================================================
Clock                   Period          Waveform
----------------------------------------------------
clk                   8.000000    0.000000  4.000000

===========================================================================
report_clock_latency
============================================================================
Clock clk
rise -> rise
    min     max
0.000000 0.000000 source latency
0.181577         network latency _8_/CLK
        0.182102 network latency _9_/CLK
---------------
0.181577 0.182102 latency
        0.000524 skew

fall -> fall
    min     max
0.000000 0.000000 source latency
0.184266         network latency _8_/CLK
        0.184748 network latency _9_/CLK
---------------
0.184266 0.184748 latency
        0.000482 skew



===========================================================================
report_clock_min_period
============================================================================
clk period_min = 0.00 fmax = inf
