
===========================================================================
report_checks -path_delay max (Setup)
============================================================================
======================= min_ff_n40C_1v95 Corner ===================================

Startpoint: _8_ (rising edge-triggered flip-flop clocked by clk)
Endpoint: sum (output port clocked by clk)
Path Group: clk
Path Type: max

Fanout         Cap        Slew       Delay        Time   Description
---------------------------------------------------------------------------------------------
                                  0.000000    0.000000   clock clk (rise edge)
                                  0.000000    0.000000   clock source latency
     1    0.009404    0.036494    0.023625    0.023625 ^ clk (in)
                                                         clk (net)
                      0.036495    0.000000    0.023625 ^ clkbuf_0_clk/A (sky130_fd_sc_hd__clkbuf_16)
     2    0.018874    0.030425    0.085325    0.108950 ^ clkbuf_0_clk/X (sky130_fd_sc_hd__clkbuf_16)
                                                         clknet_0_clk (net)
                      0.030425    0.000198    0.109148 ^ clkbuf_1_0__f_clk/A (sky130_fd_sc_hd__clkbuf_16)
     1    0.003606    0.019997    0.072379    0.181527 ^ clkbuf_1_0__f_clk/X (sky130_fd_sc_hd__clkbuf_16)
                                                         clknet_1_0__leaf_clk (net)
                      0.019997    0.000050    0.181577 ^ _8_/CLK (sky130_fd_sc_hd__dfrtp_1)
     1    0.003270    0.029486    0.219338    0.400915 v _8_/Q (sky130_fd_sc_hd__dfrtp_1)
                                                         net6 (net)
                      0.029486    0.000047    0.400962 v output6/A (sky130_fd_sc_hd__buf_2)
     1    0.034823    0.063490    0.117925    0.518887 v output6/X (sky130_fd_sc_hd__buf_2)
                                                         sum (net)
                      0.063492    0.000384    0.519270 v sum (out)
                                              0.519270   data arrival time

                                  8.000000    8.000000   clock clk (rise edge)
                                  0.000000    8.000000   clock network delay (propagated)
                                 -0.250000    7.750000   clock uncertainty
                                  0.000000    7.750000   clock reconvergence pessimism
                                 -1.600000    6.150000   output external delay
                                              6.150000   data required time
---------------------------------------------------------------------------------------------
                                              6.150000   data required time
                                             -0.519270   data arrival time
---------------------------------------------------------------------------------------------
                                              5.630729   slack (MET)


Startpoint: _9_ (rising edge-triggered flip-flop clocked by clk)
Endpoint: cout (output port clocked by clk)
Path Group: clk
Path Type: max

Fanout         Cap        Slew       Delay        Time   Description
---------------------------------------------------------------------------------------------
                                  0.000000    0.000000   clock clk (rise edge)
                                  0.000000    0.000000   clock source latency
     1    0.009404    0.036494    0.023625    0.023625 ^ clk (in)
                                                         clk (net)
                      0.036495    0.000000    0.023625 ^ clkbuf_0_clk/A (sky130_fd_sc_hd__clkbuf_16)
     2    0.018874    0.030425    0.085325    0.108950 ^ clkbuf_0_clk/X (sky130_fd_sc_hd__clkbuf_16)
                                                         clknet_0_clk (net)
                      0.030426    0.000211    0.109161 ^ clkbuf_1_1__f_clk/A (sky130_fd_sc_hd__clkbuf_16)
     1    0.004184    0.020411    0.072873    0.182034 ^ clkbuf_1_1__f_clk/X (sky130_fd_sc_hd__clkbuf_16)
                                                         clknet_1_1__leaf_clk (net)
                      0.020411    0.000068    0.182102 ^ _9_/CLK (sky130_fd_sc_hd__dfrtp_1)
     1    0.002081    0.025400    0.213418    0.395520 v _9_/Q (sky130_fd_sc_hd__dfrtp_1)
                                                         net5 (net)
                      0.025400    0.000018    0.395538 v output5/A (sky130_fd_sc_hd__buf_2)
     1    0.034055    0.062267    0.115463    0.511001 v output5/X (sky130_fd_sc_hd__buf_2)
                                                         cout (net)
                      0.062267    0.000179    0.511180 v cout (out)
                                              0.511180   data arrival time

                                  8.000000    8.000000   clock clk (rise edge)
                                  0.000000    8.000000   clock network delay (propagated)
                                 -0.250000    7.750000   clock uncertainty
                                  0.000000    7.750000   clock reconvergence pessimism
                                 -1.600000    6.150000   output external delay
                                              6.150000   data required time
---------------------------------------------------------------------------------------------
                                              6.150000   data required time
                                             -0.511180   data arrival time
---------------------------------------------------------------------------------------------
                                              5.638819   slack (MET)


Startpoint: b (input port clocked by clk)
Endpoint: _8_ (rising edge-triggered flip-flop clocked by clk)
Path Group: clk
Path Type: max

Fanout         Cap        Slew       Delay        Time   Description
---------------------------------------------------------------------------------------------
                                  0.000000    0.000000   clock clk (rise edge)
                                  0.000000    0.000000   clock network delay (propagated)
                                  1.600000    1.600000 v input external delay
     1    0.002693    0.004574    0.002166    1.602166 v b (in)
                                                         b (net)
                      0.004574    0.000000    1.602166 v input2/A (sky130_fd_sc_hd__buf_1)
     2    0.007865    0.036418    0.062746    1.664912 v input2/X (sky130_fd_sc_hd__buf_1)
                                                         net2 (net)
                      0.036418    0.000049    1.664960 v _5_/A (sky130_fd_sc_hd__xnor2_1)
     2    0.008243    0.162657    0.156643    1.821603 ^ _5_/Y (sky130_fd_sc_hd__xnor2_1)
                                                         _2_ (net)
                      0.162657    0.000040    1.821643 ^ _7_/B (sky130_fd_sc_hd__xnor2_1)
     1    0.004852    0.047716    0.054738    1.876381 v _7_/Y (sky130_fd_sc_hd__xnor2_1)
                                                         sum_comb (net)
                      0.047732    0.000085    1.876466 v _8_/D (sky130_fd_sc_hd__dfrtp_1)
                                              1.876466   data arrival time

                                  8.000000    8.000000   clock clk (rise edge)
                                  0.000000    8.000000   clock source latency
     1    0.009404    0.036494    0.023625    8.023624 ^ clk (in)
                                                         clk (net)
                      0.036495    0.000000    8.023624 ^ clkbuf_0_clk/A (sky130_fd_sc_hd__clkbuf_16)
     2    0.018874    0.030425    0.085326    8.108951 ^ clkbuf_0_clk/X (sky130_fd_sc_hd__clkbuf_16)
                                                         clknet_0_clk (net)
                      0.030425    0.000198    8.109148 ^ clkbuf_1_0__f_clk/A (sky130_fd_sc_hd__clkbuf_16)
     1    0.003606    0.019997    0.072379    8.181527 ^ clkbuf_1_0__f_clk/X (sky130_fd_sc_hd__clkbuf_16)
                                                         clknet_1_0__leaf_clk (net)
                      0.019997    0.000051    8.181578 ^ _8_/CLK (sky130_fd_sc_hd__dfrtp_1)
                                 -0.250000    7.931577   clock uncertainty
                                  0.000000    7.931577   clock reconvergence pessimism
                                 -0.079221    7.852356   library setup time
                                              7.852356   data required time
---------------------------------------------------------------------------------------------
                                              7.852356   data required time
                                             -1.876466   data arrival time
---------------------------------------------------------------------------------------------
                                              5.975891   slack (MET)


Startpoint: b (input port clocked by clk)
Endpoint: _9_ (rising edge-triggered flip-flop clocked by clk)
Path Group: clk
Path Type: max

Fanout         Cap        Slew       Delay        Time   Description
---------------------------------------------------------------------------------------------
                                  0.000000    0.000000   clock clk (rise edge)
                                  0.000000    0.000000   clock network delay (propagated)
                                  1.600000    1.600000 v input external delay
     1    0.002693    0.004574    0.002166    1.602166 v b (in)
                                                         b (net)
                      0.004574    0.000000    1.602166 v input2/A (sky130_fd_sc_hd__buf_1)
     2    0.007865    0.036418    0.062746    1.664912 v input2/X (sky130_fd_sc_hd__buf_1)
                                                         net2 (net)
                      0.036418    0.000049    1.664960 v _5_/A (sky130_fd_sc_hd__xnor2_1)
     2    0.008243    0.162657    0.156643    1.821603 ^ _5_/Y (sky130_fd_sc_hd__xnor2_1)
                                                         _2_ (net)
                      0.162657    0.000043    1.821647 ^ _6_/A2 (sky130_fd_sc_hd__o21ai_1)
     1    0.003536    0.041692    0.043157    1.864804 v _6_/Y (sky130_fd_sc_hd__o21ai_1)
                                                         cout_comb (net)
                      0.041692    0.000039    1.864843 v _9_/D (sky130_fd_sc_hd__dfrtp_1)
                                              1.864843   data arrival time

                                  8.000000    8.000000   clock clk (rise edge)
                                  0.000000    8.000000   clock source latency
     1    0.009404    0.036494    0.023625    8.023624 ^ clk (in)
                                                         clk (net)
                      0.036495    0.000000    8.023624 ^ clkbuf_0_clk/A (sky130_fd_sc_hd__clkbuf_16)
     2    0.018874    0.030425    0.085326    8.108951 ^ clkbuf_0_clk/X (sky130_fd_sc_hd__clkbuf_16)
                                                         clknet_0_clk (net)
                      0.030426    0.000210    8.109160 ^ clkbuf_1_1__f_clk/A (sky130_fd_sc_hd__clkbuf_16)
     1    0.004184    0.020411    0.072873    8.182034 ^ clkbuf_1_1__f_clk/X (sky130_fd_sc_hd__clkbuf_16)
                                                         clknet_1_1__leaf_clk (net)
                      0.020411    0.000068    8.182101 ^ _9_/CLK (sky130_fd_sc_hd__dfrtp_1)
                                 -0.250000    7.932101   clock uncertainty
                                  0.000000    7.932101   clock reconvergence pessimism
                                 -0.077023    7.855079   library setup time
                                              7.855079   data required time
---------------------------------------------------------------------------------------------
                                              7.855079   data required time
                                             -1.864843   data arrival time
---------------------------------------------------------------------------------------------
                                              5.990236   slack (MET)


Startpoint: rst_n (input port clocked by clk)
Endpoint: _8_ (recovery check against rising-edge clock clk)
Path Group: asynchronous
Path Type: max

Fanout         Cap        Slew       Delay        Time   Description
---------------------------------------------------------------------------------------------
                                  0.000000    0.000000   clock clk (rise edge)
                                  0.000000    0.000000   clock network delay (propagated)
                                  1.600000    1.600000 ^ input external delay
     1    0.003013    0.014675    0.007778    1.607777 ^ rst_n (in)
                                                         rst_n (net)
                      0.014675    0.000000    1.607777 ^ input4/A (sky130_fd_sc_hd__buf_1)
     2    0.008475    0.079658    0.081297    1.689074 ^ input4/X (sky130_fd_sc_hd__buf_1)
                                                         net4 (net)
                      0.079658    0.000058    1.689132 ^ _8_/RESET_B (sky130_fd_sc_hd__dfrtp_1)
                                              1.689132   data arrival time

                                  8.000000    8.000000   clock clk (rise edge)
                                  0.000000    8.000000   clock source latency
     1    0.009404    0.036494    0.023625    8.023624 ^ clk (in)
                                                         clk (net)
                      0.036495    0.000000    8.023624 ^ clkbuf_0_clk/A (sky130_fd_sc_hd__clkbuf_16)
     2    0.018874    0.030425    0.085326    8.108951 ^ clkbuf_0_clk/X (sky130_fd_sc_hd__clkbuf_16)
                                                         clknet_0_clk (net)
                      0.030425    0.000198    8.109148 ^ clkbuf_1_0__f_clk/A (sky130_fd_sc_hd__clkbuf_16)
     1    0.003606    0.019997    0.072379    8.181527 ^ clkbuf_1_0__f_clk/X (sky130_fd_sc_hd__clkbuf_16)
                                                         clknet_1_0__leaf_clk (net)
                      0.019997    0.000051    8.181578 ^ _8_/CLK (sky130_fd_sc_hd__dfrtp_1)
                                 -0.250000    7.931577   clock uncertainty
                                  0.000000    7.931577   clock reconvergence pessimism
                                  0.132897    8.064475   library recovery time
                                              8.064475   data required time
---------------------------------------------------------------------------------------------
                                              8.064475   data required time
                                             -1.689132   data arrival time
---------------------------------------------------------------------------------------------
                                              6.375343   slack (MET)


Startpoint: rst_n (input port clocked by clk)
Endpoint: _9_ (recovery check against rising-edge clock clk)
Path Group: asynchronous
Path Type: max

Fanout         Cap        Slew       Delay        Time   Description
---------------------------------------------------------------------------------------------
                                  0.000000    0.000000   clock clk (rise edge)
                                  0.000000    0.000000   clock network delay (propagated)
                                  1.600000    1.600000 ^ input external delay
     1    0.003013    0.014675    0.007778    1.607777 ^ rst_n (in)
                                                         rst_n (net)
                      0.014675    0.000000    1.607777 ^ input4/A (sky130_fd_sc_hd__buf_1)
     2    0.008475    0.079658    0.081297    1.689074 ^ input4/X (sky130_fd_sc_hd__buf_1)
                                                         net4 (net)
                      0.079658    0.000077    1.689151 ^ _9_/RESET_B (sky130_fd_sc_hd__dfrtp_1)
                                              1.689151   data arrival time

                                  8.000000    8.000000   clock clk (rise edge)
                                  0.000000    8.000000   clock source latency
     1    0.009404    0.036494    0.023625    8.023624 ^ clk (in)
                                                         clk (net)
                      0.036495    0.000000    8.023624 ^ clkbuf_0_clk/A (sky130_fd_sc_hd__clkbuf_16)
     2    0.018874    0.030425    0.085326    8.108951 ^ clkbuf_0_clk/X (sky130_fd_sc_hd__clkbuf_16)
                                                         clknet_0_clk (net)
                      0.030426    0.000210    8.109160 ^ clkbuf_1_1__f_clk/A (sky130_fd_sc_hd__clkbuf_16)
     1    0.004184    0.020411    0.072873    8.182034 ^ clkbuf_1_1__f_clk/X (sky130_fd_sc_hd__clkbuf_16)
                                                         clknet_1_1__leaf_clk (net)
                      0.020411    0.000068    8.182101 ^ _9_/CLK (sky130_fd_sc_hd__dfrtp_1)
                                 -0.250000    7.932101   clock uncertainty
                                  0.000000    7.932101   clock reconvergence pessimism
                                  0.132960    8.065062   library recovery time
                                              8.065062   data required time
---------------------------------------------------------------------------------------------
                                              8.065062   data required time
                                             -1.689151   data arrival time
---------------------------------------------------------------------------------------------
                                              6.375911   slack (MET)



