
===========================================================================
 report_power
============================================================================
======================= min_ff_n40C_1v95 Corner ===================================

Group                    Internal    Switching      Leakage        Total
                            Power        Power        Power        Power (Watts)
------------------------------------------------------------------------
Sequential           1.329437e-05 3.442716e-07 2.829226e-11 1.363867e-05  12.7%
Combinational        2.559984e-06 5.900700e-06 4.918663e-11 8.460733e-06   7.9%
Clock                7.294740e-05 1.267395e-05 3.207156e-10 8.562167e-05  79.5%
Macro                0.000000e+00 0.000000e+00 0.000000e+00 0.000000e+00   0.0%
Pad                  0.000000e+00 0.000000e+00 0.000000e+00 0.000000e+00   0.0%
------------------------------------------------------------------------
Total                8.880175e-05 1.891892e-05 3.981946e-10 1.077211e-04 100.0%
                            82.4%        17.6%         0.0%

