┏━━━━━━━━━━━━━━━━━━━━━━┳━━━━━━━━━━┳━━━━━━━━━━┳━━━━━━━━━━┳━━━━━━━━━━┳━━━━━━━━━━━┳━━━━━━━━━━┳━━━━━━━━━━━┳━━━━━━━━━━┳━━━━━━━━━━━┳━━━━━━━━━━┳━━━━━━━━━━━┳━━━━━━━━━━┓
┃                      ┃ Hold     ┃ Reg to   ┃          ┃          ┃ of which  ┃ Setup    ┃           ┃          ┃           ┃ of which ┃           ┃          ┃
┃                      ┃ Worst    ┃ Reg      ┃          ┃ Hold Vio ┃ reg to    ┃ Worst    ┃ Reg to    ┃ Setup    ┃ Setup Vio ┃ reg to   ┃ Max Cap   ┃ Max Slew ┃
┃ Corner/Group         ┃ Slack    ┃ Paths    ┃ Hold TNS ┃ Count    ┃ reg       ┃ Slack    ┃ Reg Paths ┃ TNS      ┃ Count     ┃ reg      ┃ Violatio… ┃ Violati… ┃
┡━━━━━━━━━━━━━━━━━━━━━━╇━━━━━━━━━━╇━━━━━━━━━━╇━━━━━━━━━━╇━━━━━━━━━━╇━━━━━━━━━━━╇━━━━━━━━━━╇━━━━━━━━━━━╇━━━━━━━━━━╇━━━━━━━━━━━╇━━━━━━━━━━╇━━━━━━━━━━━╇━━━━━━━━━━┩
│ Overall              │ 0.0893   │ 0.0893   │ 0.0000   │ 0        │ 0         │ 0.3450   │ 5.5800    │ 0.0000   │ 0         │ 0        │ 5         │ 486      │
│ nom_tt_025C_1v80     │ 0.2751   │ 0.2751   │ 0.0000   │ 0        │ 0         │ 2.0421   │ 7.7779    │ 0.0000   │ 0         │ 0        │ 0         │ 172      │
│ nom_ss_100C_1v60     │ 0.7918   │ 0.7918   │ 0.0000   │ 0        │ 0         │ 0.3450   │ 5.5800    │ 0.0000   │ 0         │ 0        │ 5         │ 486      │
│ nom_ff_n40C_1v95     │ 0.0893   │ 0.0893   │ 0.0000   │ 0        │ 0         │ 2.6279   │ 8.5013    │ 0.0000   │ 0         │ 0        │ 0         │ 106      │
└──────────────────────┴──────────┴──────────┴──────────┴──────────┴───────────┴──────────┴───────────┴──────────┴───────────┴──────────┴───────────┴──────────┘
