
===========================================================================
report_checks -unconstrained
===========================================================================
======================= nom_tt_025C_1v80 Corner ===================================

Startpoint: clk_in (input port clocked by clk)
Endpoint: clk_periph (output port clocked by clk)
Path Group: clk
Path Type: max

Fanout         Cap        Slew       Delay        Time   Description
---------------------------------------------------------------------------------------------
                      0.000000    0.000000    0.000000   clock clk (rise edge)
                                  0.000000    0.000000   clock network delay (ideal)
                                  2.000000    2.000000 ^ input external delay
    26    0.047812    0.222235    0.151738    2.151738 ^ clk_in (in)
                                                         clk_in (net)
                      0.222235    0.000000    2.151738 ^ _070_/A (sky130_fd_sc_hd__and2_2)
     1    0.033442    0.181256    0.295686    2.447424 ^ _070_/X (sky130_fd_sc_hd__and2_2)
                                                         clk_periph (net)
                      0.181256    0.000000    2.447424 ^ clk_periph (out)
                                              2.447424   data arrival time

                      0.000000   10.000000   10.000000   clock clk (rise edge)
                                  0.000000   10.000000   clock network delay (ideal)
                                 -0.250000    9.750000   clock uncertainty
                                  0.000000    9.750000   clock reconvergence pessimism
                                 -2.000000    7.750000   output external delay
                                              7.750000   data required time
---------------------------------------------------------------------------------------------
                                              7.750000   data required time
                                             -2.447424   data arrival time
---------------------------------------------------------------------------------------------
                                              5.302576   slack (MET)




===========================================================================
report_checks --slack_max -0.01
============================================================================
======================= nom_tt_025C_1v80 Corner ===================================

No paths found.


===========================================================================
 report_check_types -max_slew -max_cap -max_fanout -violators
============================================================================
======================= nom_tt_025C_1v80 Corner ===================================

max fanout

Pin                                   Limit Fanout  Slack
---------------------------------------------------------
clk_in                                   10     26    -16 (VIOLATED)
por_n                                    10     11        (VIOLATED)



===========================================================================
report_parasitic_annotation -report_unannotated
============================================================================
Found 101 unannotated drivers.
 clk_in
 core_clk_en
 ext_rst_n
 ndmreset
 periph_clk_en
 por_n
 soft_rst_pulse
 test_en
 _059_/Y
 _060_/Y
 _061_/Y
 _062_/Y
 _063_/X
 _064_/X
 _065_/Y
 _066_/X
 _067_/X
 _068_/X
 _069_/X
 _070_/X
 _071_/X
 _072_/X
 _073_/Y
 _074_/X
 _075_/Y
 _076_/Y
 _077_/Y
 _078_/Y
 _079_/X
 _080_/X
 _081_/Y
 _082_/Y
 _083_/Y
 _084_/Y
 _085_/Y
 _086_/Y
 _087_/Y
 _088_/X
 _089_/X
 _090_/Y
 _091_/X
 _092_/Y
 _093_/Y
 _094_/Y
 _095_/Y
 _096_/Y
 _097_/Y
 _098_/Y
 _099_/X
 _100_/Y
 _101_/Y
 _102_/X
 _103_/Y
 _104_/Y
 _105_/Y
 _106_/Y
 _107_/Y
 _108_/Y
 _109_/X
 _110_/X
 _111_/X
 _112_/X
 _113_/Y
 _114_/Y
 _115_/X
 _116_/Y
 _117_/Y
 _118_/X
 _119_/X
 _120_/Y
 _121_/Q
 _122_/Q
 _123_/Q
 _124_/Q
 _125_/Q
 _126_/Q
 _127_/Q
 _128_/Q
 _129_/Q
 _130_/Q
 _131_/Q
 _132_/Q
 _133_/Q
 _134_/Q
 _135_/Q
 _136_/Q
 _137_/Q
 _138_/Q
 _139_/Q
 _140_/Q
 _141_/Q
 _142_/Q
 _143_/Q
 _144_/Q
 _145_/HI
 _145_/LO
 _146_/HI
 _146_/LO
 _147_/HI
 _147_/LO
 _148_/X
Found 0 partially unannotated drivers.

===========================================================================
max slew violation count 0
max fanout violation count 2
max cap violation count 0
============================================================================

===========================================================================
check_setup -verbose -unconstrained_endpoints -multiple_clock -no_clock -no_input_delay -loops -generated_clocks
===========================================================================
Warning: There are 24 unclocked register/latch pins.
  _121_/CLK
  _122_/CLK
  _123_/CLK
  _124_/CLK
  _125_/CLK
  _126_/CLK
  _127_/CLK
  _128_/CLK
  _129_/CLK
  _130_/CLK
  _131_/CLK
  _132_/CLK
  _133_/CLK
  _134_/CLK
  _135_/CLK
  _136_/CLK
  _137_/CLK
  _138_/CLK
  _139_/CLK
  _140_/CLK
  _141_/CLK
  _142_/CLK
  _143_/GATE_N
  _144_/GATE_N
Warning: There are 27 unconstrained endpoints.
  cpu_rst_n
  fabric_rst_n
  periph_rst_n
  _121_/D
  _122_/D
  _123_/D
  _124_/D
  _125_/D
  _126_/D
  _127_/D
  _128_/D
  _129_/D
  _130_/D
  _131_/D
  _132_/D
  _133_/D
  _134_/D
  _135_/D
  _136_/D
  _137_/D
  _138_/D
  _139_/D
  _140_/D
  _141_/D
  _142_/D
  _143_/D
  _144_/D
