
===========================================================================
 report_power
============================================================================
======================= nom_tt_025C_1v80 Corner ===================================

Group                    Internal    Switching      Leakage        Total
                            Power        Power        Power        Power (Watts)
------------------------------------------------------------------------
Sequential           1.582082e-05 8.370441e-06 2.717832e-10 2.419153e-05  47.8%
Combinational        1.780110e-05 8.625167e-06 2.256844e-10 2.642649e-05  52.2%
Clock                0.000000e+00 0.000000e+00 0.000000e+00 0.000000e+00   0.0%
Macro                0.000000e+00 0.000000e+00 0.000000e+00 0.000000e+00   0.0%
Pad                  0.000000e+00 0.000000e+00 0.000000e+00 0.000000e+00   0.0%
------------------------------------------------------------------------
Total                3.362193e-05 1.699561e-05 4.974676e-10 5.061804e-05 100.0%
                            66.4%        33.6%         0.0%

