
Discarded input sections

 .comment       0x00000000       0x23 /tmp/ccjyblkX.o
 .riscv.attributes
                0x00000000       0x2a /tmp/ccjyblkX.o
 .riscv.attributes
                0x00000000       0x28 /tmp/ccSCaxtW.o

Memory Configuration

Name             Origin             Length             Attributes
ROM              0x00000000         0x00002000         xr
DMEM_DATA        0x10000000         0x00000800         xrw
DMEM_STACK       0x10001000         0x00001000         xrw
*default*        0x00000000         0xffffffff

Linker script and memory map

LOAD /tmp/ccjyblkX.o
LOAD /tmp/ccSCaxtW.o
                0x00000000                        . = 0x0

.text           0x00000000     0x13f4
 *(.text.start)
 .text.start    0x00000000       0x70 /tmp/ccSCaxtW.o
                0x00000000                _start
 *(.text*)
 .text          0x00000070     0x1348 /tmp/ccjyblkX.o
                0x000010d4                main
 .text          0x000013b8        0x0 /tmp/ccSCaxtW.o
                0x000013b8                        . = ALIGN (0x4)
 *(.rodata*)
 .rodata        0x000013b8       0x3b /tmp/ccjyblkX.o
 *(.srodata*)
 *(.sdata2*)
                0x000013f4                        . = ALIGN (0x4)
 *fill*         0x000013f3        0x1 
                0x000013f4                        __data_load = LOADADDR (.data)

.rela.dyn       0x000013f4        0x0
 .rela.text.start
                0x000013f4        0x0 /tmp/ccjyblkX.o

.data           0x10000000        0x0 load address 0x000013f4
                0x10000000                        __data_start = .
 *(.data*)
 .data          0x10000000        0x0 /tmp/ccjyblkX.o
 .data          0x10000000        0x0 /tmp/ccSCaxtW.o
 *(.sdata*)
                0x10000000                        . = ALIGN (0x4)
                0x10000000                        __data_end = .

.bss            0x10000000        0x0 load address 0x000013f4
                0x10000000                        __bss_start = .
 *(.bss*)
 .bss           0x10000000        0x0 /tmp/ccjyblkX.o
 .bss           0x10000000        0x0 /tmp/ccSCaxtW.o
 *(.sbss*)
 *(COMMON)
                0x10000000                        . = ALIGN (0x4)
                0x10000000                        __bss_end = .

.stack          0x10001000     0x1000
                0x10001000                        __stack_bottom = .
                0x10002000                        . = (. + LENGTH (DMEM_STACK))
 *fill*         0x10001000     0x1000 
                0x10002000                        __stack_top = .

/DISCARD/
 *(.comment)
 *(.note*)
 *(.riscv.attributes)
 *(.debug*)
                0x00000001                        ASSERT ((__bss_end <= 0x10000800), ERROR: .bss tran qua 2KB DMEM_DATA! Tang DMEM_DATA hoac giam bien global.)
                0x00000001                        ASSERT ((__stack_bottom >= 0x10001000), ERROR: __stack_bottom sai — DMEM_STACK phai bat dau tu 0x10001000.)
                0x00000001                        ASSERT ((__stack_top == 0x10002000), ERROR: __stack_top != 0x10002000 — kiem tra DMEM_STACK LENGTH (phai = 4K).)
                0x00000001                        ASSERT ((__bss_end <= __stack_bottom), ERROR: BSS/data tran vao vung stack!)
OUTPUT(main.elf elf32-littleriscv)
