
Discarded input sections

 .comment       0x00000000       0x23 /tmp/ccrqFjES.o
 .riscv.attributes
                0x00000000       0x33 /tmp/ccrqFjES.o
 .riscv.attributes
                0x00000000       0x35 /tmp/ccEVQk7A.o

Memory Configuration

Name             Origin             Length             Attributes
ROM              0x00000000         0x00002000         xr
DMEM_DATA        0x10000000         0x00000800         xrw
DMEM_STACK       0x10001000         0x00000ff0         xrw
*default*        0x00000000         0xffffffff

Linker script and memory map

LOAD /tmp/ccrqFjES.o
LOAD /tmp/ccEVQk7A.o
                0x00000000                        . = 0x0

.text           0x00000000      0x580
 *(.text.start)
 .text.start    0x00000000       0x80 /tmp/ccEVQk7A.o
                0x00000000                _start
                0x0000007c                trap_handler
 *(.text*)
 .text          0x00000080      0x500 /tmp/ccrqFjES.o
                0x0000050c                main
 .text          0x00000580        0x0 /tmp/ccEVQk7A.o
                0x00000580                        . = ALIGN (0x4)
                0x00000580                        __data_load = LOADADDR (.data)

.rela.dyn       0x00000580        0x0
 .rela.text.start
                0x00000580        0x0 /tmp/ccrqFjES.o

.data           0x10000000       0x3c load address 0x00000580
                0x10000000                        __data_start = .
 *(.rodata*)
 .rodata        0x10000000       0x3b /tmp/ccrqFjES.o
 *(.srodata*)
 *(.sdata2*)
 *(.data*)
 .data          0x1000003b        0x0 /tmp/ccrqFjES.o
 .data          0x1000003b        0x0 /tmp/ccEVQk7A.o
 *(.sdata*)
                0x1000003c                        . = ALIGN (0x4)
 *fill*         0x1000003b        0x1 
                0x1000003c                        __data_end = .

.bss            0x1000003c        0x0 load address 0x000005bc
                0x1000003c                        __bss_start = .
 *(.bss*)
 .bss           0x1000003c        0x0 /tmp/ccrqFjES.o
 .bss           0x1000003c        0x0 /tmp/ccEVQk7A.o
 *(.sbss*)
 *(COMMON)
                0x1000003c                        . = ALIGN (0x4)
                0x1000003c                        __bss_end = .

.stack          0x10001000      0xff0
                0x10001000                        __stack_bottom = .
                0x10001ff0                        . = (. + LENGTH (DMEM_STACK))
 *fill*         0x10001000      0xff0 
                0x10001ff0                        __stack_top = .

/DISCARD/
 *(.comment)
 *(.note*)
 *(.riscv.attributes)
 *(.debug*)
                0x00000001                        ASSERT ((__bss_end <= 0x10000800), ERROR: .bss tran qua 2KB DMEM_DATA! Tang DMEM_DATA hoac giam bien global.)
                0x00000001                        ASSERT ((__stack_bottom >= 0x10001000), ERROR: __stack_bottom sai — DMEM_STACK phai bat dau tu 0x10001000.)
                0x00000001                        ASSERT ((__stack_top == 0x10001ff0), ERROR: __stack_top != 0x10001FF0 — kiem tra DMEM_STACK LENGTH.)
                0x00000001                        ASSERT ((__bss_end <= __stack_bottom), ERROR: BSS/data tran vao vung stack!)
OUTPUT(test_ascon.elf elf32-littleriscv)
