
Discarded input sections

 .comment       0x00000000       0x23 /tmp/ccFCO3Dp.o
 .riscv.attributes
                0x00000000       0x37 /tmp/ccFCO3Dp.o
 .riscv.attributes
                0x00000000       0x35 /tmp/ccmYzOE3.o

Memory Configuration

Name             Origin             Length             Attributes
ROM              0x00000000         0x00002000         xr
DMEM_DATA        0x10000000         0x00000800         xrw
DMEM_STACK       0x10001000         0x00000ff0         xrw
*default*        0x00000000         0xffffffff

Linker script and memory map

LOAD /tmp/ccFCO3Dp.o
LOAD /tmp/ccmYzOE3.o
                0x00000000                        . = 0x0

.text           0x00000000      0x928
 *(.text.start)
 .text.start    0x00000000       0x80 /tmp/ccmYzOE3.o
                0x00000000                _start
                0x0000007c                trap_handler
 *(.text*)
 .text          0x00000080      0x8a8 /tmp/ccFCO3Dp.o
                0x00000910                main
 .text          0x00000928        0x0 /tmp/ccmYzOE3.o
                0x00000928                        . = ALIGN (0x4)
                0x00000928                        __data_load = LOADADDR (.data)

.rela.dyn       0x00000928        0x0
 .rela.text.start
                0x00000928        0x0 /tmp/ccFCO3Dp.o

.data           0x10000000       0xb0 load address 0x00000928
                0x10000000                        __data_start = .
 *(.rodata*)
 .rodata        0x10000000       0xaf /tmp/ccFCO3Dp.o
 *(.srodata*)
 *(.sdata2*)
 *(.data*)
 .data          0x100000af        0x0 /tmp/ccFCO3Dp.o
 .data          0x100000af        0x0 /tmp/ccmYzOE3.o
 *(.sdata*)
                0x100000b0                        . = ALIGN (0x4)
 *fill*         0x100000af        0x1 
                0x100000b0                        __data_end = .

.bss            0x100000b0        0x0 load address 0x000009d8
                0x100000b0                        __bss_start = .
 *(.bss*)
 .bss           0x100000b0        0x0 /tmp/ccFCO3Dp.o
 .bss           0x100000b0        0x0 /tmp/ccmYzOE3.o
 *(.sbss*)
 *(COMMON)
                0x100000b0                        . = ALIGN (0x4)
                0x100000b0                        __bss_end = .

.stack          0x10001000      0xff0
                0x10001000                        __stack_bottom = .
                0x10001ff0                        . = (. + LENGTH (DMEM_STACK))
 *fill*         0x10001000      0xff0 
                0x10001ff0                        __stack_top = .

/DISCARD/
 *(.comment)
 *(.note*)
 *(.riscv.attributes)
 *(.debug*)
                0x00000001                        ASSERT ((__bss_end <= 0x10000800), ERROR: .bss tran qua 2KB DMEM_DATA! Tang DMEM_DATA hoac giam bien global.)
                0x00000001                        ASSERT ((__stack_bottom >= 0x10001000), ERROR: __stack_bottom sai — DMEM_STACK phai bat dau tu 0x10001000.)
                0x00000001                        ASSERT ((__stack_top == 0x10001ff0), ERROR: __stack_top != 0x10001FF0 — kiem tra DMEM_STACK LENGTH.)
                0x00000001                        ASSERT ((__bss_end <= __stack_bottom), ERROR: BSS/data tran vao vung stack!)
OUTPUT(test_ascon_dma_ad.elf elf32-littleriscv)
