
Discarded input sections

 .comment       0x00000000       0x23 /tmp/ccJvIFCL.o
 .riscv.attributes
                0x00000000       0x37 /tmp/ccJvIFCL.o
 .riscv.attributes
                0x00000000       0x35 /tmp/ccHSmmGf.o

Memory Configuration

Name             Origin             Length             Attributes
ROM              0x00000000         0x00002000         xr
DMEM_DATA        0x10000000         0x00000800         xrw
DMEM_STACK       0x10001000         0x00000ff0         xrw
*default*        0x00000000         0xffffffff

Linker script and memory map

LOAD /tmp/ccJvIFCL.o
LOAD /tmp/ccHSmmGf.o
                0x00000000                        . = 0x0

.text           0x00000000     0x19b0
 *(.text.start)
 .text.start    0x00000000       0x80 /tmp/ccHSmmGf.o
                0x00000000                _start
                0x0000007c                trap_handler
 *(.text*)
 .text          0x00000080     0x1930 /tmp/ccJvIFCL.o
                0x0000182c                main
 .text          0x000019b0        0x0 /tmp/ccHSmmGf.o
                0x000019b0                        . = ALIGN (0x4)
                0x000019b0                        __data_load = LOADADDR (.data)

.rela.dyn       0x000019b0        0x0
 .rela.text.start
                0x000019b0        0x0 /tmp/ccJvIFCL.o

.data           0x10000000      0x118 load address 0x000019b0
                0x10000000                        __data_start = .
 *(.rodata*)
 .rodata        0x10000000      0x115 /tmp/ccJvIFCL.o
 *(.srodata*)
 *(.sdata2*)
 *(.data*)
 .data          0x10000115        0x0 /tmp/ccJvIFCL.o
 .data          0x10000115        0x0 /tmp/ccHSmmGf.o
 *(.sdata*)
                0x10000118                        . = ALIGN (0x4)
 *fill*         0x10000115        0x3 
                0x10000118                        __data_end = .

.bss            0x10000118       0x18 load address 0x00001ac8
                0x10000118                        __bss_start = .
 *(.bss*)
 .bss           0x10000118       0x18 /tmp/ccJvIFCL.o
 .bss           0x10000130        0x0 /tmp/ccHSmmGf.o
 *(.sbss*)
 *(COMMON)
                0x10000130                        . = ALIGN (0x4)
                0x10000130                        __bss_end = .

.stack          0x10001000      0xff0
                0x10001000                        __stack_bottom = .
                0x10001ff0                        . = (. + LENGTH (DMEM_STACK))
 *fill*         0x10001000      0xff0 
                0x10001ff0                        __stack_top = .

/DISCARD/
 *(.comment)
 *(.note*)
 *(.riscv.attributes)
 *(.debug*)
                0x00000001                        ASSERT ((__bss_end <= 0x10000800), ERROR: .bss tran qua 2KB DMEM_DATA! Tang DMEM_DATA hoac giam bien global.)
                0x00000001                        ASSERT ((__stack_bottom >= 0x10001000), ERROR: __stack_bottom sai — DMEM_STACK phai bat dau tu 0x10001000.)
                0x00000001                        ASSERT ((__stack_top == 0x10001ff0), ERROR: __stack_top != 0x10001FF0 — kiem tra DMEM_STACK LENGTH.)
                0x00000001                        ASSERT ((__bss_end <= __stack_bottom), ERROR: BSS/data tran vao vung stack!)
OUTPUT(test_integration.elf elf32-littleriscv)
