
Discarded input sections

 .comment       0x00000000       0x23 /tmp/ccKq7JlO.o
 .riscv.attributes
                0x00000000       0x37 /tmp/ccKq7JlO.o
 .riscv.attributes
                0x00000000       0x35 /tmp/ccLj5v9R.o

Memory Configuration

Name             Origin             Length             Attributes
ROM              0x00000000         0x00002000         xr
DMEM_DATA        0x10000000         0x00000800         xrw
DMEM_STACK       0x10001000         0x00000ff0         xrw
*default*        0x00000000         0xffffffff

Linker script and memory map

LOAD /tmp/ccKq7JlO.o
LOAD /tmp/ccLj5v9R.o
                0x00000000                        . = 0x0

.text           0x00000000     0x1924
 *(.text.start)
 .text.start    0x00000000       0x2c /tmp/ccLj5v9R.o
                0x00000000                _start
                0x00000028                trap_handler
 *(.text*)
 .text          0x0000002c     0x18f8 /tmp/ccKq7JlO.o
                0x000017a0                main
 .text          0x00001924        0x0 /tmp/ccLj5v9R.o
                0x00001924                        . = ALIGN (0x4)
                0x00001924                        __data_load = LOADADDR (.data)

.rela.dyn       0x00001924        0x0
 .rela.text.start
                0x00001924        0x0 /tmp/ccKq7JlO.o

.data           0x10000000       0xb8 load address 0x00001924
                0x10000000                        __data_start = .
 *(.rodata*)
 .rodata        0x10000000       0xb5 /tmp/ccKq7JlO.o
 *(.srodata*)
 *(.sdata2*)
 *(.data*)
 .data          0x100000b5        0x0 /tmp/ccKq7JlO.o
 .data          0x100000b5        0x0 /tmp/ccLj5v9R.o
 *(.sdata*)
                0x100000b8                        . = ALIGN (0x4)
 *fill*         0x100000b5        0x3 
                0x100000b8                        __data_end = .

.bss            0x100000b8       0x18 load address 0x000019dc
                0x100000b8                        __bss_start = .
 *(.bss*)
 .bss           0x100000b8       0x18 /tmp/ccKq7JlO.o
 .bss           0x100000d0        0x0 /tmp/ccLj5v9R.o
 *(.sbss*)
 *(COMMON)
                0x100000d0                        . = ALIGN (0x4)
                0x100000d0                        __bss_end = .

.stack          0x10001000      0xff0
                0x10001000                        __stack_bottom = .
                0x10001ff0                        . = (. + LENGTH (DMEM_STACK))
 *fill*         0x10001000      0xff0 
                0x10001ff0                        __stack_top = .

/DISCARD/
 *(.comment)
 *(.note*)
 *(.riscv.attributes)
 *(.debug*)
                0x00000001                        ASSERT ((__bss_end <= 0x10000800), ERROR: .bss tran qua 2KB DMEM_DATA! Tang DMEM_DATA hoac giam bien global.)
                0x00000001                        ASSERT ((__stack_bottom >= 0x10001000), ERROR: __stack_bottom sai — DMEM_STACK phai bat dau tu 0x10001000.)
                0x00000001                        ASSERT ((__stack_top == 0x10001ff0), ERROR: __stack_top != 0x10001FF0 — kiem tra DMEM_STACK LENGTH.)
                0x00000001                        ASSERT ((__bss_end <= __stack_bottom), ERROR: BSS/data tran vao vung stack!)
OUTPUT(test_integration.elf elf32-littleriscv)
