
===========================================================================
 report_power
============================================================================
======================= nom_ff_n40C_1v95 Corner ===================================

Group                    Internal    Switching      Leakage        Total
                            Power        Power        Power        Power (Watts)
------------------------------------------------------------------------
Sequential           1.329637e-05 3.575516e-07 2.829226e-11 1.365395e-05  12.6%
Combinational        2.560012e-06 5.960697e-06 4.918663e-11 8.520758e-06   7.9%
Clock                7.296932e-05 1.300852e-05 3.207156e-10 8.597816e-05  79.5%
Macro                0.000000e+00 0.000000e+00 0.000000e+00 0.000000e+00   0.0%
Pad                  0.000000e+00 0.000000e+00 0.000000e+00 0.000000e+00   0.0%
------------------------------------------------------------------------
Total                8.882571e-05 1.932677e-05 3.981946e-10 1.081529e-04 100.0%
                            82.1%        17.9%         0.0%

