Clock: clk
Sources: clk 
Generated: no
Virtual: no
Propagated: no
Period: 10.000000

===========================================================================
report_clock_properties
============================================================================
Clock                   Period          Waveform
----------------------------------------------------
clk                  10.000000    0.000000  5.000000

===========================================================================
report_clock_latency
============================================================================
Clock clk
rise -> rise
    min     max
0.000000 0.000000 source latency
20.531656         network latency _17168_/CLK
        20.531656 network latency _17168_/CLK
---------------
20.531656 20.531656 latency
        0.000000 skew

fall -> fall
    min     max
0.000000 0.000000 source latency
9.967787         network latency _17168_/CLK
        9.967787 network latency _17168_/CLK
---------------
9.967787 9.967787 latency
        0.000000 skew



===========================================================================
report_clock_min_period
============================================================================
clk period_min = 7.69 fmax = 130.08
