Clock: clk
Sources: clk 
Generated: no
Virtual: no
Propagated: no
Period: 10.000000

===========================================================================
report_clock_properties
============================================================================
Clock                   Period          Waveform
----------------------------------------------------
clk                  10.000000    0.000000  5.000000

===========================================================================
report_clock_latency
============================================================================
Clock clk
rise -> rise
    min     max
0.000000 0.000000 source latency
54.510983         network latency _43608_/CLK
        54.510983 network latency _43608_/CLK
---------------
54.510983 54.510983 latency
        0.000000 skew

fall -> fall
    min     max
0.000000 0.000000 source latency
30.102413         network latency _43608_/CLK
        30.102413 network latency _43608_/CLK
---------------
30.102413 30.102413 latency
        0.000000 skew



===========================================================================
report_clock_min_period
============================================================================
clk period_min = 52.55 fmax = 19.03
